I/JNI Log ( 3693): MY elasitcfusion Deformation struct sampleGraphModel 4
I/JNI Log ( 3693): MY elasitcfusion Deformation struct sampleGraphModel 5
I/JNI Log ( 3693): MY elasitcfusion Deformation struct sampleGraphModel 6
I/JNI Log ( 3693): MY elasitcfusion Deformation struct sampleGraphModel 2
I/JNI Log ( 3693): MY elasitcfusion Deformation struct sampleGraphModel 7
I/JNI Log ( 3693): MY elasitcfusion Deformation struct sampleGraphModel 8
I/JNI Log ( 3693): MY elasitcfusion Deformation struct sampleGraphModel 9 glBindTransformFeedback fid: 4
I/JNI Log ( 3693): MY elasitcfusion Deformation struct sampleGraphModel 10 glBindTransformFeedback fid: 4
I/JNI Log ( 3693): MY elasitcfusion Deformation struct sampleGraphModel 11 glBeginQuery
I/JNI Log ( 3693): MY elasitcfusion Deformation struct sampleGraphModel 12 glBeginQuery
I/JNI Log ( 3693): MY elasitcfusion Deformation struct sampleGraphModel 13 glDrawTransformFeedback model.second: 1
I/JNI Log ( 3693): MY elasitcfusion Deformation struct sampleGraphModel 14 glDrawTransformFeedback
I/JNI Log ( 3693): MY elasitcfusion Deformation struct sampleGraphModel 15 glEndQuery
I/JNI Log ( 3693): MY elasitcfusion Deformation struct sampleGraphModel 16 glEndQueryglEndQuery glGetQueryObjectuiv: countQuery: 2, count: 0
I/JNI Log ( 3693): MY elasitcfusion Deformation struct sampleGraphModel 17 glGetQueryObjectuiv: countQuery: 2, count: 0
I/JNI Log ( 3693): MY elasitcfusion Deformation struct sampleGraphModel 18 glBindTransformFeedback
I/JNI Log ( 3693): MY elasitcfusion Deformation struct sampleGraphModel 19 glBindTransformFeedback
I/JNI Log ( 3693): MY elasitcfusion Deformation struct sampleGraphModel 20
I/JNI Log ( 3693): MY elasitcfusion Deformation struct sampleGraphModel 21
I/JNI Log ( 3693): MY elasitcfusion Shader Unbind start
I/JNI Log ( 3693): MY elasitcfusion Shader Unbind done
I/JNI Log ( 3693): MY elasitcfusion Deformation struct sampleGraphModel 22
I/JNI Log ( 3693): MY elasitcfusion Deformation struct sampleGraphModel 23
I/JNI Log ( 3693): MY elasitcfusion Deformation struct sampleGraphModel 20 done
I/JNI Log ( 3693):  ElasticFusion struct Process frame  sampleGraph 1
I/JNI Log ( 3693): MY elasitcfusion Deformation struct sampleGraphFrom start 1
I/JNI Log ( 3693): MY elasitcfusion Deformation struct sampleGraphFrom done 1
I/JNI Log ( 3693):  ElasticFusion struct Process frame  sampleGraph done
I/JNI Log ( 3693): tock sampleGraph
I/JNI Log ( 3693): tick IndexMap::ACTIVE
I/JNI Log ( 3693): MY elasitcfusion struct predict 1  start 1111
I/JNI Log ( 3693): MY elasitcfusion struct predict 1   1111 b start
I/JNI Log ( 3693): MY elasitcfusion GlobalModel model(): : target: 0, renderSource:   1,  vbos[target].first : 1,  vbos[target].second : 1, vbos[renderSource].first: 2 , vbos[renderSource].second: 2
I/JNI Log ( 3693): MY elasitcfusion IndexMap::combinedPredict start 1 model:first:  1, second: 1
I/JNI Log ( 3693): MY elasitcfusion IndexMap::combinedPredict  2
I/JNI Log ( 3693): MY elasitcfusion IndexMap::combinedPredict  3
I/JNI Log ( 3693): GlFramebuffer Bind start
I/JNI Log ( 3693): GlFramebuffer Bind done
I/JNI Log ( 3693): MY elasitcfusion IndexMap::combinedPredict  3 1
I/JNI Log ( 3693): MY elasitcfusion IndexMap::combinedPredict 4
I/JNI Log ( 3693): MY elasitcfusion IndexMap::combinedPredict 5
I/JNI Log ( 3693): MY elasitcfusion IndexMap::combinedPredict 5 1
I/JNI Log ( 3693): MY elasitcfusion IndexMap::combinedPredict 6
I/JNI Log ( 3693): MY elasitcfusion IndexMap::combinedPredict 7
I/JNI Log ( 3693): check_gl_error IndexMap cpp My elastic-fusion CheckGlDieOnError after : MY elasitcfusion   GL_FRAMEBUFFER_UNSUPPORTED, GL_INVALID_FRAMEBUFFER_OPERATION() glError (0x506)
I/JNI Log ( 3693): MY elasitcfusion IndexMap::combinedPredict 8
I/JNI Log ( 3693): MY elasitcfusion Shader Bind start
I/JNI Log ( 3693): MY elasitcfusion Shader Bind done
I/JNI Log ( 3693): MY elasitcfusion IndexMap::combinedPredict 9
I/JNI Log ( 3693): MY elasitcfusion IndexMap::combinedPredict 10
I/JNI Log ( 3693): MY elasitcfusion IndexMap::combinedPredict 11
I/JNI Log ( 3693): MY elasitcfusion IndexMap::combinedPredict 12
I/JNI Log ( 3693): MY elasitcfusion IndexMap::combinedPredict 13
I/JNI Log ( 3693): MY elasitcfusion IndexMap::combinedPredict 14
I/JNI Log ( 3693): MY elasitcfusion IndexMap::combinedPredict 15
I/JNI Log ( 3693): MY elasitcfusion IndexMap::combinedPredict 16
I/JNI Log ( 3693): MY elasitcfusion IndexMap::combinedPredict 17 glDrawTransformFeedback:  model.second: 1
I/JNI Log ( 3693): MY elasitcfusion IndexMap::combinedPredict 18 glDrawTransformFeedback
I/JNI Log ( 3693): MY elasitcfusion IndexMap::combinedPredict 19
I/JNI Log ( 3693): MY elasitcfusion IndexMap::combinedPredict 20
I/JNI Log ( 3693): GlFramebuffer Unbind start
I/JNI Log ( 3693): GlFramebuffer Unbind done
I/JNI Log ( 3693): MY elasitcfusion IndexMap::combinedPredict 20 1
I/JNI Log ( 3693): MY elasitcfusion IndexMap::combinedPredict 21
I/JNI Log ( 3693): MY elasitcfusion Shader Unbind start
I/JNI Log ( 3693): MY elasitcfusion Shader Unbind done
I/JNI Log ( 3693): MY elasitcfusion IndexMap::combinedPredict 22
I/JNI Log ( 3693): MY elasitcfusion IndexMap::combinedPredict 23
I/JNI Log ( 3693): MY elasitcfusion IndexMap::combinedPredict 24
I/JNI Log ( 3693): MY elasitcfusion IndexMap::combinedPredict done 25
I/JNI Log ( 3693): MY elasitcfusion struct predict 1   1111 b done
I/JNI Log ( 3693): MY elasitcfusion struct predict combinedPredict done 0
I/JNI Log ( 3693): tick FillIn
I/JNI Log ( 3693): MY elasitcfusion FillIn vertex 1 start
I/JNI Log ( 3693): GlFramebuffer Bind start
I/JNI Log ( 3693): GlFramebuffer Bind done
I/JNI Log ( 3693): MY elasitcfusion FillIn vertex 2
I/JNI Log ( 3693): MY elasitcfusion FillIn vertex 3
I/JNI Log ( 3693): MY elasitcfusion FillIn vertex 4
I/JNI Log ( 3693): MY elasitcfusion FillIn vertex 5
I/JNI Log ( 3693): check_gl_error FillIn cpp My elastic-fusion CheckGlDieOnError after: MY elasitcfusion   GL_FRAMEBUFFER_UNSUPPORTED, GL_INVALID_FRAMEBUFFER_OPERATION() glError (0x506)
I/JNI Log ( 3693): MY elasitcfusion FillIn vertex 6
I/JNI Log ( 3693): MY elasitcfusion Shader Bind start
I/JNI Log ( 3693): MY elasitcfusion Shader Bind done
I/JNI Log ( 3693): MY elasitcfusion FillIn vertex 7
I/JNI Log ( 3693): MY elasitcfusion FillIn vertex 8
I/JNI Log ( 3693): MY elasitcfusion FillIn vertex 9
I/JNI Log ( 3693): MY elasitcfusion FillIn vertex 10
I/JNI Log ( 3693): MY elasitcfusion FillIn vertex 11
I/JNI Log ( 3693): MY elasitcfusion FillIn vertex 12
I/JNI Log ( 3693): MY elasitcfusion FillIn vertex 13
I/JNI Log ( 3693): MY elasitcfusion FillIn vertex 14
I/JNI Log ( 3693): check_gl_error FillIn cpp My elastic-fusion CheckGlDieOnError after: MY elasitcfusion   GL_FRAMEBUFFER_UNSUPPORTED, GL_INVALID_FRAMEBUFFER_OPERATION() glError (0x506)
I/JNI Log ( 3693): MY elasitcfusion FillIn vertex 15
I/JNI Log ( 3693): GlFramebuffer Unbind start
I/JNI Log ( 3693): GlFramebuffer Unbind done
I/JNI Log ( 3693): MY elasitcfusion FillIn vertex 16
I/JNI Log ( 3693): MY elasitcfusion FillIn vertex 17
I/JNI Log ( 3693): MY elasitcfusion FillIn vertex 18
I/JNI Log ( 3693): MY elasitcfusion Shader Unbind start
I/JNI Log ( 3693): MY elasitcfusion Shader Unbind done
I/JNI Log ( 3693): MY elasitcfusion FillIn vertex 19
I/JNI Log ( 3693): MY elasitcfusion FillIn vertex 20 done
I/JNI Log ( 3693): MY elasitcfusion struct predict combinedPredict done 1
I/JNI Log ( 3693): MY elasitcfusion FillIn normal 1 start
I/JNI Log ( 3693): GlFramebuffer Bind start
I/JNI Log ( 3693): GlFramebuffer Bind done
I/JNI Log ( 3693): MY elasitcfusion FillIn normal 2
I/JNI Log ( 3693): MY elasitcfusion FillIn normal 3
I/JNI Log ( 3693): MY elasitcfusion FillIn normal 4
I/JNI Log ( 3693): MY elasitcfusion FillIn normal 5
I/JNI Log ( 3693): check_gl_error FillIn cpp My elastic-fusion CheckGlDieOnError after: MY elasitcfusion   GL_FRAMEBUFFER_UNSUPPORTED, GL_INVALID_FRAMEBUFFER_OPERATION() glError (0x506)
I/JNI Log ( 3693): MY elasitcfusion FillIn normal 6
I/JNI Log ( 3693): MY elasitcfusion Shader Bind start
I/JNI Log ( 3693): MY elasitcfusion Shader Bind done
I/JNI Log ( 3693): MY elasitcfusion FillIn normal 7
I/JNI Log ( 3693): MY elasitcfusion FillIn normal 8
I/JNI Log ( 3693): MY elasitcfusion FillIn normal 9
I/JNI Log ( 3693): MY elasitcfusion FillIn normal 10
I/JNI Log ( 3693): MY elasitcfusion FillIn normal 11
I/JNI Log ( 3693): MY elasitcfusion FillIn normal 12
I/JNI Log ( 3693): check_gl_error FillIn cpp My elastic-fusion CheckGlDieOnError after: MY elasitcfusion   GL_FRAMEBUFFER_UNSUPPORTED, GL_INVALID_FRAMEBUFFER_OPERATION() glError (0x506)
I/JNI Log ( 3693): MY elasitcfusion FillIn normal 13
I/JNI Log ( 3693): GlFramebuffer Unbind start
I/JNI Log ( 3693): GlFramebuffer Unbind done
I/JNI Log ( 3693): MY elasitcfusion FillIn normal 14
I/JNI Log ( 3693): MY elasitcfusion FillIn normal 15
I/JNI Log ( 3693): MY elasitcfusion FillIn normal 16
I/JNI Log ( 3693): MY elasitcfusion Shader Unbind start
I/JNI Log ( 3693): MY elasitcfusion Shader Unbind done
I/JNI Log ( 3693): MY elasitcfusion FillIn normal 17
I/JNI Log ( 3693): MY elasitcfusion FillIn normal 18 done
I/JNI Log ( 3693): MY elasitcfusion struct predict combinedPredict done 2
I/JNI Log ( 3693): MY elasitcfusion FillIn image start 1
I/JNI Log ( 3693): GlFramebuffer Bind start
I/JNI Log ( 3693): GlFramebuffer Bind done
I/JNI Log ( 3693): MY elasitcfusion FillIn image 2
I/JNI Log ( 3693): MY elasitcfusion FillIn image 3
I/JNI Log ( 3693): MY elasitcfusion FillIn image 4
I/JNI Log ( 3693): MY elasitcfusion FillIn image 5
I/JNI Log ( 3693): MY elasitcfusion FillIn image 6
I/JNI Log ( 3693): MY elasitcfusion Shader Bind start
I/JNI Log ( 3693): MY elasitcfusion Shader Bind done
I/JNI Log ( 3693): MY elasitcfusion FillIn image 7
W/st-log  (  191): Initial features: Max - 6253, Min - 7308
W/st-log  (  191): Final features: 0
E/JNI Log ( 3693): CameraInterface:TangoSupport_updatePointCloud failed
I/JNI Log ( 3693): MY elasitcfusion FillIn image 8
I/JNI Log ( 3693): MY elasitcfusion FillIn image 9
I/JNI Log ( 3693): MY elasitcfusion FillIn image 10
I/JNI Log ( 3693): MY elasitcfusion FillIn image 11
I/JNI Log ( 3693): GlFramebuffer Unbind start
I/JNI Log ( 3693): GlFramebuffer Unbind done
I/JNI Log ( 3693): MY elasitcfusion FillIn image 12
I/JNI Log ( 3693): MY elasitcfusion FillIn image 13
I/JNI Log ( 3693): MY elasitcfusion FillIn image 14
I/JNI Log ( 3693): MY elasitcfusion Shader Unbind start
I/JNI Log ( 3693): MY elasitcfusion Shader Unbind done
I/JNI Log ( 3693): MY elasitcfusion FillIn image 15
I/JNI Log ( 3693): MY elasitcfusion FillIn image 16
I/JNI Log ( 3693): CameraInterface: point could data is not new, return
I/JNI Log ( 3693): MY elasitcfusion FillIn image 17 done
I/JNI Log ( 3693): MY elasitcfusion struct predict combinedPredict done 3
I/JNI Log ( 3693): tock FillIn
I/JNI Log ( 3693): tock IndexMap::ACTIVE
I/JNI Log ( 3693): MY elasitcfusion struct predict 2 doen done
I/JNI Log ( 3693):  ElasticFusion struct Process frame     predict done
I/JNI Log ( 3693): MY elasitcfusion struct processFerns 1 start
I/JNI Log ( 3693): tick Ferns::addFrame
I/JNI Log ( 3693): MY elasitcfusion resize struct image 1 start
I/JNI Log ( 3693): GlFramebuffer Bind start
I/JNI Log ( 3693): GlFramebuffer Bind done
I/JNI Log ( 3693): MY elasitcfusion resize struct image 2
I/JNI Log ( 3693): MY elasitcfusion resize struct image 3
I/JNI Log ( 3693): MY elasitcfusion resize struct image 4
I/JNI Log ( 3693): MY elasitcfusion resize struct image 5
I/JNI Log ( 3693): MY elasitcfusion resize struct image 6
I/JNI Log ( 3693): MY elasitcfusion Shader Bind start
I/JNI Log ( 3693): MY elasitcfusion Shader Bind done
I/JNI Log ( 3693): MY elasitcfusion resize struct image 7
I/JNI Log ( 3693): MY elasitcfusion resize struct image 8
I/JNI Log ( 3693): MY elasitcfusion resize struct image 9
I/JNI Log ( 3693): MY elasitcfusion resize struct image 10
I/JNI Log ( 3693): MY elasitcfusion resize struct image 11 glReadPixels
I/JNI Log ( 3693): MY elasitcfusion resize struct image 12 glReadPixels
I/JNI Log ( 3693): GlFramebuffer Unbind start
I/JNI Log ( 3693): GlFramebuffer Unbind done
I/JNI Log ( 3693): MY elasitcfusion resize struct image 13
I/JNI Log ( 3693): MY elasitcfusion resize struct image 14
I/JNI Log ( 3693): MY elasitcfusion resize struct image 15
I/JNI Log ( 3693): MY elasitcfusion Shader Unbind start
I/JNI Log ( 3693): MY elasitcfusion Shader Unbind done
I/JNI Log ( 3693): MY elasitcfusion resize struct image 16
I/JNI Log ( 3693): MY elasitcfusion resize struct image 17 done
I/JNI Log ( 3693): MY elasitcfusion resize struct vertex 1 start
I/JNI Log ( 3693): GlFramebuffer Bind start
I/JNI Log ( 3693): GlFramebuffer Bind done
I/JNI Log ( 3693): MY elasitcfusion resize struct vertex 2
I/JNI Log ( 3693): MY elasitcfusion resize struct vertex 3
I/JNI Log ( 3693): MY elasitcfusion resize struct vertex 4
I/JNI Log ( 3693): MY elasitcfusion resize struct vertex 4 1
I/JNI Log ( 3693): check_gl_error GlobalModel My elastic-fusion CheckGlDieOnError after :MY elasitcfusion   GL_FRAMEBUFFER_UNSUPPORTED ,GL_INVALID_FRAMEBUFFER_OPERATION() glError (0x506)
I/JNI Log ( 3693): MY elasitcfusion resize struct vertex 5
I/JNI Log ( 3693): MY elasitcfusion Shader Bind start
I/JNI Log ( 3693): MY elasitcfusion Shader Bind done
I/JNI Log ( 3693): MY elasitcfusion resize struct vertex 6
I/JNI Log ( 3693): MY elasitcfusion resize struct vertex 7
I/JNI Log ( 3693): MY elasitcfusion resize struct vertex 8
I/JNI Log ( 3693): MY elasitcfusion resize struct vertex 9
I/JNI Log ( 3693): check_gl_error GlobalModel My elastic-fusion CheckGlDieOnError after :MY elasitcfusion   GL_FRAMEBUFFER_UNSUPPORTED ,GL_INVALID_FRAMEBUFFER_OPERATION() glError (0x506)
I/JNI Log ( 3693): MY elasitcfusion resize struct vertex 10 glReadPixels
I/JNI Log ( 3693): check_gl_error GlobalModel My elastic-fusion CheckGlDieOnError after :MY elasitcfusion   GL_FRAMEBUFFER_UNSUPPORTED ,GL_INVALID_FRAMEBUFFER_OPERATION() glError (0x506)
I/JNI Log ( 3693): MY elasitcfusion resize struct vertex 11 glReadPixels
I/JNI Log ( 3693): GlFramebuffer Unbind start
I/JNI Log ( 3693): GlFramebuffer Unbind done
I/JNI Log ( 3693): MY elasitcfusion resize struct vertex 12
I/JNI Log ( 3693): MY elasitcfusion resize struct vertex 13
I/JNI Log ( 3693): MY elasitcfusion resize struct vertex 14
I/JNI Log ( 3693): MY elasitcfusion Shader Unbind start
I/JNI Log ( 3693): MY elasitcfusion Shader Unbind done
I/JNI Log ( 3693): MY elasitcfusion resize struct vertex 15
W/st-log  (  191): Initial features: Max - 6259, Min - 7315
I/JNI Log ( 3693): MY elasitcfusion resize struct vertex done
I/JNI Log ( 3693): MY elasitcfusion resize struct vertex 1 start
I/JNI Log ( 3693): GlFramebuffer Bind start
I/JNI Log ( 3693): GlFramebuffer Bind done
I/JNI Log ( 3693): MY elasitcfusion resize struct vertex 2
I/JNI Log ( 3693): MY elasitcfusion resize struct vertex 3
I/JNI Log ( 3693): MY elasitcfusion resize struct vertex 4
I/JNI Log ( 3693): MY elasitcfusion resize struct vertex 4 1
I/JNI Log ( 3693): check_gl_error GlobalModel My elastic-fusion CheckGlDieOnError after :MY elasitcfusion   GL_FRAMEBUFFER_UNSUPPORTED ,GL_INVALID_FRAMEBUFFER_OPERATION() glError (0x506)
I/JNI Log ( 3693): MY elasitcfusion resize struct vertex 5
I/JNI Log ( 3693): MY elasitcfusion Shader Bind start
I/JNI Log ( 3693): MY elasitcfusion Shader Bind done
I/JNI Log ( 3693): MY elasitcfusion resize struct vertex 6
I/JNI Log ( 3693): MY elasitcfusion resize struct vertex 7
I/JNI Log ( 3693): MY elasitcfusion resize struct vertex 8
I/JNI Log ( 3693): MY elasitcfusion resize struct vertex 9
I/JNI Log ( 3693): check_gl_error GlobalModel My elastic-fusion CheckGlDieOnError after :MY elasitcfusion   GL_FRAMEBUFFER_UNSUPPORTED ,GL_INVALID_FRAMEBUFFER_OPERATION() glError (0x506)
I/JNI Log ( 3693): MY elasitcfusion resize struct vertex 10 glReadPixels
I/JNI Log ( 3693): check_gl_error GlobalModel My elastic-fusion CheckGlDieOnError after :MY elasitcfusion   GL_FRAMEBUFFER_UNSUPPORTED ,GL_INVALID_FRAMEBUFFER_OPERATION() glError (0x506)
I/JNI Log ( 3693): MY elasitcfusion resize struct vertex 11 glReadPixels
I/JNI Log ( 3693): GlFramebuffer Unbind start
I/JNI Log ( 3693): GlFramebuffer Unbind done
I/JNI Log ( 3693): MY elasitcfusion resize struct vertex 12
I/JNI Log ( 3693): MY elasitcfusion resize struct vertex 13
I/JNI Log ( 3693): MY elasitcfusion resize struct vertex 14
I/JNI Log ( 3693): MY elasitcfusion Shader Unbind start
I/JNI Log ( 3693): MY elasitcfusion Shader Unbind done
I/JNI Log ( 3693): MY elasitcfusion resize struct vertex 15
I/JNI Log ( 3693): MY elasitcfusion resize struct vertex done
I/JNI Log ( 3693): tock Ferns::addFrame
I/JNI Log ( 3693): MY elasitcfusion struct processFerns 2 done
I/JNI Log ( 3693):  ElasticFusion struct Process frame   processFerns
I/JNI Log ( 3693):  ElasticFusion struct Process frame  run finally done
I/JNI Log ( 3693): tock Run
I/JNI Log ( 3693): RunDatasetEF Processing frames done.
I/JNI Log ( 3693): current pose is : [1, 0, 0, 0]
I/JNI Log ( 3693): [0, 1, 0, 0]
I/JNI Log ( 3693): [0, 0, 1, 0]
I/JNI Log ( 3693): [0, 0, 0, 1]
I/JNI Log ( 3693): RunDatasetEF Log processing result start.
I/JNI Log ( 3693): RunDatasetEF Log processing result time : 2
I/JNI Log ( 3693): RunDatasetEF Log processing result eFusion.globalModel.lastCount(): totalPoints :0
I/JNI Log ( 3693): RunDatasetEF Log processing result eFusion.getLocalDeformation().getGraph().size(): totalNodes : 0
I/JNI Log ( 3693): RunDatasetEF Log processing result eFusion.getLocalDeformation().getGraph().size(): totalNodes : 0
I/JNI Log ( 3693): RunDatasetEF Log processing result eFusion.getDeforms(): totalDefs :0
I/JNI Log ( 3693): RunDatasetEF Log processing result eFusion.getFernDeforms(): totalFernDefs :0
I/JNI Log ( 3693): RunDatasetEF Log processing result lastICPError: 0.000000, icpErrThresh: 0.000050
I/JNI Log ( 3693): RunDatasetEF Log processing result lastICPCount: 243200.000000, icpCountThresh: 35000.000000
I/JNI Log ( 3693): RunDatasetEF Log processing result done.
I/JNI Log ( 3693): RunDatasetEF: processing++
I/JNI Log ( 3693): RunDatasetEF: processed one frame : 1
I/JNI Log ( 3693): RunDatasetEF RunDatasetEF: hasMore while loop in
I/JNI Log ( 3693): RunDatasetEF run Dataset getNext: start
I/JNI Log ( 3693): RunDatasetEF run Dataset getCore: start
I/JNI Log ( 3693): RunDatasetEF run Dataset getCore: rgb  compressed
I/JNI Log ( 3693): RunDatasetEF run Dataset getCore: rgb  uncompress: numPixels * 3: 729600, imageSize: 90775, cv size: 921600
I/JNI Log ( 3693): RunDatasetEF run Dataset getNext: done
I/JNI Log ( 3693): RunDatasetEF Processing frames ready done.
I/JNI Log ( 3693): tick Run
I/JNI Log ( 3693):  ElasticFusion struct Process frame Run 1 start
I/JNI Log ( 3693): GlTexture Upload start 1 GL_PACK_ALIGNMENT: 6409, 5121, 1
I/JNI Log ( 3693): GlTexture Upload Bind start
I/JNI Log ( 3693): GlTexture bind start check
I/JNI Log ( 3693): GlTexture bind start
W/st-log  (  191): Final features: 0
E/JNI Log ( 3693): CameraInterface:TangoSupport_updatePointCloud failed
W/st-log  (  191): Initial features: Max - 6338, Min - 7338
I/JNI Log ( 3693): CameraInterface: point could data is not new, return
I/JNI Log ( 3693): GlTexture bind done
I/JNI Log ( 3693): GlTexture Upload Bind done
I/JNI Log ( 3693): GlTexture Upload change ???
I/JNI Log ( 3693): GlTexture Upload 2: 640, 380
I/JNI Log ( 3693): GlTexture Upload done 3
I/JNI Log ( 3693):  ElasticFusion struct Process frame Run 2
I/JNI Log ( 3693): GlTexture Upload start 1 GL_PACK_ALIGNMENT: 6408, 5121, 1
I/JNI Log ( 3693): GlTexture Upload Bind start
I/JNI Log ( 3693): GlTexture bind start check
I/JNI Log ( 3693): GlTexture bind start
I/JNI Log ( 3693): GlTexture bind done
I/JNI Log ( 3693): GlTexture Upload Bind done
I/JNI Log ( 3693): GlTexture Upload 2: 640, 380
I/JNI Log ( 3693): GlTexture Upload done 3
I/JNI Log ( 3693):  ElasticFusion struct Process frame Preprocess
I/JNI Log ( 3693): tick Preprocess
I/JNI Log ( 3693): MY elasitcfusion struct filterDepth 1 start
I/JNI Log ( 3693): MY elasitcfusion struct filterDepth 2
I/JNI Log ( 3693): MY elasitcfusion ComputePack compute 1 start
I/JNI Log ( 3693): GlTexture bind start check
I/JNI Log ( 3693): GlTexture bind start
I/JNI Log ( 3693): GlTexture bind done
I/JNI Log ( 3693): MY elasitcfusion ComputePack compute 2
I/JNI Log ( 3693): GlFramebuffer Bind start
I/JNI Log ( 3693): GlFramebuffer Bind done
I/JNI Log ( 3693): MY elasitcfusion ComputePack compute 3 glPushAttrib
I/JNI Log ( 3693): MY elasitcfusion ComputePack compute 4 glPushAttrib
I/JNI Log ( 3693): MY elasitcfusion ComputePack compute 5
I/JNI Log ( 3693): MY elasitcfusion ComputePack compute 6
I/JNI Log ( 3693): ComputePack My elastic-fusion  CheckGlDieOnError after MY elasitcfusion ComputePack  GL_FRAMEBUFFER_UNSUPPORTED, GL_INVALID_FRAMEBUFFER_OPERATION() glError (0x506)
I/JNI Log ( 3693): MY elasitcfusion ComputePack compute 7
I/JNI Log ( 3693): MY elasitcfusion Shader Bind start
I/JNI Log ( 3693): MY elasitcfusion Shader Bind done
I/JNI Log ( 3693): MY elasitcfusion ComputePack compute 8
I/JNI Log ( 3693): MY elasitcfusion ComputePack compute 9
I/JNI Log ( 3693): ComputePack My elastic-fusion  CheckGlDieOnError after MY elasitcfusion ComputePack  GL_FRAMEBUFFER_UNSUPPORTED, GL_INVALID_FRAMEBUFFER_OPERATION() glError (0x506)
I/JNI Log ( 3693): MY elasitcfusion ComputePack compute 10
I/JNI Log ( 3693): GlFramebuffer Unbind start
I/JNI Log ( 3693): GlFramebuffer Unbind done
I/JNI Log ( 3693): MY elasitcfusion ComputePack compute 11
I/JNI Log ( 3693): MY elasitcfusion Shader Unbind start
I/JNI Log ( 3693): MY elasitcfusion Shader Unbind done
I/JNI Log ( 3693): MY elasitcfusion ComputePack compute 12
I/JNI Log ( 3693): MY elasitcfusion ComputePack compute 13
I/JNI Log ( 3693): MY elasitcfusion ComputePack compute 14 done
I/JNI Log ( 3693): MY elasitcfusion struct filterDepth 3 done
I/JNI Log ( 3693):  ElasticFusion struct Process frame Preprocess done 1
I/JNI Log ( 3693): MY elasitcfusion struct metriciseDepth 1
I/JNI Log ( 3693): MY elasitcfusion struct metriciseDepth 2
I/JNI Log ( 3693): MY elasitcfusion ComputePack compute 1 start
I/JNI Log ( 3693): GlTexture bind start check
I/JNI Log ( 3693): GlTexture bind start
I/JNI Log ( 3693): GlTexture bind done
I/JNI Log ( 3693): MY elasitcfusion ComputePack compute 2
I/JNI Log ( 3693): GlFramebuffer Bind start
I/JNI Log ( 3693): GlFramebuffer Bind done
I/JNI Log ( 3693): MY elasitcfusion ComputePack compute 3 glPushAttrib
I/JNI Log ( 3693): MY elasitcfusion ComputePack compute 4 glPushAttrib
I/JNI Log ( 3693): MY elasitcfusion ComputePack compute 5
I/JNI Log ( 3693): MY elasitcfusion ComputePack compute 6
I/JNI Log ( 3693): ComputePack My elastic-fusion  CheckGlDieOnError after MY elasitcfusion ComputePack  GL_FRAMEBUFFER_UNSUPPORTED, GL_INVALID_FRAMEBUFFER_OPERATION() glError (0x506)
I/JNI Log ( 3693): MY elasitcfusion ComputePack compute 7
I/JNI Log ( 3693): MY elasitcfusion Shader Bind start
I/JNI Log ( 3693): MY elasitcfusion Shader Bind done
I/JNI Log ( 3693): MY elasitcfusion ComputePack compute 8
I/JNI Log ( 3693): MY elasitcfusion ComputePack compute 9
I/JNI Log ( 3693): ComputePack My elastic-fusion  CheckGlDieOnError after MY elasitcfusion ComputePack  GL_FRAMEBUFFER_UNSUPPORTED, GL_INVALID_FRAMEBUFFER_OPERATION() glError (0x506)
I/JNI Log ( 3693): MY elasitcfusion ComputePack compute 10
I/JNI Log ( 3693): GlFramebuffer Unbind start
I/JNI Log ( 3693): GlFramebuffer Unbind done
I/JNI Log ( 3693): MY elasitcfusion ComputePack compute 11
I/JNI Log ( 3693): MY elasitcfusion Shader Unbind start
I/JNI Log ( 3693): MY elasitcfusion Shader Unbind done
I/JNI Log ( 3693): MY elasitcfusion ComputePack compute 12
I/JNI Log ( 3693): MY elasitcfusion ComputePack compute 13
I/JNI Log ( 3693): MY elasitcfusion ComputePack compute 14 done
I/JNI Log ( 3693): MY elasitcfusion struct metriciseDepth 3
I/JNI Log ( 3693): MY elasitcfusion ComputePack compute 1 start
I/JNI Log ( 3693): GlTexture bind start check
I/JNI Log ( 3693): GlTexture bind start
I/JNI Log ( 3693): GlTexture bind done
I/JNI Log ( 3693): MY elasitcfusion ComputePack compute 2
I/JNI Log ( 3693): GlFramebuffer Bind start
I/JNI Log ( 3693): GlFramebuffer Bind done
I/JNI Log ( 3693): MY elasitcfusion ComputePack compute 3 glPushAttrib
I/JNI Log ( 3693): MY elasitcfusion ComputePack compute 4 glPushAttrib
I/JNI Log ( 3693): MY elasitcfusion ComputePack compute 5
I/JNI Log ( 3693): MY elasitcfusion ComputePack compute 6
I/JNI Log ( 3693): ComputePack My elastic-fusion  CheckGlDieOnError after MY elasitcfusion ComputePack  GL_FRAMEBUFFER_UNSUPPORTED, GL_INVALID_FRAMEBUFFER_OPERATION() glError (0x506)
I/JNI Log ( 3693): MY elasitcfusion ComputePack compute 7
I/JNI Log ( 3693): MY elasitcfusion Shader Bind start
I/JNI Log ( 3693): MY elasitcfusion Shader Bind done
I/JNI Log ( 3693): MY elasitcfusion ComputePack compute 8
I/JNI Log ( 3693): MY elasitcfusion ComputePack compute 9
I/JNI Log ( 3693): ComputePack My elastic-fusion  CheckGlDieOnError after MY elasitcfusion ComputePack  GL_FRAMEBUFFER_UNSUPPORTED, GL_INVALID_FRAMEBUFFER_OPERATION() glError (0x506)
I/JNI Log ( 3693): MY elasitcfusion ComputePack compute 10
I/JNI Log ( 3693): GlFramebuffer Unbind start
I/JNI Log ( 3693): GlFramebuffer Unbind done
I/JNI Log ( 3693): MY elasitcfusion ComputePack compute 11
I/JNI Log ( 3693): MY elasitcfusion Shader Unbind start
I/JNI Log ( 3693): MY elasitcfusion Shader Unbind done
I/JNI Log ( 3693): MY elasitcfusion ComputePack compute 12
I/JNI Log ( 3693): MY elasitcfusion ComputePack compute 13
I/JNI Log ( 3693): MY elasitcfusion ComputePack compute 14 done
I/JNI Log ( 3693): MY elasitcfusion struct metriciseDepth 4
I/JNI Log ( 3693):  ElasticFusion struct Process frame Preprocess done 2
I/JNI Log ( 3693): tock Preprocess
I/JNI Log ( 3693):  ElasticFusion struct Process frame else 1
I/JNI Log ( 3693):  ElasticFusion struct Process frame else 2
I/JNI Log ( 3693): tick autoFill
I/JNI Log ( 3693): MY elasitcfusion resize struct image 1 start
I/JNI Log ( 3693): GlFramebuffer Bind start
I/JNI Log ( 3693): GlFramebuffer Bind done
I/JNI Log ( 3693): MY elasitcfusion resize struct image 2
I/JNI Log ( 3693): MY elasitcfusion resize struct image 3
I/JNI Log ( 3693): MY elasitcfusion resize struct image 4
I/JNI Log ( 3693): MY elasitcfusion resize struct image 5
I/JNI Log ( 3693): MY elasitcfusion resize struct image 6
I/JNI Log ( 3693): MY elasitcfusion Shader Bind start
I/JNI Log ( 3693): MY elasitcfusion Shader Bind done
I/JNI Log ( 3693): MY elasitcfusion resize struct image 7
I/JNI Log ( 3693): MY elasitcfusion resize struct image 8
I/JNI Log ( 3693): MY elasitcfusion resize struct image 9
I/JNI Log ( 3693): MY elasitcfusion resize struct image 10
I/JNI Log ( 3693): MY elasitcfusion resize struct image 11 glReadPixels
I/JNI Log ( 3693): MY elasitcfusion resize struct image 12 glReadPixels
I/JNI Log ( 3693): GlFramebuffer Unbind start
I/JNI Log ( 3693): GlFramebuffer Unbind done
I/JNI Log ( 3693): MY elasitcfusion resize struct image 13
I/JNI Log ( 3693): MY elasitcfusion resize struct image 14
I/JNI Log ( 3693): MY elasitcfusion resize struct image 15
I/JNI Log ( 3693): MY elasitcfusion Shader Unbind start
I/JNI Log ( 3693): MY elasitcfusion Shader Unbind done
I/JNI Log ( 3693): MY elasitcfusion resize struct image 16
W/st-log  (  191): Final features: 0
E/JNI Log ( 3693): CameraInterface:TangoSupport_updatePointCloud failed
W/st-log  (  191): Initial features: Max - 6285, Min - 7257
I/JNI Log ( 3693): CameraInterface: point could data is not new, return
I/JNI Log ( 3693): MY elasitcfusion resize struct image 17 done
I/JNI Log ( 3693):  ElasticFusion struct Process frame else 3
I/JNI Log ( 3693): MY elasitcfusion struct denseEnough 1 start
I/JNI Log ( 3693): MY elasitcfusion struct denseEnough 2 done
I/JNI Log ( 3693): tock autoFill
I/JNI Log ( 3693):  ElasticFusion struct Process frame else 4
I/JNI Log ( 3693): tick odomInit
I/JNI Log ( 3693): MY elasitcfusion RGBDOdometry initICPModel start 1
I/JNI Log ( 3693): elasticfusion CUDA cudaSafeCall 1
I/JNI Log ( 3693): elasticfusion CUDA error: invalid argument
F/libc    ( 3693): Fatal signal 11 (SIGSEGV) at 0x00000000 (code=1), thread 3945 (uk.imperial.aer)
F/libc    ( 3693): Fatal signal 11 (SIGSEGV) at 0x0009550b (code=1), thread 3722 (GLThread 317)
W/st-log  (  191): Final features: 0
E/JNI Log ( 3693): CameraInterface:TangoSupport_updatePointCloud failed
I/DEBUG   (  163): *** *** *** *** *** *** *** *** *** *** *** *** *** *** *** ***
I/DEBUG   (  163): Build fingerprint: 'google/tango/yellowstone:4.4.2/KOT49H.161129/161129002:user/release-keys'
I/DEBUG   (  163): Revision: '0'
I/DEBUG   (  163): pid: 3693, tid: 3945, name: uk.imperial.aer  >>> ac.uk.imperial.aer <<<
I/DEBUG   (  163): signal 11 (SIGSEGV), code 1 (SEGV_MAPERR), fault addr 00000000
W/st-log  (  191): Initial features: Max - 6294, Min - 7332
I/DEBUG   (  163):     r0 7728bc98  r1 00000000  r2 d4910072  r3 7728edd0
I/DEBUG   (  163):     r4 48399ae4  r5 00000000  r6 483a31d0  r7 483a4cc0
I/DEBUG   (  163):     r8 4008a384  r9 483a4cd0  sl 5ff7cf30  fp 0000000c
I/DEBUG   (  163):     ip 48399b58  sp 7728bc98  lr 480ec26d  pc 480ebd0c  cpsr 60070030
I/DEBUG   (  163):     d0  2064696c61766e69  d1  746e656d75677261
I/DEBUG   (  163):     d2  5361647563204144  d3  206c6c6143656661
I/DEBUG   (  163):     d4  0000180000001800  d5  0000000100000000
I/DEBUG   (  163):     d6  000000013f800000  d7  3f8000003f800000
I/DEBUG   (  163):     d8  ffffffffc98ced26  d9  0000000000000000
I/DEBUG   (  163):     d10 0000000000000000  d11 0000000000000000
I/DEBUG   (  163):     d12 0000000000000000  d13 0000000000000000
I/DEBUG   (  163):     d14 0000000000000000  d15 0000000000000000
I/DEBUG   (  163):     d16 00000000fffffffc  d17 00000000000000ff
I/DEBUG   (  163):     d18 1c00000000000000  d19 0000000000000000
I/DEBUG   (  163):     d20 3ff0000000000000  d21 0000000000000000
I/DEBUG   (  163):     d22 0000000000000000  d23 0000000000000000
I/DEBUG   (  163):     d24 3ff0000000000000  d25 0000000000000000
I/DEBUG   (  163):     d26 40e1170000000000  d27 4014000000000000
I/DEBUG   (  163):     d28 3ff0000000000000  d29 3e2d38fc57f240cc
I/DEBUG   (  163):     d30 3fc5533b4f4bbd14  d31 4000000000000000
I/DEBUG   (  163):     scr 20000010
I/DEBUG   (  163):
I/DEBUG   (  163): backtrace:
I/DEBUG   (  163):     #00  pc 00286d0c  /data/app-lib/ac.uk.imperial.aer-1/libaer.so (boost::thread::start_thread_noexcept(boost::thread_attributes const&)+183)
I/DEBUG   (  163):     #01  pc 00287269  /data/app-lib/ac.uk.imperial.aer-1/libaer.so (boost::thread::native_handle()+8)
I/DEBUG   (  163):
I/DEBUG   (  163): stack:
I/DEBUG   (  163):          7728bc58  40086000  /system/lib/libc.so
I/DEBUG   (  163):          7728bc5c  d4910072
I/DEBUG   (  163):          7728bc60  7728bca4  [stack:3945]
I/DEBUG   (  163):          7728bc64  48399ae4  /data/app-lib/ac.uk.imperial.aer-1/libaer.so
I/DEBUG   (  163):          7728bc68  4008a384
I/DEBUG   (  163):          7728bc6c  d4910072
I/DEBUG   (  163):          7728bc70  4008a384
I/DEBUG   (  163):          7728bc74  7728bc84  [stack:3945]
I/DEBUG   (  163):          7728bc78  483a4cd0
I/DEBUG   (  163):          7728bc7c  47efc977  /data/app-lib/ac.uk.imperial.aer-1/libaer.so (ThreadMutexObject<bool>::assignValue(bool)+46)
I/DEBUG   (  163):          7728bc80  4008a384
I/DEBUG   (  163):          7728bc84  483a4cd4
I/DEBUG   (  163):          7728bc88  40086000  /system/lib/libc.so
I/DEBUG   (  163):          7728bc8c  d4910072
I/DEBUG   (  163):          7728bc90  48399ae4  /data/app-lib/ac.uk.imperial.aer-1/libaer.so
I/DEBUG   (  163):          7728bc94  48399ae4  /data/app-lib/ac.uk.imperial.aer-1/libaer.so
I/DEBUG   (  163):     #00  7728bc98  483a16c0  /data/app-lib/ac.uk.imperial.aer-1/libaer.so
I/DEBUG   (  163):          ........  ........
I/DEBUG   (  163):     #01  7728bc98  483a16c0  /data/app-lib/ac.uk.imperial.aer-1/libaer.so
I/DEBUG   (  163):          7728bc9c  483a31d0
I/DEBUG   (  163):          7728bca0  48399ae4  /data/app-lib/ac.uk.imperial.aer-1/libaer.so
I/DEBUG   (  163):          7728bca4  47f05bff  /data/app-lib/ac.uk.imperial.aer-1/libaer.so (tango_interface::MyElasticFusion::~MyElasticFusion()+86)
I/DEBUG   (  163):          7728bca8  deadc04d
I/DEBUG   (  163):          7728bcac  483a4cec
I/DEBUG   (  163):          7728bcb0  483a4ce0
I/DEBUG   (  163):          7728bcb4  492efbe0  [anon:libc_malloc]
I/DEBUG   (  163):          7728bcb8  4008a384
I/DEBUG   (  163):          7728bcbc  4004acb4  /system/lib/libc.so (pthread_mutex_destroy+12)
I/DEBUG   (  163):          7728bcc0  483a4cec
I/DEBUG   (  163):          7728bcc4  d4910072
I/DEBUG   (  163):          7728bcc8  483a4d80
I/DEBUG   (  163):          7728bccc  483a16c0  /data/app-lib/ac.uk.imperial.aer-1/libaer.so
I/DEBUG   (  163):          7728bcd0  000000a1
I/DEBUG   (  163):          7728bcd4  40094324
I/DEBUG   (  163):
I/DEBUG   (  163): memory near r0:
I/DEBUG   (  163):     7728bc78 483a4cd0 47efc977 4008a384 483a4cd4
I/DEBUG   (  163):     7728bc88 40086000 d4910072 48399ae4 48399ae4
I/DEBUG   (  163):     7728bc98 483a16c0 483a31d0 48399ae4 47f05bff
I/DEBUG   (  163):     7728bca8 deadc04d 483a4cec 483a4ce0 492efbe0
I/DEBUG   (  163):     7728bcb8 4008a384 4004acb4 483a4cec d4910072
I/DEBUG   (  163):     7728bcc8 483a4d80 483a16c0 000000a1 40094324
I/DEBUG   (  163):     7728bcd8 00001000 00000000 40096f0c 47f0a237
I/DEBUG   (  163):     7728bce8 00000000 4905a000 4905a798 4006501f
I/DEBUG   (  163):     7728bcf8 7728d73c 4905a7a4 0000017c 47f0a1e5
I/DEBUG   (  163):     7728bd08 483a16c0 4839a000 00000280 00000000
I/DEBUG   (  163):     7728bd18 0000000b 00000280 779ea2b8 00000a00
I/DEBUG   (  163):     7728bd28 7728cbe4 00000474 7728cbf0 40065219
I/DEBUG   (  163):     7728bd38 d4910072 47ef063c d4910072 480efcd0
I/DEBUG   (  163):     7728bd48 7be55000 00000a00 00000280 00000474
I/DEBUG   (  163):     7728bd58 7c11e000 00000a00 7c11e000 00000a00
I/DEBUG   (  163):     7728bd68 49f05f3d 00000008 00000001 00000014
I/DEBUG   (  163):
I/DEBUG   (  163): memory near r3:
I/DEBUG   (  163):     7728edb0 5ff7cce0 400491b4 5ff7cce0 5ff7cf30
I/DEBUG   (  163):     7728edc0 7728edd0 0000000b 00000078 4004934c
I/DEBUG   (  163):     7728edd0 7728edd0 5ff7cf30 00000009 402f2adc
I/DEBUG   (  163):     7728ede0 00000000 d4910072 5ff7cf70 00000000
I/DEBUG   (  163):     7728edf0 77d80250 00000000 00000000 00000000
I/DEBUG   (  163):     7728ee00 00000000 00000000 00000000 00000000
I/DEBUG   (  163):     7728ee10 00000000 00000000 00000000 00000000
I/DEBUG   (  163):     7728ee20 00000000 00000000 00000000 00000000
I/DEBUG   (  163):     7728ee30 00000000 00000000 00000000 00000000
I/DEBUG   (  163):     7728ee40 00000000 00000000 00000000 5ff7d3e8
I/DEBUG   (  163):     7728ee50 4b66bfe8 7728f000 5ff7d5a8 493b6fc8
I/DEBUG   (  163):     7728ee60 7728f200 7728f140 77661668 4b66c128
I/DEBUG   (  163):     7728ee70 5ff7cce0 00000000 779c2628 77d8eb98
I/DEBUG   (  163):     7728ee80 779c2510 00000000 00000000 00000000
I/DEBUG   (  163):     7728ee90 00000000 00000000 00000000 00000000
I/DEBUG   (  163):     7728eea0 00000000 00000000 00000000 00000000
I/DEBUG   (  163):
I/DEBUG   (  163): memory near r4:
I/DEBUG   (  163):     48399ac4 483b5b18 481977a4 481977ac 481977b4
I/DEBUG   (  163):     48399ad4 4004b0d1 481c2e40 481b44a0 4811b5c9
I/DEBUG   (  163):     48399ae4 00000000 00000000 00000000 40064e85
I/DEBUG   (  163):     48399af4 40064f81 4004df21 40061b35 400504b1
I/DEBUG   (  163):     48399b04 4005ca9c 400619f9 4005ab55 4005b80d
I/DEBUG   (  163):     48399b14 40050a49 40050b29 40064d15 40061d49
I/DEBUG   (  163):     48399b24 40062909 40050945 4003837d 4005f091
I/DEBUG   (  163):     48399b34 4004aca8 4004ad6c 4004dfa1 4004a820
I/DEBUG   (  163):     48399b44 4004ad90 4004a924 400af6a4 4004a600
I/DEBUG   (  163):     48399b54 4004ad2c 4004f04d 4004ad88 40049c45
I/DEBUG   (  163):     48399b64 40049c31 40049c59 4005ab61 4004af78
I/DEBUG   (  163):     48399b74 4005e53c 4005fa9c 4005cdd8 483d6099
I/DEBUG   (  163):     48399b84 40062967 400623f5 4005ab2f 4005dfb8
I/DEBUG   (  163):     48399b94 471344d0 47134128 4005ed49 40061dad
I/DEBUG   (  163):     48399ba4 401f02a0 40062485 402ad829 402adebd
I/DEBUG   (  163):     48399bb4 402ad85d 402ad95d 402add81 402aed99
I/DEBUG   (  163):
I/DEBUG   (  163): memory near r6:
I/DEBUG   (  163):     483a31b0 00000000 00000000 00000000 00000000
I/DEBUG   (  163):     483a31c0 00000000 483ae5a4 00000000 00000000
I/DEBUG   (  163):     483a31d0 483937e0 00000000 00000000 00000000
I/DEBUG   (  163):     483a31e0 00000000 5aa39008 5ab24008 00000000
I/DEBUG   (  163):     483a31f0 00000000 00000000 00000000 00000000
I/DEBUG   (  163):     483a3200 00000000 00000000 00000000 00000000
I/DEBUG   (  163):     483a3210 00000000 00000000 00000000 00000000
I/DEBUG   (  163):     483a3220 00000000 00000000 00000000 00000000
I/DEBUG   (  163):     483a3230 00000000 00000000 00000000 00000000
I/DEBUG   (  163):     483a3240 00000000 00000000 00000000 00000000
I/DEBUG   (  163):     483a3250 00000000 00000000 00000000 00000000
I/DEBUG   (  163):     483a3260 00000000 00000000 00000000 5aea9008
I/DEBUG   (  163):     483a3270 5af94008 00000000 00000000 00000000
I/DEBUG   (  163):     483a3280 00000000 00000000 00000000 00000000
I/DEBUG   (  163):     483a3290 00000000 00000000 00000000 00000000
I/DEBUG   (  163):     483a32a0 00000000 00000000 00000000 00000000
I/DEBUG   (  163):
I/DEBUG   (  163): memory near r7:
I/DEBUG   (  163):     483a4ca0 872b020c 40766516 00000000 00000000
I/DEBUG   (  163):     483a4cb0 00708000 5a330008 ffffffff 00000000
I/DEBUG   (  163):     483a4cc0 00000000 00000000 00000000 00000000
I/DEBUG   (  163):     483a4cd0 00000000 00000000 00000000 00000000
I/DEBUG   (  163):     483a4ce0 48393778 4b66c610 00000000 dead10cc
I/DEBUG   (  163):     483a4cf0 dead10cc deadc04d 00000000 dead10cc
I/DEBUG   (  163):     483a4d00 dead10cc deadc04d 492efbd0 00000008
I/DEBUG   (  163):     483a4d10 492efbf8 492efbf8 492efdf8 492efbdc
I/DEBUG   (  163):     483a4d20 492efc00 492efbf8 492efdf8 492efbdc
I/DEBUG   (  163):     483a4d30 299effef 0000000d 77894008 7790b008
I/DEBUG   (  163):     483a4d40 00000002 77894008 7790b008 7776a008
I/DEBUG   (  163):     483a4d50 777e1008 0001acf1 00016297 4b2c7b8c
I/DEBUG   (  163):     483a4d60 40093e34 00001985 00000280 0000017c
I/DEBUG   (  163):     483a4d70 0003b600 00000000 00000002 00000002
I/DEBUG   (  163):     483a4d80 dead10cc dead10cc deadc04d 00000000
I/DEBUG   (  163):     483a4d90 00000000 483a7954 483a7954 483a7944
I/DEBUG   (  163):
I/DEBUG   (  163): memory near r8:
I/DEBUG   (  163):     4008a364 00001000 00001000 00010000 00200000
I/DEBUG   (  163):     4008a374 00000003 40061b91 bebb59fc bebb5aaa
I/DEBUG   (  163):     4008a384 d4910072 bebb599c 00000000 40025cf0
I/DEBUG   (  163):     4008a394 00000007 00000008 77d8b590 00000000
I/DEBUG   (  163):     4008a3a4 40366000 00000009 0000000a 00000002
I/DEBUG   (  163):     4008a3b4 00000010 00000000 00000000 00000000
I/DEBUG   (  163):     4008a3c4 00000000 00000000 00000000 00000000
I/DEBUG   (  163):     4008a3d4 00000000 00000000 00000000 00000000
I/DEBUG   (  163):     4008a3e4 00000000 00000000 00000000 00000000
I/DEBUG   (  163):     4008a3f4 00000000 00000000 00000000 00000000
I/DEBUG   (  163):     4008a404 00000000 00000000 00000000 00000000
I/DEBUG   (  163):     4008a414 00000000 00000000 00000000 00000000
I/DEBUG   (  163):     4008a424 00000000 00000000 00000000 00000000
I/DEBUG   (  163):     4008a434 00000000 00000000 00000000 00000000
I/DEBUG   (  163):     4008a444 00000000 00000000 00000000 00000000
I/DEBUG   (  163):     4008a454 00000000 00000000 00000000 00000000
I/DEBUG   (  163):
I/DEBUG   (  163): memory near r9:
I/DEBUG   (  163):     483a4cb0 00708000 5a330008 ffffffff 00000000
I/DEBUG   (  163):     483a4cc0 00000000 00000000 00000000 00000000
I/DEBUG   (  163):     483a4cd0 00000000 00000000 00000000 00000000
I/DEBUG   (  163):     483a4ce0 48393778 4b66c610 00000000 dead10cc
I/DEBUG   (  163):     483a4cf0 dead10cc deadc04d 00000000 dead10cc
I/DEBUG   (  163):     483a4d00 dead10cc deadc04d 492efbd0 00000008
I/DEBUG   (  163):     483a4d10 492efbf8 492efbf8 492efdf8 492efbdc
I/DEBUG   (  163):     483a4d20 492efc00 492efbf8 492efdf8 492efbdc
I/DEBUG   (  163):     483a4d30 299effef 0000000d 77894008 7790b008
I/DEBUG   (  163):     483a4d40 00000002 77894008 7790b008 7776a008
I/DEBUG   (  163):     483a4d50 777e1008 0001acf1 00016297 4b2c7b8c
I/DEBUG   (  163):     483a4d60 40093e34 00001985 00000280 0000017c
I/DEBUG   (  163):     483a4d70 0003b600 00000000 00000002 00000002
I/DEBUG   (  163):     483a4d80 dead10cc dead10cc deadc04d 00000000
I/DEBUG   (  163):     483a4d90 00000000 483a7954 483a7954 483a7944
I/DEBUG   (  163):     483a4da0 49060a0c 491daee4 492e3014 491daf04
I/DEBUG   (  163):
I/DEBUG   (  163): memory near sl:
I/DEBUG   (  163):     5ff7cf10 401ac910 5ff7ee08 00000001 00000000
I/DEBUG   (  163):     5ff7cf20 00000040 00000000 00000000 0000024b
I/DEBUG   (  163):     5ff7cf30 5ff7ead8 4b2cab08 00000000 77191000
I/DEBUG   (  163):     5ff7cf40 000fe000 00001000 00000000 00000000
I/DEBUG   (  163):     5ff7cf50 00000f69 00000001 00000000 00000000
I/DEBUG   (  163):     5ff7cf60 00000000 00000000 7728edd0 5ff91000
I/DEBUG   (  163):     5ff7cf70 65646e75 656e6966 79732064 6c6f626d
I/DEBUG   (  163):     5ff7cf80 6c67203a 64616552 66667542 00007265
I/DEBUG   (  163):     5ff7cf90 00726566 44326572 00726500 54007669
I/DEBUG   (  163):     5ff7cfa0 00000000 00000000 00000000 00000000
I/DEBUG   (  163):     5ff7cfb0 00000000 00000000 00000000 00000000
I/DEBUG   (  163):     5ff7cfc0 00000000 00000000 00000000 00000000
I/DEBUG   (  163):     5ff7cfd0 00000000 00000000 00000000 00000000
I/DEBUG   (  163):     5ff7cfe0 00000000 00000000 00000000 00000000
I/DEBUG   (  163):     5ff7cff0 00000000 00000000 00000000 00000000
I/DEBUG   (  163):     5ff7d000 00000000 00000000 00000000 00000000
I/DEBUG   (  163):
I/DEBUG   (  163): memory near ip:
I/DEBUG   (  163):     48399b38 4004ad6c 4004dfa1 4004a820 4004ad90
I/DEBUG   (  163):     48399b48 4004a924 400af6a4 4004a600 4004ad2c
I/DEBUG   (  163):     48399b58 4004f04d 4004ad88 40049c45 40049c31
I/DEBUG   (  163):     48399b68 40049c59 4005ab61 4004af78 4005e53c
I/DEBUG   (  163):     48399b78 4005fa9c 4005cdd8 483d6099 40062967
I/DEBUG   (  163):     48399b88 400623f5 4005ab2f 4005dfb8 471344d0
I/DEBUG   (  163):     48399b98 47134128 4005ed49 40061dad 401f02a0
I/DEBUG   (  163):     48399ba8 40062485 402ad829 402adebd 402ad85d
I/DEBUG   (  163):     48399bb8 402ad95d 402add81 402aed99 402aeef1
I/DEBUG   (  163):     48399bc8 47134738 483d84ed 48ef85e1 48ef9c99
I/DEBUG   (  163):     48399bd8 48ef7209 48ef7999 483d870d 48ef7b95
I/DEBUG   (  163):     48399be8 48ef5d61 48ef877d 48ef67c1 48ef682d
I/DEBUG   (  163):     48399bf8 483cb3a9 48ef8de1 48ef9279 48ef8871
I/DEBUG   (  163):     48399c08 48efafb1 48ef6b09 483d8491 4006520f
I/DEBUG   (  163):     48399c18 483d84cd 47134220 471347d8 471341a4
I/DEBUG   (  163):     48399c28 47134560 47134208 47134024 47134574
I/DEBUG   (  163):
I/DEBUG   (  163): memory near sp:
I/DEBUG   (  163):     7728bc78 483a4cd0 47efc977 4008a384 483a4cd4
I/DEBUG   (  163):     7728bc88 40086000 d4910072 48399ae4 48399ae4
I/DEBUG   (  163):     7728bc98 483a16c0 483a31d0 48399ae4 47f05bff
I/DEBUG   (  163):     7728bca8 deadc04d 483a4cec 483a4ce0 492efbe0
I/DEBUG   (  163):     7728bcb8 4008a384 4004acb4 483a4cec d4910072
I/DEBUG   (  163):     7728bcc8 483a4d80 483a16c0 000000a1 40094324
I/DEBUG   (  163):     7728bcd8 00001000 00000000 40096f0c 47f0a237
I/DEBUG   (  163):     7728bce8 00000000 4905a000 4905a798 4006501f
I/DEBUG   (  163):     7728bcf8 7728d73c 4905a7a4 0000017c 47f0a1e5
I/DEBUG   (  163):     7728bd08 483a16c0 4839a000 00000280 00000000
I/DEBUG   (  163):     7728bd18 0000000b 00000280 779ea2b8 00000a00
I/DEBUG   (  163):     7728bd28 7728cbe4 00000474 7728cbf0 40065219
I/DEBUG   (  163):     7728bd38 d4910072 47ef063c d4910072 480efcd0
I/DEBUG   (  163):     7728bd48 7be55000 00000a00 00000280 00000474
I/DEBUG   (  163):     7728bd58 7c11e000 00000a00 7c11e000 00000a00
I/DEBUG   (  163):     7728bd68 49f05f3d 00000008 00000001 00000014
I/DEBUG   (  163):
I/DEBUG   (  163): code around pc:
I/DEBUG   (  163):     480ebcec 0031f892 f882b918 f8823031 29003032
I/DEBUG   (  163):     480ebcfc 4608d0ee fee0f7ff bf00e7ea 00000685
W/st-log  (  191): Final features: 0
I/DEBUG   (  163):     480ebd0c 6003680b 6043684b 3304b15b 8f5ff3bf
I/DEBUG   (  163):     480ebd1c 1f00e853 e8433101 2a001200 f3bfd1f8
I/DEBUG   (  163):     480ebd2c 47708f5f b082b510 46684601 ffe8f7ff
I/DEBUG   (  163):     480ebd3c 98019b00 bf181c1c b1082401 febcf7ff
I/DEBUG   (  163):     480ebd4c b0024620 bf00bd10 b8def0ad 2061b508
I/DEBUG   (  163):     480ebd5c ef58f5ff 70e0ea20 bf00bd08 41f0e92d
I/DEBUG   (  163):     480ebd6c e8904680 42b50060 462cd011 1b631d2f
I/DEBUG   (  163):     480ebd7c b10858f8 fea0f7ff 42a63408 f8d8d1f7
I/DEBUG   (  163):     480ebd8c b1080000 f918f02f e8bd4640 462881f0
I/DEBUG   (  163):     480ebd9c f8d8e7f7 b1080000 f90ef02f fb12f02f
I/DEBUG   (  163):     480ebdac 43f8e92d 68064604 f001460f 4d2afbf9
I/DEBUG   (  163):     480ebdbc 6803447d 429e4681 e8bdd301 4b2783f8
I/DEBUG   (  163):     480ebdcc 0801f04f 463058ee e9dcf5ff 2b016823
I/DEBUG   (  163):     480ebddc 6823d820 6823b143 d1f72b01 46314b20
I/DEBUG   (  163):
I/DEBUG   (  163): code around lr:
I/DEBUG   (  163):     480ec24c b0024620 9801bd10 f7ffb108 f02ffc35
I/DEBUG   (  163):     480ec25c bf00f8b9 b082b510 46684601 fd50f7ff
I/DEBUG   (  163):     480ec26c 46049800 f100b148 46200418 f89cf610
I/DEBUG   (  163):     480ec27c 46209b00 f610695c 9801f949 f7ffb108
I/DEBUG   (  163):     480ec28c 4620fc1b bd10b002 b1089801 fc14f7ff
I/DEBUG   (  163):     480ec29c f898f02f f7ffb570 4604fde7 f890b110
I/DEBUG   (  163):     480ec2ac b9033070 f100bd70 46280518 f87cf610
I/DEBUG   (  163):     480ec2bc 3071f894 4628b923 4070e8bd b926f610
I/DEBUG   (  163):     480ec2cc 20012600 6071f884 ff3af02e 46324905
I/DEBUG   (  163):     480ec2dc 68094479 fec2f02f f6104628 f02ff917
I/DEBUG   (  163):     480ec2ec bf00f871 002ac530 f7ffb538 4604fdbd
I/DEBUG   (  163):     480ec2fc f100b148 46280518 f856f610 f8944628
I/DEBUG   (  163):     480ec30c f6104071 4620f903 bf00bd38 6905b5f8
I/DEBUG   (  163):     480ec31c b15d68c4 f3bf1d2b e8538f5f 31011f00
I/DEBUG   (  163):     480ec32c 1200e843 d1f82a00 8f5ff3bf 23006920
I/DEBUG   (  163):     480ec33c 612360e3 f7ffb108 4828fbbf 44784928
W/st-log  (  191): Initial features: Max - 6207, Min - 7398
I/BootReceiver(  919): Copying /data/tombstones/tombstone_04 to DropBox (SYSTEM_TOMBSTONE)
W/ActivityManager(  919):   Force finishing activity ac.uk.imperial.aer/.MainActivity
E/JNI Log ( 3693): CameraInterface:TangoSupport_updatePointCloud failed
W/st-log  (  191): Final features: 0
I/DEBUG   (  163): unexpected waitpid response: n=3722, status=0000000b
I/DEBUG   (  163): ptrace detach from 3722 failed: No such process
I/DEBUG   (  163): debuggerd committing suicide to free the zombie!
I/DEBUG   ( 3983): debuggerd: Nov 29 2016 10:59:31
W/InputDispatcher(  919): channel '651bbeb0 ac.uk.imperial.aer/ac.uk.imperial.aer.MainActivity (server)' ~ Consumer closed input channel or an error occurred.  events=0x9
E/InputDispatcher(  919): channel '651bbeb0 ac.uk.imperial.aer/ac.uk.imperial.aer.MainActivity (server)' ~ Channel is unrecoverably broken and will be disposed!
D/phs:ipc-loc(  181): Socket 7: hangup from client "ac.uk.imperial.aer"
V/ClClient( 3665): SEND(2)	KeepAliveRequest_4{}	UID:d134aea3-a2af-4887-a392-751551d7db78
I/tango   (  191): TangoService.cc:192 ThreadLoop attempting disconnect number 0.
I/tango   (  191): tango_context.cc:300 TangoContext::StopRuntime() /data/data/com.google.tango/files/datasets/
I/tango   (  191): tango_application.cc:300 TangoApplication: Stopping...
I/tango   (  191): tango_hal_device_wrapper.cc:187 HAL device wrapper calling stop.
W/st-log  (  191): Initial features: Max - 6153, Min - 7406
I/WindowState(  919): WIN DEATH: Window{6527f388 u0 SurfaceView}
D/Sensors (  919): Writing packet 54 36 0B 00 74
D/Sensors (  919): Writing packet 54 31 0B 00 74
W/InputDispatcher(  919): Attempted to unregister already unregistered input channel '651bbeb0 ac.uk.imperial.aer/ac.uk.imperial.aer.MainActivity (server)'
I/WindowState(  919): WIN DEATH: Window{651bbeb0 u0 ac.uk.imperial.aer/ac.uk.imperial.aer.MainActivity}
I/ActivityManager(  919): Process ac.uk.imperial.aer (pid 3693) has died.
E/Sensors (  919): [nosae] setDelay: 10000000 sec
D/Sensors (  919): Writing packet 54 32 0A 04 10 27 00 00 74
I/WindowState(  919): WIN DEATH: Window{65323d38 u0 SurfaceView}
D/Sensors (  919): Writing packet 54 36 10 00 74
D/Sensors (  919): Writing packet 54 31 10 00 74
D/phs:ipc-loc(  181): Socket 16: hangup from client "ac.uk.imperial.aer"
D/NvOsDebugPrintf(  171): routeResultFromCAM: WARNING: only 0 requests in flight on sensor 0, frame drops likely
D/NvOsDebugPrintf(  171): routeResultFromCAM: WARNING: only 0 requests in flight on sensor 1, frame drops likely
D/NvOsDebugPrintf(  171): NvCamScaler_OutputThread-- (error 0x0)
I/art     (  165): Process 3693 terminated by signal (11)
D/NvOsDebugPrintf(  171): SensorBayer_SetPowerLevel 1
E/Sensors (  919): [nosae] setDelay: 10000000 sec
D/Sensors (  919): Writing packet 54 32 0A 04 10 27 00 00 74
I/Camera2ClientBase(  171): Closed Camera 1
I/tango   (  191): tango_hal_device_wrapper.cc:190 HAL device wrapper stop call succeeded.
V/ClClient( 3665): RECV(2)  +0.5s	KeepAliveResponse_5{hasEstablishedSession=true}
I/tango   (  191): image-cache-inl.h:381 Starting ImageCache drain.
I/tango   (  191): image-cache-inl.h:410 Finished ImageCache drain.
I/tango   (  191): image-cache-inl.h:381 Starting ImageCache drain.
I/tango   (  191): image-cache-inl.h:410 Finished ImageCache drain.
