I/JNI Log ( 3693): MY elasitcfusion GlobalModel struct init 8
I/JNI Log ( 3693): MY elasitcfusion GlobalModel struct init 9 : target: 0, renderSource:   1,  vbos[target].first : 1,  vbos[target].second : 1, vbos[renderSource].first: 0 , vbos[renderSource].second: 0
I/JNI Log ( 3693): MY elasitcfusion GlobalModel struct init 10 : target: 0, renderSource:   1,  vbos[target].first : 1,  vbos[target].second : 1, vbos[renderSource].first: 0 , vbos[renderSource].second: 2
I/JNI Log ( 3693): MY elasitcfusion GlobalModel struct init 11 : target: 0, renderSource:   1,  vbos[target].first : 1,  vbos[target].second : 1, vbos[renderSource].first: 2 , vbos[renderSource].second: 2
I/JNI Log ( 3693): MY elasitcfusion GlobalModel struct init 12 : target: 0, renderSource:   1,  vbos[target].first : 1,  vbos[target].second : 1, vbos[renderSource].first: 2 , vbos[renderSource].second: 2
W/st-log  (  191): Final features: 1211
W/st-log  (  191): Initial features: Max - 7336, Min - 7523
I/JNI Log ( 3693): MY elasitcfusion GlobalModel struct init 13
I/JNI Log ( 3693): MY elasitcfusion GlobalModel struct init 14
I/JNI Log ( 3693): MY elasitcfusion GlobalModel struct init 15
W/st-log  (  191): Final features: 232
I/JNI Log ( 3693): MY elasitcfusion GlobalModel struct init 16 glGenTransformFeedbacks newUnstableFid: 0
W/st-log  (  191): Initial features: Max - 6534, Min - 7702
W/st-log  (  191): Final features: 0
E/JNI Log ( 3693): CameraInterface:TangoSupport_updatePointCloud failed
W/st-log  (  191): Initial features: Max - 6015, Min - 7300
I/JNI Log ( 3693): MY elasitcfusion GlobalModel struct init 17 glGenTransformFeedbacks newUnstableFid: 3
I/JNI Log ( 3693): MY elasitcfusion GlobalModel struct init 18
I/JNI Log ( 3693): MY elasitcfusion GlobalModel struct init 19
I/JNI Log ( 3693): CameraInterface: point could data is new
I/JNI Log ( 3693): MY elasitcfusion GlobalModel struct init 7
I/JNI Log ( 3693): TangoService_getPoseAtTime success
W/st-log  (  191): Final features: 0
E/JNI Log ( 3693): CameraInterface:TangoSupport_updatePointCloud failed
I/JNI Log ( 3693): MY elasitcfusion GlobalModel struct init 20
I/JNI Log ( 3693): MY elasitcfusion GlobalModel struct init 21
I/JNI Log ( 3693): MY elasitcfusion GlobalModel struct init 22
W/st-log  (  191): Initial features: Max - 6132, Min - 7332
W/st-log  (  191): Final features: 0
E/JNI Log ( 3693): CameraInterface:TangoSupport_updatePointCloud failed
I/JNI Log ( 3693): MY elasitcfusion GlobalModel struct init 23
I/JNI Log ( 3693): MY elasitcfusion GlobalModel struct init 24
W/st-log  (  191): Initial features: Max - 6307, Min - 7332
I/JNI Log ( 3693): MY elasitcfusion GlobalModel struct init 25
I/JNI Log ( 3693): MY elasitcfusion GlobalModel struct init 26
I/JNI Log ( 3693): MY elasitcfusion GlobalModel struct init 27
I/JNI Log ( 3693): MY elasitcfusion GlobalModel struct init 28
I/JNI Log ( 3693): CameraInterface: point could data is not new, return
I/JNI Log ( 3693): MY elasitcfusion GlobalModel struct init 29 AttachColour(*updateMapVertsConfs.texture); start
I/JNI Log ( 3693): GlFramebuffer AttachColour start : attachments: 0
I/JNI Log ( 3693): GlFramebuffer Reinitialise start
I/JNI Log ( 3693): GlFramebuffer Reinitialise start 1
I/JNI Log ( 3693): GlFramebuffer Reinitialise done 2
I/JNI Log ( 3693): GlFramebuffer AttachColour start  1
I/JNI Log ( 3693): GlFramebuffer AttachColour start  2
I/JNI Log ( 3693): GlFramebuffer AttachColour start  3
I/JNI Log ( 3693): GlFramebuffer AttachColour start  4
I/JNI Log ( 3693): GlFramebuffer AttachColour done
I/JNI Log ( 3693): MY elasitcfusion GlobalModel struct init 30 AttachColour(*updateMapVertsConfs.texture); done
I/JNI Log ( 3693): MY elasitcfusion GlobalModel struct init 31 AttachColour(*updateMapColorsTime.texture); start
I/JNI Log ( 3693): GlFramebuffer AttachColour start : attachments: 1
I/JNI Log ( 3693): GlFramebuffer AttachColour start  1
I/JNI Log ( 3693): GlFramebuffer AttachColour start  2
I/JNI Log ( 3693): GlFramebuffer AttachColour start  3
I/JNI Log ( 3693): GlFramebuffer AttachColour start  4
I/JNI Log ( 3693): GlFramebuffer AttachColour done
I/JNI Log ( 3693): MY elasitcfusion GlobalModel struct init 32 AttachColour(*updateMapColorsTime.texture); done
I/JNI Log ( 3693): MY elasitcfusion GlobalModel struct init 33 AttachColour(*updateMapNormsRadii.texture); start
I/JNI Log ( 3693): GlFramebuffer AttachColour start : attachments: 2
I/JNI Log ( 3693): GlFramebuffer AttachColour start  1
I/JNI Log ( 3693): GlFramebuffer AttachColour start  2
I/JNI Log ( 3693): GlFramebuffer AttachColour start  3
I/JNI Log ( 3693): GlFramebuffer AttachColour start  4
I/JNI Log ( 3693): GlFramebuffer AttachColour done
I/JNI Log ( 3693): MY elasitcfusion GlobalModel struct init 34 AttachColour(*updateMapNormsRadii.texture); done
I/JNI Log ( 3693): MY elasitcfusion GlobalModel struct init AttachDepthrenderBuffer); start
I/JNI Log ( 3693): GlFramebuffer AttachDepth start
I/JNI Log ( 3693): GlFramebuffer AttachDepth 1
I/JNI Log ( 3693): GlFramebuffer AttachDepth 2
I/JNI Log ( 3693): GlFramebuffer AttachDepth 3
I/JNI Log ( 3693): GlFramebuffer AttachDepth done
I/JNI Log ( 3693): MY elasitcfusion GlobalModel struct init 35 AttachDepth(renderBuffer); done
I/JNI Log ( 3693): MY elasitcfusion GlobalModel struct init 36
I/JNI Log ( 3693): MY elasitcfusion Shader Bind start
I/JNI Log ( 3693): MY elasitcfusion Shader Bind done
I/JNI Log ( 3693): MY elasitcfusion GlobalModel struct init check 37
I/JNI Log ( 3693): MY elasitcfusion GlobalModel struct init check 28
I/JNI Log ( 3693): MY elasitcfusion GlobalModel struct init 39
I/JNI Log ( 3693): MY elasitcfusion Shader Unbind start
I/JNI Log ( 3693): MY elasitcfusion Shader Unbind done
I/JNI Log ( 3693): MY elasitcfusion GlobalModel struct init check 40
I/JNI Log ( 3693): MY elasitcfusion Shader Bind start
I/JNI Log ( 3693): MY elasitcfusion Shader Bind done
I/JNI Log ( 3693): MY elasitcfusion GlobalModel struct init check 41
I/JNI Log ( 3693): MY elasitcfusion GlobalModel struct init check 42
I/JNI Log ( 3693): MY elasitcfusion GlobalModel struct init check 43
I/JNI Log ( 3693): MY elasitcfusion Shader Unbind start
I/JNI Log ( 3693): MY elasitcfusion Shader Unbind done
I/JNI Log ( 3693): MY elasitcfusion GlobalModel struct init check 44
I/JNI Log ( 3693): MY elasitcfusion Shader Bind start
I/JNI Log ( 3693): MY elasitcfusion Shader Bind done
I/JNI Log ( 3693): MY elasitcfusion GlobalModel struct init check 45
I/JNI Log ( 3693): MY elasitcfusion GlobalModel struct init check 46
I/JNI Log ( 3693): MY elasitcfusion GlobalModel struct init check 47
I/JNI Log ( 3693): MY elasitcfusion Shader Unbind start
I/JNI Log ( 3693): MY elasitcfusion Shader Unbind done
I/JNI Log ( 3693): MY elasitcfusion GlobalModel struct init check 48
I/JNI Log ( 3693): MY elasitcfusion Shader Bind start
I/JNI Log ( 3693): MY elasitcfusion Shader Bind done
I/JNI Log ( 3693): MY elasitcfusion GlobalModel struct init check 49
I/JNI Log ( 3693): MY elasitcfusion GlobalModel struct init check 50
I/JNI Log ( 3693): MY elasitcfusion GlobalModel struct init 51
I/JNI Log ( 3693): MY elasitcfusion GlobalModel struct init 52
I/JNI Log ( 3693): MY elasitcfusion GlobalModel struct init 53  glBindTransformFeedback : target: 0, renderSource:   1,  vbos[target].first : 1,  vbos[target].second : 1, vbos[renderSource].first: 2 , vbos[renderSource].second: 2
I/JNI Log ( 3693): MY elasitcfusion GlobalModel struct init 54  glBindTransformFeedback : target: 0, renderSource:   1,  vbos[target].first : 1,  vbos[target].second : 1, vbos[renderSource].first: 2 , vbos[renderSource].second: 2
I/JNI Log ( 3693): MY elasitcfusion GlobalModel struct init 55  : target: 0, renderSource:   1,  vbos[target].first : 1,  vbos[target].second : 1, vbos[renderSource].first: 2 , vbos[renderSource].second: 2
I/JNI Log ( 3693): MY elasitcfusion GlobalModel struct init 56
I/JNI Log ( 3693): MY elasitcfusion GlobalModel struct init 57
I/JNI Log ( 3693): MY elasitcfusion GlobalModel struct init 58 glBindTransformFeedback
I/JNI Log ( 3693): MY elasitcfusion GlobalModel struct init 59  glBindTransformFeedback : target: 0, renderSource:   1,  vbos[target].first : 1,  vbos[target].second : 1, vbos[renderSource].first: 2 , vbos[renderSource].second: 2
I/JNI Log ( 3693): MY elasitcfusion GlobalModel struct init 60 glBindTransformFeedback : target: 0, renderSource:   1,  vbos[target].first : 1,  vbos[target].second : 1, vbos[renderSource].first: 2 , vbos[renderSource].second: 2
I/JNI Log ( 3693): MY elasitcfusion GlobalModel struct init 61  : target: 0, renderSource:   1,  vbos[target].first : 1,  vbos[target].second : 1, vbos[renderSource].first: 2 , vbos[renderSource].second: 2
I/JNI Log ( 3693): MY elasitcfusion GlobalModel struct init 62
I/JNI Log ( 3693): MY elasitcfusion GlobalModel struct init 63
I/JNI Log ( 3693): MY elasitcfusion GlobalModel struct init 64
I/JNI Log ( 3693): MY elasitcfusion GlobalModel struct init 65 glBindTransformFeedback
I/JNI Log ( 3693): MY elasitcfusion GlobalModel struct init 66 glBindTransformFeedback
I/JNI Log ( 3693): MY elasitcfusion Shader Unbind start
I/JNI Log ( 3693): MY elasitcfusion Shader Unbind done
I/JNI Log ( 3693): MY elasitcfusion GlobalModel struct init 67 done
I/JNI Log ( 3693): GlTexture init  start 1: 640, 380, 6408, 0, 6408, 5121 : data is null: 1
I/JNI Log ( 3693): GlTexture Reinitialise start 1 : 6408, 6408, 5121, data is null: 1
I/JNI Log ( 3693): GlTexture Reinitialise 2 2
I/JNI Log ( 3693): GlTexture Reinitialise 3
I/JNI Log ( 3693): GlTexture bind start check
I/JNI Log ( 3693): GlTexture bind start
I/JNI Log ( 3693): GlTexture bind done
I/JNI Log ( 3693): GlTexture Reinitialise 4
I/JNI Log ( 3693): GlTexture Reinitialise 5
I/JNI Log ( 3693): GlTexture Reinitialise 6
I/JNI Log ( 3693): GlTexture Reinitialise 7 done
I/JNI Log ( 3693): GlTexture init done 2
I/JNI Log ( 3693): MY elasitcfusion GPUTexture struct start init 1 : 640, 380,  6408,  6408,  5121
I/JNI Log ( 3693): MY elasitcfusion GPUTexture is cuda: 29
I/JNI Log ( 3693): elasticfusion GPU texture cudaGraphicsGLRegisterImage success
I/JNI Log ( 3693): MY elasitcfusion GPUTexture struct init 2 done
I/JNI Log ( 3693): GlTexture init  start 1: 640, 380, 6409, 0, 6409, 5121 : data is null: 1
I/JNI Log ( 3693): GlTexture Reinitialise start 1 : 6409, 6409, 5121, data is null: 1
I/JNI Log ( 3693): GlTexture Reinitialise 2 2
I/JNI Log ( 3693): GlTexture Reinitialise 3
I/JNI Log ( 3693): GlTexture bind start check
I/JNI Log ( 3693): GlTexture bind start
I/JNI Log ( 3693): GlTexture bind done
I/JNI Log ( 3693): GlTexture Reinitialise 4
I/JNI Log ( 3693): GlTexture Reinitialise 5
I/JNI Log ( 3693): GlTexture Reinitialise 6
I/JNI Log ( 3693): GlTexture Reinitialise 7 done
I/JNI Log ( 3693): GlTexture init done 2
I/JNI Log ( 3693): MY elasitcfusion GPUTexture struct start init 1 : 640, 380,  6409,  6409,  5121
I/JNI Log ( 3693): MY elasitcfusion GPUTexture is cuda: 30
I/JNI Log ( 3693): elasticfusion GPU texture cudaGraphicsGLRegisterImage success
I/JNI Log ( 3693): MY elasitcfusion GPUTexture struct init 2 done
I/JNI Log ( 3693): GlTexture init  start 1: 640, 380, 6409, 0, 6409, 5121 : data is null: 1
I/JNI Log ( 3693): GlTexture Reinitialise start 1 : 6409, 6409, 5121, data is null: 1
I/JNI Log ( 3693): GlTexture Reinitialise 2 2
I/JNI Log ( 3693): GlTexture Reinitialise 3
I/JNI Log ( 3693): GlTexture bind start check
I/JNI Log ( 3693): GlTexture bind start
I/JNI Log ( 3693): GlTexture bind done
I/JNI Log ( 3693): GlTexture Reinitialise 4
I/JNI Log ( 3693): GlTexture Reinitialise 5
I/JNI Log ( 3693): GlTexture Reinitialise 6
I/JNI Log ( 3693): GlTexture Reinitialise 7 done
I/JNI Log ( 3693): GlTexture init done 2
I/JNI Log ( 3693): MY elasitcfusion GPUTexture struct start init 1 : 640, 380,  6409,  6409,  5121
I/JNI Log ( 3693): MY elasitcfusion GPUTexture is cuda: 31
I/JNI Log ( 3693): elasticfusion GPU texture cudaGraphicsGLRegisterImage success
I/JNI Log ( 3693): MY elasitcfusion GPUTexture struct init 2 done
I/JNI Log ( 3693): MY elasitcfusion Shader loadProgram 2: v, f, g: emptyvert, quadgeom, fill_rgbfrag
I/JNI Log ( 3693): MY elasitcfusion Shader loadProgram 2 GL_VERTEX_SHADER start  emptyvert
I/JNI Log ( 3693): MY elasitcfusion Shader AddShader  start 1
I/JNI Log ( 3693): MY elasitcfusion Shader AddShader true
I/JNI Log ( 3693): MY elasitcfusion Shader loadProgram 2 GL_VERTEX_SHADER done  emptyvert
I/JNI Log ( 3693): MY elasitcfusion Shader loadProgram 2 GL_GEOMETRY_SHADER start  quadgeom
I/JNI Log ( 3693): MY elasitcfusion Shader AddShader  start 1
I/JNI Log ( 3693): MY elasitcfusion Shader AddShader true
I/JNI Log ( 3693): MY elasitcfusion Shader loadProgram 2 GL_GEOMETRY_SHADER done  quadgeom
I/JNI Log ( 3693): MY elasitcfusion Shader loadProgram 2 GL_FRAGMENT_SHADER start  fill_rgbfrag
I/JNI Log ( 3693): MY elasitcfusion Shader AddShader  start 1
I/JNI Log ( 3693): MY elasitcfusion Shader AddShader true
I/JNI Log ( 3693): MY elasitcfusion Shader loadProgram 2 GL_FRAGMENT_SHADER done  fill_rgbfrag
I/JNI Log ( 3693): MY elasitcfusion Shader Link 1
I/JNI Log ( 3693): MY elasitcfusion Shader Link true
I/JNI Log ( 3693): MY elasitcfusion Shader loadProgram 2 done
I/JNI Log ( 3693): GlRenderBuffer init start 640, 380, 33190,
I/JNI Log ( 3693): GlRenderBuffer Reinitialise start
I/JNI Log ( 3693): GlRenderBuffer Reinitialise start glDeleteTextures
I/JNI Log ( 3693): GlRenderBuffer Reinitialise change
I/JNI Log ( 3693): GlRenderBuffer Reinitialise 1
I/JNI Log ( 3693): GlRenderBuffer Reinitialise 1 2
W/st-log  (  191): Final features: 7
E/st-log  (  191): No features found in frame (last, 7)
E/JNI Log ( 3693): CameraInterface:TangoSupport_updatePointCloud failed
W/st-log  (  191): Initial features: Max - 6439, Min - 7312
I/JNI Log ( 3693): CameraInterface: point could data is not new, return
I/JNI Log ( 3693): GlRenderBuffer Reinitialise 2
I/JNI Log ( 3693): GlRenderBuffer Reinitialise 3
I/JNI Log ( 3693): GlRenderBuffer Reinitialise done
I/JNI Log ( 3693): GlRenderBuffer init done
I/JNI Log ( 3693): GlFramebuffer init 1
I/JNI Log ( 3693): MY elasitcfusion Shader loadProgram 2: v, f, g: emptyvert, quadgeom, fill_vertexfrag
I/JNI Log ( 3693): MY elasitcfusion Shader loadProgram 2 GL_VERTEX_SHADER start  emptyvert
I/JNI Log ( 3693): MY elasitcfusion Shader AddShader  start 1
I/JNI Log ( 3693): MY elasitcfusion Shader AddShader true
I/JNI Log ( 3693): MY elasitcfusion Shader loadProgram 2 GL_VERTEX_SHADER done  emptyvert
I/JNI Log ( 3693): MY elasitcfusion Shader loadProgram 2 GL_GEOMETRY_SHADER start  quadgeom
I/JNI Log ( 3693): MY elasitcfusion Shader AddShader  start 1
I/JNI Log ( 3693): MY elasitcfusion Shader AddShader true
I/JNI Log ( 3693): MY elasitcfusion Shader loadProgram 2 GL_GEOMETRY_SHADER done  quadgeom
I/JNI Log ( 3693): MY elasitcfusion Shader loadProgram 2 GL_FRAGMENT_SHADER start  fill_vertexfrag
I/JNI Log ( 3693): MY elasitcfusion Shader AddShader  start 1
I/JNI Log ( 3693): MY elasitcfusion Shader AddShader true
I/JNI Log ( 3693): MY elasitcfusion Shader loadProgram 2 GL_FRAGMENT_SHADER done  fill_vertexfrag
I/JNI Log ( 3693): MY elasitcfusion Shader Link 1
I/JNI Log ( 3693): MY elasitcfusion Shader Link true
I/JNI Log ( 3693): MY elasitcfusion Shader loadProgram 2 done
I/JNI Log ( 3693): GlRenderBuffer init start 640, 380, 33190,
I/JNI Log ( 3693): GlRenderBuffer Reinitialise start
I/JNI Log ( 3693): GlRenderBuffer Reinitialise start glDeleteTextures
I/JNI Log ( 3693): GlRenderBuffer Reinitialise change
I/JNI Log ( 3693): GlRenderBuffer Reinitialise 1
I/JNI Log ( 3693): GlRenderBuffer Reinitialise 1 2
I/JNI Log ( 3693): GlRenderBuffer Reinitialise 2
I/JNI Log ( 3693): GlRenderBuffer Reinitialise 3
I/JNI Log ( 3693): GlRenderBuffer Reinitialise done
I/JNI Log ( 3693): GlRenderBuffer init done
I/JNI Log ( 3693): GlFramebuffer init 1
I/JNI Log ( 3693): MY elasitcfusion Shader loadProgram 2: v, f, g: emptyvert, quadgeom, fill_normalfrag
I/JNI Log ( 3693): MY elasitcfusion Shader loadProgram 2 GL_VERTEX_SHADER start  emptyvert
I/JNI Log ( 3693): MY elasitcfusion Shader AddShader  start 1
I/JNI Log ( 3693): MY elasitcfusion Shader AddShader true
I/JNI Log ( 3693): MY elasitcfusion Shader loadProgram 2 GL_VERTEX_SHADER done  emptyvert
I/JNI Log ( 3693): MY elasitcfusion Shader loadProgram 2 GL_GEOMETRY_SHADER start  quadgeom
I/JNI Log ( 3693): MY elasitcfusion Shader AddShader  start 1
I/JNI Log ( 3693): MY elasitcfusion Shader AddShader true
I/JNI Log ( 3693): MY elasitcfusion Shader loadProgram 2 GL_GEOMETRY_SHADER done  quadgeom
I/JNI Log ( 3693): MY elasitcfusion Shader loadProgram 2 GL_FRAGMENT_SHADER start  fill_normalfrag
I/JNI Log ( 3693): MY elasitcfusion Shader AddShader  start 1
I/JNI Log ( 3693): MY elasitcfusion Shader AddShader true
I/JNI Log ( 3693): MY elasitcfusion Shader loadProgram 2 GL_FRAGMENT_SHADER done  fill_normalfrag
I/JNI Log ( 3693): MY elasitcfusion Shader Link 1
I/JNI Log ( 3693): MY elasitcfusion Shader Link true
I/JNI Log ( 3693): MY elasitcfusion Shader loadProgram 2 done
I/JNI Log ( 3693): GlRenderBuffer init start 640, 380, 33190,
I/JNI Log ( 3693): GlRenderBuffer Reinitialise start
I/JNI Log ( 3693): GlRenderBuffer Reinitialise start glDeleteTextures
I/JNI Log ( 3693): GlRenderBuffer Reinitialise change
I/JNI Log ( 3693): GlRenderBuffer Reinitialise 1
I/JNI Log ( 3693): GlRenderBuffer Reinitialise 1 2
I/JNI Log ( 3693): GlRenderBuffer Reinitialise 2
I/JNI Log ( 3693): GlRenderBuffer Reinitialise 3
I/JNI Log ( 3693): GlRenderBuffer Reinitialise done
I/JNI Log ( 3693): GlRenderBuffer init done
I/JNI Log ( 3693): GlFramebuffer init 1
I/JNI Log ( 3693): MY elasitcfusion FillIn struct init start 1
I/JNI Log ( 3693): MY elasitcfusion FillIn struct FillIn AttachColour(*imageTexture.texture); start
I/JNI Log ( 3693): GlFramebuffer AttachColour start : attachments: 0
I/JNI Log ( 3693): GlFramebuffer Reinitialise start
I/JNI Log ( 3693): GlFramebuffer Reinitialise start 1
I/JNI Log ( 3693): GlFramebuffer Reinitialise done 2
I/JNI Log ( 3693): GlFramebuffer AttachColour start  1
I/JNI Log ( 3693): GlFramebuffer AttachColour start  2
I/JNI Log ( 3693): GlFramebuffer AttachColour start  3
I/JNI Log ( 3693): GlFramebuffer AttachColour start  4
I/JNI Log ( 3693): GlFramebuffer AttachColour done
I/JNI Log ( 3693): MY elasitcfusion FillIn struct FillIn AttachColour(*imageTexture.texture); done
I/JNI Log ( 3693): MY elasitcfusion FillIn struct FillIn AttachDepth(imageRenderBuffer); start
I/JNI Log ( 3693): GlFramebuffer AttachDepth start
I/JNI Log ( 3693): GlFramebuffer AttachDepth 1
I/JNI Log ( 3693): GlFramebuffer AttachDepth 2
I/JNI Log ( 3693): GlFramebuffer AttachDepth 3
I/JNI Log ( 3693): GlFramebuffer AttachDepth done
I/JNI Log ( 3693): MY elasitcfusion FillIn struct FillIn AttachDepth(imageRenderBuffer); done
I/JNI Log ( 3693): MY elasitcfusion FillIn struct FillIn AttachColour(*vertexTexture.texture); start
I/JNI Log ( 3693): GlFramebuffer AttachColour start : attachments: 0
I/JNI Log ( 3693): GlFramebuffer Reinitialise start
I/JNI Log ( 3693): GlFramebuffer Reinitialise start 1
I/JNI Log ( 3693): GlFramebuffer Reinitialise done 2
I/JNI Log ( 3693): GlFramebuffer AttachColour start  1
I/JNI Log ( 3693): GlFramebuffer AttachColour start  2
I/JNI Log ( 3693): GlFramebuffer AttachColour start  3
I/JNI Log ( 3693): GlFramebuffer AttachColour start  4
I/JNI Log ( 3693): GlFramebuffer AttachColour done
I/JNI Log ( 3693): MY elasitcfusion FillIn struct FillIn AttachColour(*vertexTexture.texture); done
I/JNI Log ( 3693): MY elasitcfusion FillIn struct FillIn AttachDepth(vertexRenderBuffer); start
I/JNI Log ( 3693): GlFramebuffer AttachDepth start
I/JNI Log ( 3693): GlFramebuffer AttachDepth 1
I/JNI Log ( 3693): GlFramebuffer AttachDepth 2
I/JNI Log ( 3693): GlFramebuffer AttachDepth 3
I/JNI Log ( 3693): GlFramebuffer AttachDepth done
I/JNI Log ( 3693): MY elasitcfusion FillIn struct FillIn AttachDepth(*imageTexture.texture); done
I/JNI Log ( 3693): MY elasitcfusion FillIn struct FillIn AttachColour(*normalTexture.texture); start
I/JNI Log ( 3693): GlFramebuffer AttachColour start : attachments: 0
I/JNI Log ( 3693): GlFramebuffer Reinitialise start
I/JNI Log ( 3693): GlFramebuffer Reinitialise start 1
I/JNI Log ( 3693): GlFramebuffer Reinitialise done 2
I/JNI Log ( 3693): GlFramebuffer AttachColour start  1
I/JNI Log ( 3693): GlFramebuffer AttachColour start  2
I/JNI Log ( 3693): GlFramebuffer AttachColour start  3
I/JNI Log ( 3693): GlFramebuffer AttachColour start  4
I/JNI Log ( 3693): GlFramebuffer AttachColour done
I/JNI Log ( 3693): MY elasitcfusion FillIn struct FillIn AttachColour(*normalTexture.texture); done
I/JNI Log ( 3693): MY elasitcfusion FillIn struct FillIn AttachDepth(normalRenderBuffer); start
I/JNI Log ( 3693): GlFramebuffer AttachDepth start
I/JNI Log ( 3693): GlFramebuffer AttachDepth 1
I/JNI Log ( 3693): GlFramebuffer AttachDepth 2
I/JNI Log ( 3693): GlFramebuffer AttachDepth 3
I/JNI Log ( 3693): GlFramebuffer AttachDepth done
I/JNI Log ( 3693): MY elasitcfusion FillIn struct FillIn AttachDepth(normalRenderBuffer); done
I/JNI Log ( 3693): MY elasitcfusion FillIn struct init done 2
I/JNI Log ( 3693): MY elasitcfusion RGBDOdometry struct init start 1
I/JNI Log ( 3693): MY elasitcfusion RGBDOdometry struct init done 2
I/JNI Log ( 3693): GlTexture init  start 1: 80, 47, 6409, 0, 6409, 5121 : data is null: 1
I/JNI Log ( 3693): GlTexture Reinitialise start 1 : 6409, 6409, 5121, data is null: 1
I/JNI Log ( 3693): GlTexture Reinitialise 2 2
W/st-log  (  191): Final features: 0
E/JNI Log ( 3693): CameraInterface:TangoSupport_updatePointCloud failed
W/st-log  (  191): Initial features: Max - 6283, Min - 7273
I/JNI Log ( 3693): GlTexture Reinitialise 3
I/JNI Log ( 3693): GlTexture bind start check
I/JNI Log ( 3693): GlTexture bind start
I/JNI Log ( 3693): GlTexture bind done
I/JNI Log ( 3693): GlTexture Reinitialise 4
I/JNI Log ( 3693): CameraInterface: point could data is not new, return
I/JNI Log ( 3693): GlTexture Reinitialise 5
I/JNI Log ( 3693): GlTexture Reinitialise 6
I/JNI Log ( 3693): GlTexture Reinitialise 7 done
I/JNI Log ( 3693): GlTexture init done 2
I/JNI Log ( 3693): MY elasitcfusion GPUTexture struct start init 1 : 80, 47,  6409,  6409,  5121
I/JNI Log ( 3693): MY elasitcfusion GPUTexture is cuda: 35
I/JNI Log ( 3693): elasticfusion GPU texture cudaGraphicsGLRegisterImage success
I/JNI Log ( 3693): MY elasitcfusion GPUTexture struct init 2 done
I/JNI Log ( 3693): GlTexture init  start 1: 80, 47, 6409, 0, 6409, 5121 : data is null: 1
I/JNI Log ( 3693): GlTexture Reinitialise start 1 : 6409, 6409, 5121, data is null: 1
I/JNI Log ( 3693): GlTexture Reinitialise 2 2
I/JNI Log ( 3693): GlTexture Reinitialise 3
I/JNI Log ( 3693): GlTexture bind start check
I/JNI Log ( 3693): GlTexture bind start
I/JNI Log ( 3693): GlTexture bind done
I/JNI Log ( 3693): GlTexture Reinitialise 4
I/JNI Log ( 3693): GlTexture Reinitialise 5
I/JNI Log ( 3693): GlTexture Reinitialise 6
I/JNI Log ( 3693): GlTexture Reinitialise 7 done
I/JNI Log ( 3693): GlTexture init done 2
I/JNI Log ( 3693): MY elasitcfusion GPUTexture struct start init 1 : 80, 47,  6409,  6409,  5121
I/JNI Log ( 3693): MY elasitcfusion GPUTexture is cuda: 36
I/JNI Log ( 3693): elasticfusion GPU texture cudaGraphicsGLRegisterImage success
I/JNI Log ( 3693): MY elasitcfusion GPUTexture struct init 2 done
I/JNI Log ( 3693): GlTexture init  start 1: 80, 47, 6409, 0, 6409, 5121 : data is null: 1
I/JNI Log ( 3693): GlTexture Reinitialise start 1 : 6409, 6409, 5121, data is null: 1
I/JNI Log ( 3693): GlTexture Reinitialise 2 2
I/JNI Log ( 3693): GlTexture Reinitialise 3
I/JNI Log ( 3693): GlTexture bind start check
I/JNI Log ( 3693): GlTexture bind start
I/JNI Log ( 3693): GlTexture bind done
I/JNI Log ( 3693): GlTexture Reinitialise 4
I/JNI Log ( 3693): GlTexture Reinitialise 5
I/JNI Log ( 3693): GlTexture Reinitialise 6
I/JNI Log ( 3693): GlTexture Reinitialise 7 done
I/JNI Log ( 3693): GlTexture init done 2
I/JNI Log ( 3693): MY elasitcfusion GPUTexture struct start init 1 : 80, 47,  6409,  6409,  5121
I/JNI Log ( 3693): MY elasitcfusion GPUTexture is cuda: 37
I/JNI Log ( 3693): elasticfusion GPU texture cudaGraphicsGLRegisterImage success
I/JNI Log ( 3693): MY elasitcfusion GPUTexture struct init 2 done
I/JNI Log ( 3693): GlTexture init  start 1: 80, 47, 6409, 0, 6409, 5121 : data is null: 1
I/JNI Log ( 3693): GlTexture Reinitialise start 1 : 6409, 6409, 5121, data is null: 1
I/JNI Log ( 3693): GlTexture Reinitialise 2 2
I/JNI Log ( 3693): GlTexture Reinitialise 3
I/JNI Log ( 3693): GlTexture bind start check
I/JNI Log ( 3693): GlTexture bind start
I/JNI Log ( 3693): GlTexture bind done
I/JNI Log ( 3693): GlTexture Reinitialise 4
I/JNI Log ( 3693): GlTexture Reinitialise 5
I/JNI Log ( 3693): GlTexture Reinitialise 6
I/JNI Log ( 3693): GlTexture Reinitialise 7 done
I/JNI Log ( 3693): GlTexture init done 2
I/JNI Log ( 3693): MY elasitcfusion GPUTexture struct start init 1 : 80, 47,  6409,  6409,  5121
I/JNI Log ( 3693): MY elasitcfusion GPUTexture is cuda: 38
I/JNI Log ( 3693): elasticfusion GPU texture cudaGraphicsGLRegisterImage success
I/JNI Log ( 3693): MY elasitcfusion GPUTexture struct init 2 done
I/JNI Log ( 3693): GlTexture init  start 1: 80, 47, 6408, 0, 6408, 5121 : data is null: 1
I/JNI Log ( 3693): GlTexture Reinitialise start 1 : 6408, 6408, 5121, data is null: 1
I/JNI Log ( 3693): GlTexture Reinitialise 2 2
I/JNI Log ( 3693): GlTexture Reinitialise 3
I/JNI Log ( 3693): GlTexture bind start check
I/JNI Log ( 3693): GlTexture bind start
I/JNI Log ( 3693): GlTexture bind done
I/JNI Log ( 3693): GlTexture Reinitialise 4
I/JNI Log ( 3693): GlTexture Reinitialise 5
I/JNI Log ( 3693): GlTexture Reinitialise 6
I/JNI Log ( 3693): GlTexture Reinitialise 7 done
I/JNI Log ( 3693): GlTexture init done 2
I/JNI Log ( 3693): MY elasitcfusion GPUTexture struct start init 1 : 80, 47,  6408,  6408,  5121
I/JNI Log ( 3693): MY elasitcfusion GPUTexture is cuda: 39
I/JNI Log ( 3693): elasticfusion GPU texture cudaGraphicsGLRegisterImage success
I/JNI Log ( 3693): MY elasitcfusion GPUTexture struct init 2 done
I/JNI Log ( 3693): GlTexture init  start 1: 80, 47, 6408, 0, 6408, 5121 : data is null: 1
I/JNI Log ( 3693): GlTexture Reinitialise start 1 : 6408, 6408, 5121, data is null: 1
I/JNI Log ( 3693): GlTexture Reinitialise 2 2
I/JNI Log ( 3693): GlTexture Reinitialise 3
I/JNI Log ( 3693): GlTexture bind start check
I/JNI Log ( 3693): GlTexture bind start
I/JNI Log ( 3693): GlTexture bind done
I/JNI Log ( 3693): GlTexture Reinitialise 4
I/JNI Log ( 3693): GlTexture Reinitialise 5
I/JNI Log ( 3693): GlTexture Reinitialise 6
I/JNI Log ( 3693): GlTexture Reinitialise 7 done
I/JNI Log ( 3693): GlTexture init done 2
I/JNI Log ( 3693): MY elasitcfusion GPUTexture struct start init 1 : 80, 47,  6408,  6408,  5121
I/JNI Log ( 3693): MY elasitcfusion GPUTexture is cuda: 40
I/JNI Log ( 3693): elasticfusion GPU texture cudaGraphicsGLRegisterImage success
I/JNI Log ( 3693): MY elasitcfusion GPUTexture struct init 2 done
I/JNI Log ( 3693): GlTexture init  start 1: 80, 47, 6408, 0, 6408, 5121 : data is null: 1
I/JNI Log ( 3693): GlTexture Reinitialise start 1 : 6408, 6408, 5121, data is null: 1
I/JNI Log ( 3693): GlTexture Reinitialise 2 2
I/JNI Log ( 3693): GlTexture Reinitialise 3
I/JNI Log ( 3693): GlTexture bind start check
I/JNI Log ( 3693): GlTexture bind start
I/JNI Log ( 3693): GlTexture bind done
I/JNI Log ( 3693): GlTexture Reinitialise 4
I/JNI Log ( 3693): GlTexture Reinitialise 5
I/JNI Log ( 3693): GlTexture Reinitialise 6
I/JNI Log ( 3693): GlTexture Reinitialise 7 done
I/JNI Log ( 3693): GlTexture init done 2
I/JNI Log ( 3693): MY elasitcfusion GPUTexture struct start init 1 : 80, 47,  6408,  6408,  5121
I/JNI Log ( 3693): MY elasitcfusion GPUTexture is cuda: 41
I/JNI Log ( 3693): elasticfusion GPU texture cudaGraphicsGLRegisterImage success
I/JNI Log ( 3693): MY elasitcfusion GPUTexture struct init 2 done
I/JNI Log ( 3693): GlTexture init  start 1: 80, 47, 6409, 0, 6409, 5121 : data is null: 1
I/JNI Log ( 3693): GlTexture Reinitialise start 1 : 6409, 6409, 5121, data is null: 1
I/JNI Log ( 3693): GlTexture Reinitialise 2 2
I/JNI Log ( 3693): GlTexture Reinitialise 3
I/JNI Log ( 3693): GlTexture bind start check
I/JNI Log ( 3693): GlTexture bind start
I/JNI Log ( 3693): GlTexture bind done
I/JNI Log ( 3693): GlTexture Reinitialise 4
I/JNI Log ( 3693): GlTexture Reinitialise 5
I/JNI Log ( 3693): GlTexture Reinitialise 6
I/JNI Log ( 3693): GlTexture Reinitialise 7 done
I/JNI Log ( 3693): GlTexture init done 2
I/JNI Log ( 3693): MY elasitcfusion GPUTexture struct start init 1 : 80, 47,  6409,  6409,  5121
I/JNI Log ( 3693): MY elasitcfusion GPUTexture is cuda: 42
I/JNI Log ( 3693): elasticfusion GPU texture cudaGraphicsGLRegisterImage success
I/JNI Log ( 3693): MY elasitcfusion GPUTexture struct init 2 done
I/JNI Log ( 3693): GlTexture init  start 1: 80, 47, 6409, 0, 6409, 5121 : data is null: 1
I/JNI Log ( 3693): GlTexture Reinitialise start 1 : 6409, 6409, 5121, data is null: 1
I/JNI Log ( 3693): GlTexture Reinitialise 2 2
I/JNI Log ( 3693): GlTexture Reinitialise 3
I/JNI Log ( 3693): GlTexture bind start check
I/JNI Log ( 3693): GlTexture bind start
I/JNI Log ( 3693): GlTexture bind done
I/JNI Log ( 3693): GlTexture Reinitialise 4
I/JNI Log ( 3693): GlTexture Reinitialise 5
I/JNI Log ( 3693): GlTexture Reinitialise 6
I/JNI Log ( 3693): GlTexture Reinitialise 7 done
I/JNI Log ( 3693): GlTexture init done 2
I/JNI Log ( 3693): MY elasitcfusion GPUTexture struct start init 1 : 80, 47,  6409,  6409,  5121
I/JNI Log ( 3693): MY elasitcfusion GPUTexture is cuda: 43
I/JNI Log ( 3693): elasticfusion GPU texture cudaGraphicsGLRegisterImage success
I/JNI Log ( 3693): MY elasitcfusion GPUTexture struct init 2 done
I/JNI Log ( 3693): MY elasitcfusion Shader loadProgram 2: v, f, g: emptyvert, quadgeom, resizefrag
I/JNI Log ( 3693): MY elasitcfusion Shader loadProgram 2 GL_VERTEX_SHADER start  emptyvert
I/JNI Log ( 3693): MY elasitcfusion Shader AddShader  start 1
I/JNI Log ( 3693): MY elasitcfusion Shader AddShader true
I/JNI Log ( 3693): MY elasitcfusion Shader loadProgram 2 GL_VERTEX_SHADER done  emptyvert
I/JNI Log ( 3693): MY elasitcfusion Shader loadProgram 2 GL_GEOMETRY_SHADER start  quadgeom
I/JNI Log ( 3693): MY elasitcfusion Shader AddShader  start 1
I/JNI Log ( 3693): MY elasitcfusion Shader AddShader true
I/JNI Log ( 3693): MY elasitcfusion Shader loadProgram 2 GL_GEOMETRY_SHADER done  quadgeom
I/JNI Log ( 3693): MY elasitcfusion Shader loadProgram 2 GL_FRAGMENT_SHADER start  resizefrag
I/JNI Log ( 3693): MY elasitcfusion Shader AddShader  start 1
I/JNI Log ( 3693): MY elasitcfusion Shader AddShader true
I/JNI Log ( 3693): MY elasitcfusion Shader loadProgram 2 GL_FRAGMENT_SHADER done  resizefrag
I/JNI Log ( 3693): MY elasitcfusion Shader Link 1
I/JNI Log ( 3693): MY elasitcfusion Shader Link true
I/JNI Log ( 3693): MY elasitcfusion Shader loadProgram 2 done
I/JNI Log ( 3693): GlRenderBuffer init start 80, 47, 33190,
I/JNI Log ( 3693): GlRenderBuffer Reinitialise start
I/JNI Log ( 3693): GlRenderBuffer Reinitialise start glDeleteTextures
I/JNI Log ( 3693): GlRenderBuffer Reinitialise change
I/JNI Log ( 3693): GlRenderBuffer Reinitialise 1
I/JNI Log ( 3693): GlRenderBuffer Reinitialise 1 2
I/JNI Log ( 3693): GlRenderBuffer Reinitialise 2
I/JNI Log ( 3693): GlRenderBuffer Reinitialise 3
I/JNI Log ( 3693): GlRenderBuffer Reinitialise done
I/JNI Log ( 3693): GlRenderBuffer init done
I/JNI Log ( 3693): GlFramebuffer init 1
I/JNI Log ( 3693): MY elasitcfusion Shader loadProgram 2: v, f, g: emptyvert, quadgeom, resizefrag
I/JNI Log ( 3693): MY elasitcfusion Shader loadProgram 2 GL_VERTEX_SHADER start  emptyvert
I/JNI Log ( 3693): MY elasitcfusion Shader AddShader  start 1
I/JNI Log ( 3693): MY elasitcfusion Shader AddShader true
I/JNI Log ( 3693): MY elasitcfusion Shader loadProgram 2 GL_VERTEX_SHADER done  emptyvert
I/JNI Log ( 3693): MY elasitcfusion Shader loadProgram 2 GL_GEOMETRY_SHADER start  quadgeom
I/JNI Log ( 3693): MY elasitcfusion Shader AddShader  start 1
I/JNI Log ( 3693): MY elasitcfusion Shader AddShader true
I/JNI Log ( 3693): MY elasitcfusion Shader loadProgram 2 GL_GEOMETRY_SHADER done  quadgeom
I/JNI Log ( 3693): MY elasitcfusion Shader loadProgram 2 GL_FRAGMENT_SHADER start  resizefrag
I/JNI Log ( 3693): MY elasitcfusion Shader AddShader  start 1
I/JNI Log ( 3693): MY elasitcfusion Shader AddShader true
I/JNI Log ( 3693): MY elasitcfusion Shader loadProgram 2 GL_FRAGMENT_SHADER done  resizefrag
I/JNI Log ( 3693): MY elasitcfusion Shader Link 1
I/JNI Log ( 3693): MY elasitcfusion Shader Link true
I/JNI Log ( 3693): MY elasitcfusion Shader loadProgram 2 done
I/JNI Log ( 3693): GlRenderBuffer init start 80, 47, 33190,
I/JNI Log ( 3693): GlRenderBuffer Reinitialise start
I/JNI Log ( 3693): GlRenderBuffer Reinitialise start glDeleteTextures
I/JNI Log ( 3693): GlRenderBuffer Reinitialise change
I/JNI Log ( 3693): GlRenderBuffer Reinitialise 1
I/JNI Log ( 3693): GlRenderBuffer Reinitialise 1 2
I/JNI Log ( 3693): GlRenderBuffer Reinitialise 2
I/JNI Log ( 3693): GlRenderBuffer Reinitialise 3
I/JNI Log ( 3693): GlRenderBuffer Reinitialise done
I/JNI Log ( 3693): GlRenderBuffer init done
I/JNI Log ( 3693): GlFramebuffer init 1
I/JNI Log ( 3693): MY elasitcfusion Shader loadProgram 2: v, f, g: emptyvert, quadgeom, resizefrag
I/JNI Log ( 3693): MY elasitcfusion Shader loadProgram 2 GL_VERTEX_SHADER start  emptyvert
I/JNI Log ( 3693): MY elasitcfusion Shader AddShader  start 1
I/JNI Log ( 3693): MY elasitcfusion Shader AddShader true
I/JNI Log ( 3693): MY elasitcfusion Shader loadProgram 2 GL_VERTEX_SHADER done  emptyvert
I/JNI Log ( 3693): MY elasitcfusion Shader loadProgram 2 GL_GEOMETRY_SHADER start  quadgeom
I/JNI Log ( 3693): MY elasitcfusion Shader AddShader  start 1
I/JNI Log ( 3693): MY elasitcfusion Shader AddShader true
I/JNI Log ( 3693): MY elasitcfusion Shader loadProgram 2 GL_GEOMETRY_SHADER done  quadgeom
I/JNI Log ( 3693): MY elasitcfusion Shader loadProgram 2 GL_FRAGMENT_SHADER start  resizefrag
I/JNI Log ( 3693): MY elasitcfusion Shader AddShader  start 1
I/JNI Log ( 3693): MY elasitcfusion Shader AddShader true
I/JNI Log ( 3693): MY elasitcfusion Shader loadProgram 2 GL_FRAGMENT_SHADER done  resizefrag
I/JNI Log ( 3693): MY elasitcfusion Shader Link 1
I/JNI Log ( 3693): MY elasitcfusion Shader Link true
I/JNI Log ( 3693): MY elasitcfusion Shader loadProgram 2 done
I/JNI Log ( 3693): GlRenderBuffer init start 80, 47, 33190,
I/JNI Log ( 3693): GlRenderBuffer Reinitialise start
I/JNI Log ( 3693): GlRenderBuffer Reinitialise start glDeleteTextures
W/st-log  (  191): Final features: 0
E/JNI Log ( 3693): CameraInterface:TangoSupport_updatePointCloud failed
I/JNI Log ( 3693): GlRenderBuffer Reinitialise change
I/JNI Log ( 3693): GlRenderBuffer Reinitialise 1
I/JNI Log ( 3693): GlRenderBuffer Reinitialise 1 2
I/JNI Log ( 3693): GlRenderBuffer Reinitialise 2
I/JNI Log ( 3693): GlRenderBuffer Reinitialise 3
I/JNI Log ( 3693): GlRenderBuffer Reinitialise done
I/JNI Log ( 3693): GlRenderBuffer init done
I/JNI Log ( 3693): GlFramebuffer init 1
I/JNI Log ( 3693): MY elasitcfusion resize struct init start 1
I/JNI Log ( 3693): MY elasitcfusion Resize struct Resize AttachColour(*imageTexture.texture); start
I/JNI Log ( 3693): GlFramebuffer AttachColour start : attachments: 0
I/JNI Log ( 3693): GlFramebuffer Reinitialise start
I/JNI Log ( 3693): GlFramebuffer Reinitialise start 1
I/JNI Log ( 3693): GlFramebuffer Reinitialise done 2
I/JNI Log ( 3693): GlFramebuffer AttachColour start  1
I/JNI Log ( 3693): GlFramebuffer AttachColour start  2
I/JNI Log ( 3693): GlFramebuffer AttachColour start  3
I/JNI Log ( 3693): GlFramebuffer AttachColour start  4
I/JNI Log ( 3693): GlFramebuffer AttachColour done
I/JNI Log ( 3693): MY elasitcfusion Resize struct Resize AttachColour(*imageTexture.texture); done
I/JNI Log ( 3693): MY elasitcfusion Resize struct Resize AttachDepth(imageRenderBuffer); start
I/JNI Log ( 3693): GlFramebuffer AttachDepth start
I/JNI Log ( 3693): GlFramebuffer AttachDepth 1
I/JNI Log ( 3693): GlFramebuffer AttachDepth 2
I/JNI Log ( 3693): GlFramebuffer AttachDepth 3
I/JNI Log ( 3693): GlFramebuffer AttachDepth done
I/JNI Log ( 3693): MY elasitcfusion Resize struct Resize AttachDepth(imageRenderBuffer); done
I/JNI Log ( 3693): MY elasitcfusion Resize struct Resize AttachColour(*vertexTexture.texture); start
I/JNI Log ( 3693): GlFramebuffer AttachColour start : attachments: 0
I/JNI Log ( 3693): GlFramebuffer Reinitialise start
I/JNI Log ( 3693): GlFramebuffer Reinitialise start 1
I/JNI Log ( 3693): GlFramebuffer Reinitialise done 2
I/JNI Log ( 3693): GlFramebuffer AttachColour start  1
I/JNI Log ( 3693): GlFramebuffer AttachColour start  2
I/JNI Log ( 3693): GlFramebuffer AttachColour start  3
I/JNI Log ( 3693): GlFramebuffer AttachColour start  4
I/JNI Log ( 3693): GlFramebuffer AttachColour done
I/JNI Log ( 3693): MY elasitcfusion Resize struct Resize AttachColour(*vertexTexture.texture); done
I/JNI Log ( 3693): MY elasitcfusion Resize struct Resize AttachDepth(vertexRenderBuffer); start
I/JNI Log ( 3693): GlFramebuffer AttachDepth start
I/JNI Log ( 3693): GlFramebuffer AttachDepth 1
I/JNI Log ( 3693): GlFramebuffer AttachDepth 2
I/JNI Log ( 3693): GlFramebuffer AttachDepth 3
I/JNI Log ( 3693): GlFramebuffer AttachDepth done
I/JNI Log ( 3693): MY elasitcfusion Resize struct Resize AttachDepth(vertexRenderBuffer); done
I/JNI Log ( 3693): MY elasitcfusion Resize struct Resize AttachColour(*timeTexture.texture); start
I/JNI Log ( 3693): GlFramebuffer AttachColour start : attachments: 0
I/JNI Log ( 3693): GlFramebuffer Reinitialise start
I/JNI Log ( 3693): GlFramebuffer Reinitialise start 1
I/JNI Log ( 3693): GlFramebuffer Reinitialise done 2
I/JNI Log ( 3693): GlFramebuffer AttachColour start  1
I/JNI Log ( 3693): GlFramebuffer AttachColour start  2
I/JNI Log ( 3693): GlFramebuffer AttachColour start  3
I/JNI Log ( 3693): GlFramebuffer AttachColour start  4
I/JNI Log ( 3693): GlFramebuffer AttachColour done
I/JNI Log ( 3693): MY elasitcfusion Resize struct Resize AttachColour(*timeTexture.texture); done
I/JNI Log ( 3693): MY elasitcfusion Resize struct Resize AttachDepth(timeRenderBuffer); start
I/JNI Log ( 3693): GlFramebuffer AttachDepth start
I/JNI Log ( 3693): GlFramebuffer AttachDepth 1
I/JNI Log ( 3693): GlFramebuffer AttachDepth 2
I/JNI Log ( 3693): GlFramebuffer AttachDepth 3
I/JNI Log ( 3693): GlFramebuffer AttachDepth done
I/JNI Log ( 3693): MY elasitcfusion Resize struct Resize AttachDepth(timeRenderBuffer); done
I/JNI Log ( 3693): MY elasitcfusion resize struct init done 2
I/JNI Log ( 3693): MY elasitcfusion Ferns struct init start 1
I/JNI Log ( 3693): MY elasitcfusion Ferns struct init done 2
I/JNI Log ( 3693): MY elasitcfusion CholeskyDecomp struct init 1
I/JNI Log ( 3693): MY elasitcfusion CholeskyDecomp struct init 2
I/JNI Log ( 3693): MY elasitcfusion DeformationGraph struct init
I/JNI Log ( 3693): MY elasitcfusion Shader loadProgramGeom: v, g: samplevert, samplegeom
I/JNI Log ( 3693): MY elasitcfusion Shader loadProgramGeom GL_VERTEX_SHADER start  samplevert
I/JNI Log ( 3693): MY elasitcfusion Shader AddShader  start 1
I/JNI Log ( 3693): MY elasitcfusion Shader AddShader true
I/JNI Log ( 3693): MY elasitcfusion Shader loadProgramGeom GL_VERTEX_SHADER done  samplevert
I/JNI Log ( 3693): MY elasitcfusion Shader loadProgramGeom GL_GEOMETRY_SHADER start  samplegeom
I/JNI Log ( 3693): MY elasitcfusion Shader AddShader  start 1
I/JNI Log ( 3693): MY elasitcfusion Shader AddShader true
I/JNI Log ( 3693): MY elasitcfusion Shader loadProgramGeom GL_GEOMETRY_SHADER done  samplegeom
I/JNI Log ( 3693): MY elasitcfusion Shader loadProgramGeom empty_fragment_shader_source start
I/JNI Log ( 3693): MY elasitcfusion Shader AddShader  start 1
I/JNI Log ( 3693): MY elasitcfusion Shader AddShader true
I/JNI Log ( 3693): MY elasitcfusion Shader loadProgramGeom empty_fragment_shader_source done
I/JNI Log ( 3693): MY elasitcfusion Shader Link 1
I/JNI Log ( 3693): MY elasitcfusion Shader Link true
I/JNI Log ( 3693): MY elasitcfusion Shader loadProgramGeom done
I/JNI Log ( 3693): MY elasitcfusion Deformation struct init start 1
I/JNI Log ( 3693): MY elasitcfusion Deformation struct init 2
I/JNI Log ( 3693): MY elasitcfusion Deformation struct init 3
I/JNI Log ( 3693): MY elasitcfusion Deformation struct init 4
I/JNI Log ( 3693): MY elasitcfusion Deformation struct init 5
I/JNI Log ( 3693): MY elasitcfusion Deformation struct init 6
I/JNI Log ( 3693): MY elasitcfusion Shader Bind start
I/JNI Log ( 3693): MY elasitcfusion Shader Bind done
I/JNI Log ( 3693): MY elasitcfusion Deformation struct init 7
I/JNI Log ( 3693): MY elasitcfusion Deformation struct init 8
I/JNI Log ( 3693): MY elasitcfusion Deformation struct init 9
I/JNI Log ( 3693): MY elasitcfusion Shader Unbind start
I/JNI Log ( 3693): MY elasitcfusion Shader Unbind done
I/JNI Log ( 3693): MY elasitcfusion Deformation struct init 10
I/JNI Log ( 3693): MY elasitcfusion Deformation struct init done 11
I/JNI Log ( 3693): MY elasitcfusion CholeskyDecomp struct init 1
I/JNI Log ( 3693): MY elasitcfusion CholeskyDecomp struct init 2
I/JNI Log ( 3693): MY elasitcfusion DeformationGraph struct init
I/JNI Log ( 3693): MY elasitcfusion Shader loadProgramGeom: v, g: samplevert, samplegeom
I/JNI Log ( 3693): MY elasitcfusion Shader loadProgramGeom GL_VERTEX_SHADER start  samplevert
I/JNI Log ( 3693): MY elasitcfusion Shader AddShader  start 1
I/JNI Log ( 3693): MY elasitcfusion Shader AddShader true
I/JNI Log ( 3693): MY elasitcfusion Shader loadProgramGeom GL_VERTEX_SHADER done  samplevert
I/JNI Log ( 3693): MY elasitcfusion Shader loadProgramGeom GL_GEOMETRY_SHADER start  samplegeom
I/JNI Log ( 3693): MY elasitcfusion Shader AddShader  start 1
I/JNI Log ( 3693): MY elasitcfusion Shader AddShader true
I/JNI Log ( 3693): MY elasitcfusion Shader loadProgramGeom GL_GEOMETRY_SHADER done  samplegeom
I/JNI Log ( 3693): MY elasitcfusion Shader loadProgramGeom empty_fragment_shader_source start
I/JNI Log ( 3693): MY elasitcfusion Shader AddShader  start 1
I/JNI Log ( 3693): MY elasitcfusion Shader AddShader true
I/JNI Log ( 3693): MY elasitcfusion Shader loadProgramGeom empty_fragment_shader_source done
I/JNI Log ( 3693): MY elasitcfusion Shader Link 1
I/JNI Log ( 3693): MY elasitcfusion Shader Link true
I/JNI Log ( 3693): MY elasitcfusion Shader loadProgramGeom done
I/JNI Log ( 3693): MY elasitcfusion Deformation struct init start 1
I/JNI Log ( 3693): MY elasitcfusion Deformation struct init 2
I/JNI Log ( 3693): MY elasitcfusion Deformation struct init 3
I/JNI Log ( 3693): MY elasitcfusion Deformation struct init 4
I/JNI Log ( 3693): MY elasitcfusion Deformation struct init 5
I/JNI Log ( 3693): MY elasitcfusion Deformation struct init 6
I/JNI Log ( 3693): MY elasitcfusion Shader Bind start
I/JNI Log ( 3693): MY elasitcfusion Shader Bind done
I/JNI Log ( 3693): MY elasitcfusion Deformation struct init 7
I/JNI Log ( 3693): MY elasitcfusion Deformation struct init 8
I/JNI Log ( 3693): MY elasitcfusion Deformation struct init 9
I/JNI Log ( 3693): MY elasitcfusion Shader Unbind start
I/JNI Log ( 3693): MY elasitcfusion Shader Unbind done
I/JNI Log ( 3693): MY elasitcfusion Deformation struct init 10
I/JNI Log ( 3693): MY elasitcfusion Deformation struct init done 11
I/JNI Log ( 3693): GlTexture init  start 1: 32, 19, 6408, 0, 6408, 5121 : data is null: 1
I/JNI Log ( 3693): GlTexture Reinitialise start 1 : 6408, 6408, 5121, data is null: 1
I/JNI Log ( 3693): GlTexture Reinitialise 2 2
I/JNI Log ( 3693): GlTexture Reinitialise 3
I/JNI Log ( 3693): GlTexture bind start check
I/JNI Log ( 3693): GlTexture bind start
I/JNI Log ( 3693): GlTexture bind done
I/JNI Log ( 3693): GlTexture Reinitialise 4
I/JNI Log ( 3693): GlTexture Reinitialise 5
I/JNI Log ( 3693): GlTexture Reinitialise 6
I/JNI Log ( 3693): GlTexture Reinitialise 7 done
I/JNI Log ( 3693): GlTexture init done 2
I/JNI Log ( 3693): MY elasitcfusion GPUTexture struct start init 1 : 32, 19,  6408,  6408,  5121
I/JNI Log ( 3693): MY elasitcfusion GPUTexture is cuda: 47
I/JNI Log ( 3693): elasticfusion GPU texture cudaGraphicsGLRegisterImage success
I/JNI Log ( 3693): MY elasitcfusion GPUTexture struct init 2 done
I/JNI Log ( 3693): GlTexture init  start 1: 32, 19, 6409, 0, 6409, 5121 : data is null: 1
I/JNI Log ( 3693): GlTexture Reinitialise start 1 : 6409, 6409, 5121, data is null: 1
I/JNI Log ( 3693): GlTexture Reinitialise 2 2
I/JNI Log ( 3693): GlTexture Reinitialise 3
I/JNI Log ( 3693): GlTexture bind start check
I/JNI Log ( 3693): GlTexture bind start
I/JNI Log ( 3693): GlTexture bind done
I/JNI Log ( 3693): GlTexture Reinitialise 4
I/JNI Log ( 3693): GlTexture Reinitialise 5
I/JNI Log ( 3693): GlTexture Reinitialise 6
I/JNI Log ( 3693): GlTexture Reinitialise 7 done
I/JNI Log ( 3693): GlTexture init done 2
I/JNI Log ( 3693): MY elasitcfusion GPUTexture struct start init 1 : 32, 19,  6409,  6409,  5121
I/JNI Log ( 3693): MY elasitcfusion GPUTexture is cuda: 48
I/JNI Log ( 3693): elasticfusion GPU texture cudaGraphicsGLRegisterImage success
I/JNI Log ( 3693): MY elasitcfusion GPUTexture struct init 2 done
I/JNI Log ( 3693): GlTexture init  start 1: 32, 19, 6409, 0, 6409, 5121 : data is null: 1
I/JNI Log ( 3693): GlTexture Reinitialise start 1 : 6409, 6409, 5121, data is null: 1
I/JNI Log ( 3693): GlTexture Reinitialise 2 2
I/JNI Log ( 3693): GlTexture Reinitialise 3
I/JNI Log ( 3693): GlTexture bind start check
I/JNI Log ( 3693): GlTexture bind start
I/JNI Log ( 3693): GlTexture bind done
I/JNI Log ( 3693): GlTexture Reinitialise 4
I/JNI Log ( 3693): GlTexture Reinitialise 5
I/JNI Log ( 3693): GlTexture Reinitialise 6
I/JNI Log ( 3693): GlTexture Reinitialise 7 done
I/JNI Log ( 3693): GlTexture init done 2
I/JNI Log ( 3693): MY elasitcfusion GPUTexture struct start init 1 : 32, 19,  6409,  6409,  5121
I/JNI Log ( 3693): MY elasitcfusion GPUTexture is cuda: 49
I/JNI Log ( 3693): elasticfusion GPU texture cudaGraphicsGLRegisterImage success
I/JNI Log ( 3693): MY elasitcfusion GPUTexture struct init 2 done
I/JNI Log ( 3693): MY elasitcfusion Shader loadProgram 2: v, f, g: emptyvert, quadgeom, resizefrag
I/JNI Log ( 3693): MY elasitcfusion Shader loadProgram 2 GL_VERTEX_SHADER start  emptyvert
I/JNI Log ( 3693): MY elasitcfusion Shader AddShader  start 1
I/JNI Log ( 3693): MY elasitcfusion Shader AddShader true
I/JNI Log ( 3693): MY elasitcfusion Shader loadProgram 2 GL_VERTEX_SHADER done  emptyvert
I/JNI Log ( 3693): MY elasitcfusion Shader loadProgram 2 GL_GEOMETRY_SHADER start  quadgeom
I/JNI Log ( 3693): MY elasitcfusion Shader AddShader  start 1
I/JNI Log ( 3693): MY elasitcfusion Shader AddShader true
I/JNI Log ( 3693): MY elasitcfusion Shader loadProgram 2 GL_GEOMETRY_SHADER done  quadgeom
I/JNI Log ( 3693): MY elasitcfusion Shader loadProgram 2 GL_FRAGMENT_SHADER start  resizefrag
I/JNI Log ( 3693): MY elasitcfusion Shader AddShader  start 1
I/JNI Log ( 3693): MY elasitcfusion Shader AddShader true
I/JNI Log ( 3693): MY elasitcfusion Shader loadProgram 2 GL_FRAGMENT_SHADER done  resizefrag
I/JNI Log ( 3693): MY elasitcfusion Shader Link 1
I/JNI Log ( 3693): MY elasitcfusion Shader Link true
I/JNI Log ( 3693): MY elasitcfusion Shader loadProgram 2 done
I/JNI Log ( 3693): GlRenderBuffer init start 32, 19, 33190,
I/JNI Log ( 3693): GlRenderBuffer Reinitialise start
I/JNI Log ( 3693): GlRenderBuffer Reinitialise start glDeleteTextures
I/JNI Log ( 3693): GlRenderBuffer Reinitialise change
I/JNI Log ( 3693): GlRenderBuffer Reinitialise 1
I/JNI Log ( 3693): GlRenderBuffer Reinitialise 1 2
I/JNI Log ( 3693): GlRenderBuffer Reinitialise 2
I/JNI Log ( 3693): GlRenderBuffer Reinitialise 3
I/JNI Log ( 3693): GlRenderBuffer Reinitialise done
I/JNI Log ( 3693): GlRenderBuffer init done
I/JNI Log ( 3693): GlFramebuffer init 1
I/JNI Log ( 3693): MY elasitcfusion Shader loadProgram 2: v, f, g: emptyvert, quadgeom, resizefrag
I/JNI Log ( 3693): MY elasitcfusion Shader loadProgram 2 GL_VERTEX_SHADER start  emptyvert
I/JNI Log ( 3693): MY elasitcfusion Shader AddShader  start 1
I/JNI Log ( 3693): MY elasitcfusion Shader AddShader true
I/JNI Log ( 3693): MY elasitcfusion Shader loadProgram 2 GL_VERTEX_SHADER done  emptyvert
I/JNI Log ( 3693): MY elasitcfusion Shader loadProgram 2 GL_GEOMETRY_SHADER start  quadgeom
I/JNI Log ( 3693): MY elasitcfusion Shader AddShader  start 1
I/JNI Log ( 3693): MY elasitcfusion Shader AddShader true
I/JNI Log ( 3693): MY elasitcfusion Shader loadProgram 2 GL_GEOMETRY_SHADER done  quadgeom
I/JNI Log ( 3693): MY elasitcfusion Shader loadProgram 2 GL_FRAGMENT_SHADER start  resizefrag
I/JNI Log ( 3693): MY elasitcfusion Shader AddShader  start 1
I/JNI Log ( 3693): MY elasitcfusion Shader AddShader true
I/JNI Log ( 3693): MY elasitcfusion Shader loadProgram 2 GL_FRAGMENT_SHADER done  resizefrag
I/JNI Log ( 3693): MY elasitcfusion Shader Link 1
I/JNI Log ( 3693): MY elasitcfusion Shader Link true
I/JNI Log ( 3693): MY elasitcfusion Shader loadProgram 2 done
I/JNI Log ( 3693): GlRenderBuffer init start 32, 19, 33190,
I/JNI Log ( 3693): GlRenderBuffer Reinitialise start
I/JNI Log ( 3693): GlRenderBuffer Reinitialise start glDeleteTextures
I/JNI Log ( 3693): GlRenderBuffer Reinitialise change
I/JNI Log ( 3693): GlRenderBuffer Reinitialise 1
I/JNI Log ( 3693): GlRenderBuffer Reinitialise 1 2
I/JNI Log ( 3693): GlRenderBuffer Reinitialise 2
I/JNI Log ( 3693): GlRenderBuffer Reinitialise 3
I/JNI Log ( 3693): GlRenderBuffer Reinitialise done
I/JNI Log ( 3693): GlRenderBuffer init done
I/JNI Log ( 3693): GlFramebuffer init 1
I/JNI Log ( 3693): MY elasitcfusion Shader loadProgram 2: v, f, g: emptyvert, quadgeom, resizefrag
I/JNI Log ( 3693): MY elasitcfusion Shader loadProgram 2 GL_VERTEX_SHADER start  emptyvert
I/JNI Log ( 3693): MY elasitcfusion Shader AddShader  start 1
I/JNI Log ( 3693): MY elasitcfusion Shader AddShader true
I/JNI Log ( 3693): MY elasitcfusion Shader loadProgram 2 GL_VERTEX_SHADER done  emptyvert
I/JNI Log ( 3693): MY elasitcfusion Shader loadProgram 2 GL_GEOMETRY_SHADER start  quadgeom
