I/JNI Log ( 3693): MY elasitcfusion Shader AddShader  start 1
I/JNI Log ( 3693): MY elasitcfusion Shader AddShader true
I/JNI Log ( 3693): MY elasitcfusion Shader loadProgram 2 GL_GEOMETRY_SHADER done  quadgeom
I/JNI Log ( 3693): MY elasitcfusion Shader loadProgram 2 GL_FRAGMENT_SHADER start  resizefrag
I/JNI Log ( 3693): MY elasitcfusion Shader AddShader  start 1
I/JNI Log ( 3693): MY elasitcfusion Shader AddShader true
I/JNI Log ( 3693): MY elasitcfusion Shader loadProgram 2 GL_FRAGMENT_SHADER done  resizefrag
I/JNI Log ( 3693): MY elasitcfusion Shader Link 1
I/JNI Log ( 3693): MY elasitcfusion Shader Link true
I/JNI Log ( 3693): MY elasitcfusion Shader loadProgram 2 done
I/JNI Log ( 3693): GlRenderBuffer init start 32, 19, 33190,
I/JNI Log ( 3693): GlRenderBuffer Reinitialise start
I/JNI Log ( 3693): GlRenderBuffer Reinitialise start glDeleteTextures
I/JNI Log ( 3693): GlRenderBuffer Reinitialise change
I/JNI Log ( 3693): GlRenderBuffer Reinitialise 1
I/JNI Log ( 3693): GlRenderBuffer Reinitialise 1 2
I/JNI Log ( 3693): GlRenderBuffer Reinitialise 2
I/JNI Log ( 3693): GlRenderBuffer Reinitialise 3
I/JNI Log ( 3693): GlRenderBuffer Reinitialise done
I/JNI Log ( 3693): GlRenderBuffer init done
I/JNI Log ( 3693): GlFramebuffer init 1
I/JNI Log ( 3693): MY elasitcfusion resize struct init start 1
I/JNI Log ( 3693): MY elasitcfusion Resize struct Resize AttachColour(*imageTexture.texture); start
I/JNI Log ( 3693): GlFramebuffer AttachColour start : attachments: 0
I/JNI Log ( 3693): GlFramebuffer Reinitialise start
I/JNI Log ( 3693): GlFramebuffer Reinitialise start 1
I/JNI Log ( 3693): GlFramebuffer Reinitialise done 2
I/JNI Log ( 3693): GlFramebuffer AttachColour start  1
I/JNI Log ( 3693): GlFramebuffer AttachColour start  2
I/JNI Log ( 3693): GlFramebuffer AttachColour start  3
I/JNI Log ( 3693): GlFramebuffer AttachColour start  4
I/JNI Log ( 3693): GlFramebuffer AttachColour done
I/JNI Log ( 3693): MY elasitcfusion Resize struct Resize AttachColour(*imageTexture.texture); done
I/JNI Log ( 3693): MY elasitcfusion Resize struct Resize AttachDepth(imageRenderBuffer); start
I/JNI Log ( 3693): GlFramebuffer AttachDepth start
I/JNI Log ( 3693): GlFramebuffer AttachDepth 1
I/JNI Log ( 3693): GlFramebuffer AttachDepth 2
I/JNI Log ( 3693): GlFramebuffer AttachDepth 3
I/JNI Log ( 3693): GlFramebuffer AttachDepth done
I/JNI Log ( 3693): MY elasitcfusion Resize struct Resize AttachDepth(imageRenderBuffer); done
I/JNI Log ( 3693): MY elasitcfusion Resize struct Resize AttachColour(*vertexTexture.texture); start
I/JNI Log ( 3693): GlFramebuffer AttachColour start : attachments: 0
I/JNI Log ( 3693): GlFramebuffer Reinitialise start
I/JNI Log ( 3693): GlFramebuffer Reinitialise start 1
I/JNI Log ( 3693): GlFramebuffer Reinitialise done 2
I/JNI Log ( 3693): GlFramebuffer AttachColour start  1
I/JNI Log ( 3693): GlFramebuffer AttachColour start  2
I/JNI Log ( 3693): GlFramebuffer AttachColour start  3
I/JNI Log ( 3693): GlFramebuffer AttachColour start  4
I/JNI Log ( 3693): GlFramebuffer AttachColour done
I/JNI Log ( 3693): MY elasitcfusion Resize struct Resize AttachColour(*vertexTexture.texture); done
I/JNI Log ( 3693): MY elasitcfusion Resize struct Resize AttachDepth(vertexRenderBuffer); start
I/JNI Log ( 3693): GlFramebuffer AttachDepth start
I/JNI Log ( 3693): GlFramebuffer AttachDepth 1
I/JNI Log ( 3693): GlFramebuffer AttachDepth 2
I/JNI Log ( 3693): GlFramebuffer AttachDepth 3
I/JNI Log ( 3693): GlFramebuffer AttachDepth done
I/JNI Log ( 3693): MY elasitcfusion Resize struct Resize AttachDepth(vertexRenderBuffer); done
I/JNI Log ( 3693): MY elasitcfusion Resize struct Resize AttachColour(*timeTexture.texture); start
I/JNI Log ( 3693): GlFramebuffer AttachColour start : attachments: 0
I/JNI Log ( 3693): GlFramebuffer Reinitialise start
I/JNI Log ( 3693): GlFramebuffer Reinitialise start 1
I/JNI Log ( 3693): GlFramebuffer Reinitialise done 2
I/JNI Log ( 3693): GlFramebuffer AttachColour start  1
I/JNI Log ( 3693): GlFramebuffer AttachColour start  2
I/JNI Log ( 3693): GlFramebuffer AttachColour start  3
I/JNI Log ( 3693): GlFramebuffer AttachColour start  4
I/JNI Log ( 3693): GlFramebuffer AttachColour done
I/JNI Log ( 3693): MY elasitcfusion Resize struct Resize AttachColour(*timeTexture.texture); done
I/JNI Log ( 3693): MY elasitcfusion Resize struct Resize AttachDepth(timeRenderBuffer); start
I/JNI Log ( 3693): GlFramebuffer AttachDepth start
I/JNI Log ( 3693): GlFramebuffer AttachDepth 1
I/JNI Log ( 3693): GlFramebuffer AttachDepth 2
I/JNI Log ( 3693): GlFramebuffer AttachDepth 3
I/JNI Log ( 3693): GlFramebuffer AttachDepth done
I/JNI Log ( 3693): MY elasitcfusion Resize struct Resize AttachDepth(timeRenderBuffer); done
I/JNI Log ( 3693): MY elasitcfusion resize struct init done 2
I/JNI Log ( 3693): MY elasitcfusion struct init start 1
I/JNI Log ( 3693): MY elasitcfusion struct createTextures start 1
I/JNI Log ( 3693): GlTexture init  start 1: 640, 380, 6408, 0, 6408, 5121 : data is null: 1
I/JNI Log ( 3693): GlTexture Reinitialise start 1 : 6408, 6408, 5121, data is null: 1
I/JNI Log ( 3693): GlTexture Reinitialise 2 2
I/JNI Log ( 3693): GlTexture Reinitialise 3
I/JNI Log ( 3693): GlTexture bind start check
I/JNI Log ( 3693): GlTexture bind start
I/JNI Log ( 3693): GlTexture bind done
I/JNI Log ( 3693): GlTexture Reinitialise 4
I/JNI Log ( 3693): GlTexture Reinitialise 5
I/JNI Log ( 3693): GlTexture Reinitialise 6
I/JNI Log ( 3693): GlTexture Reinitialise 7 done
I/JNI Log ( 3693): GlTexture init done 2
I/JNI Log ( 3693): MY elasitcfusion GPUTexture struct start init 1 : 640, 380,  6408,  6408,  5121
I/JNI Log ( 3693): MY elasitcfusion GPUTexture is cuda: 53
I/JNI Log ( 3693): elasticfusion GPU texture cudaGraphicsGLRegisterImage success
I/JNI Log ( 3693): MY elasitcfusion GPUTexture struct init 2 done
I/JNI Log ( 3693): MY elasitcfusion struct createTextures 2
I/JNI Log ( 3693): GlTexture init  start 1: 640, 380, 6409, 0, 6409, 5121 : data is null: 1
I/JNI Log ( 3693): GlTexture Reinitialise start 1 : 6409, 6409, 5121, data is null: 1
I/JNI Log ( 3693): GlTexture Reinitialise 2 2
W/st-log  (  191): Initial features: Max - 6380, Min - 7136
W/st-log  (  191): Final features: 0
E/JNI Log ( 3693): CameraInterface:TangoSupport_updatePointCloud failed
I/JNI Log ( 3693): GlTexture Reinitialise 3
I/JNI Log ( 3693): GlTexture bind start check
I/JNI Log ( 3693): GlTexture bind start
I/JNI Log ( 3693): GlTexture bind done
I/JNI Log ( 3693): GlTexture Reinitialise 4
I/JNI Log ( 3693): GlTexture Reinitialise 5
I/JNI Log ( 3693): GlTexture Reinitialise 6
I/JNI Log ( 3693): GlTexture Reinitialise 7 done
I/JNI Log ( 3693): GlTexture init done 2
I/JNI Log ( 3693): MY elasitcfusion GPUTexture struct start init 1 : 640, 380,  6409,  6409,  5121
I/JNI Log ( 3693): MY elasitcfusion GPUTexture is not cuda
I/JNI Log ( 3693): MY elasitcfusion GPUTexture struct init 2 done
I/JNI Log ( 3693): MY elasitcfusion struct createTextures 3
I/JNI Log ( 3693): GlTexture init  start 1: 640, 380, 6409, 0, 6409, 5121 : data is null: 1
I/JNI Log ( 3693): GlTexture Reinitialise start 1 : 6409, 6409, 5121, data is null: 1
I/JNI Log ( 3693): GlTexture Reinitialise 2 2
I/JNI Log ( 3693): GlTexture Reinitialise 3
I/JNI Log ( 3693): GlTexture bind start check
I/JNI Log ( 3693): GlTexture bind start
I/JNI Log ( 3693): GlTexture bind done
I/JNI Log ( 3693): GlTexture Reinitialise 4
I/JNI Log ( 3693): GlTexture Reinitialise 5
I/JNI Log ( 3693): GlTexture Reinitialise 6
I/JNI Log ( 3693): GlTexture Reinitialise 7 done
I/JNI Log ( 3693): GlTexture init done 2
I/JNI Log ( 3693): MY elasitcfusion GPUTexture struct start init 1 : 640, 380,  6409,  6409,  5121
I/JNI Log ( 3693): MY elasitcfusion GPUTexture is cuda: 55
I/JNI Log ( 3693): elasticfusion GPU texture cudaGraphicsGLRegisterImage success
I/JNI Log ( 3693): MY elasitcfusion GPUTexture struct init 2 done
I/JNI Log ( 3693): MY elasitcfusion struct createTextures 4
I/JNI Log ( 3693): GlTexture init  start 1: 640, 380, 6409, 0, 6409, 5121 : data is null: 1
I/JNI Log ( 3693): GlTexture Reinitialise start 1 : 6409, 6409, 5121, data is null: 1
I/JNI Log ( 3693): GlTexture Reinitialise 2 2
I/JNI Log ( 3693): GlTexture Reinitialise 3
I/JNI Log ( 3693): GlTexture bind start check
I/JNI Log ( 3693): GlTexture bind start
I/JNI Log ( 3693): GlTexture bind done
I/JNI Log ( 3693): GlTexture Reinitialise 4
I/JNI Log ( 3693): GlTexture Reinitialise 5
I/JNI Log ( 3693): GlTexture Reinitialise 6
I/JNI Log ( 3693): GlTexture Reinitialise 7 done
I/JNI Log ( 3693): GlTexture init done 2
I/JNI Log ( 3693): MY elasitcfusion GPUTexture struct start init 1 : 640, 380,  6409,  6409,  5121
I/JNI Log ( 3693): MY elasitcfusion GPUTexture is not cuda
I/JNI Log ( 3693): MY elasitcfusion GPUTexture struct init 2 done
I/JNI Log ( 3693): MY elasitcfusion struct createTextures 5
I/JNI Log ( 3693): GlTexture init  start 1: 640, 380, 6409, 0, 6409, 5121 : data is null: 1
I/JNI Log ( 3693): GlTexture Reinitialise start 1 : 6409, 6409, 5121, data is null: 1
I/JNI Log ( 3693): CameraInterface: point could data is not new, return
I/JNI Log ( 3693): GlTexture Reinitialise 2 2
I/JNI Log ( 3693): GlTexture Reinitialise 3
I/JNI Log ( 3693): GlTexture bind start check
I/JNI Log ( 3693): GlTexture bind start
I/JNI Log ( 3693): GlTexture bind done
I/JNI Log ( 3693): GlTexture Reinitialise 4
I/JNI Log ( 3693): GlTexture Reinitialise 5
I/JNI Log ( 3693): GlTexture Reinitialise 6
I/JNI Log ( 3693): GlTexture Reinitialise 7 done
I/JNI Log ( 3693): GlTexture init done 2
I/JNI Log ( 3693): MY elasitcfusion GPUTexture struct start init 1 : 640, 380,  6409,  6409,  5121
I/JNI Log ( 3693): MY elasitcfusion GPUTexture is not cuda
I/JNI Log ( 3693): MY elasitcfusion GPUTexture struct init 2 done
I/JNI Log ( 3693): MY elasitcfusion struct createTextures 6
I/JNI Log ( 3693): GlTexture init  start 1: 640, 380, 6409, 0, 6409, 5121 : data is null: 1
I/JNI Log ( 3693): GlTexture Reinitialise start 1 : 6409, 6409, 5121, data is null: 1
I/JNI Log ( 3693): GlTexture Reinitialise 2 2
I/JNI Log ( 3693): GlTexture Reinitialise 3
I/JNI Log ( 3693): GlTexture bind start check
I/JNI Log ( 3693): GlTexture bind start
I/JNI Log ( 3693): GlTexture bind done
I/JNI Log ( 3693): GlTexture Reinitialise 4
I/JNI Log ( 3693): GlTexture Reinitialise 5
I/JNI Log ( 3693): GlTexture Reinitialise 6
I/JNI Log ( 3693): GlTexture Reinitialise 7 done
I/JNI Log ( 3693): GlTexture init done 2
I/JNI Log ( 3693): MY elasitcfusion GPUTexture struct start init 1 : 640, 380,  6409,  6409,  5121
I/JNI Log ( 3693): MY elasitcfusion GPUTexture is not cuda
I/JNI Log ( 3693): MY elasitcfusion GPUTexture struct init 2 done
I/JNI Log ( 3693): MY elasitcfusion struct createTextures done
I/JNI Log ( 3693): MY elasitcfusion struct init 2
I/JNI Log ( 3693): MY elasitcfusion struct createCompute start 1
I/JNI Log ( 3693): MY elasitcfusion Shader loadProgram 2: v, f, g: emptyvert, quadgeom, depth_normfrag
I/JNI Log ( 3693): MY elasitcfusion Shader loadProgram 2 GL_VERTEX_SHADER start  emptyvert
I/JNI Log ( 3693): MY elasitcfusion Shader AddShader  start 1
I/JNI Log ( 3693): MY elasitcfusion Shader AddShader true
I/JNI Log ( 3693): MY elasitcfusion Shader loadProgram 2 GL_VERTEX_SHADER done  emptyvert
I/JNI Log ( 3693): MY elasitcfusion Shader loadProgram 2 GL_GEOMETRY_SHADER start  quadgeom
I/JNI Log ( 3693): MY elasitcfusion Shader AddShader  start 1
I/JNI Log ( 3693): MY elasitcfusion Shader AddShader true
I/JNI Log ( 3693): MY elasitcfusion Shader loadProgram 2 GL_GEOMETRY_SHADER done  quadgeom
I/JNI Log ( 3693): MY elasitcfusion Shader loadProgram 2 GL_FRAGMENT_SHADER start  depth_normfrag
I/JNI Log ( 3693): MY elasitcfusion Shader AddShader  start 1
I/JNI Log ( 3693): MY elasitcfusion Shader AddShader true
I/JNI Log ( 3693): MY elasitcfusion Shader loadProgram 2 GL_FRAGMENT_SHADER done  depth_normfrag
I/JNI Log ( 3693): MY elasitcfusion Shader Link 1
I/JNI Log ( 3693): MY elasitcfusion Shader Link true
I/JNI Log ( 3693): MY elasitcfusion Shader loadProgram 2 done
I/JNI Log ( 3693): GlRenderBuffer init start 640, 380, 33190,
I/JNI Log ( 3693): GlRenderBuffer Reinitialise start
I/JNI Log ( 3693): GlRenderBuffer Reinitialise start glDeleteTextures
I/JNI Log ( 3693): GlRenderBuffer Reinitialise change
I/JNI Log ( 3693): GlRenderBuffer Reinitialise 1
I/JNI Log ( 3693): GlRenderBuffer Reinitialise 1 2
I/JNI Log ( 3693): GlRenderBuffer Reinitialise 2
I/JNI Log ( 3693): GlRenderBuffer Reinitialise 3
I/JNI Log ( 3693): GlRenderBuffer Reinitialise done
I/JNI Log ( 3693): GlRenderBuffer init done
I/JNI Log ( 3693): GlFramebuffer init 1
I/JNI Log ( 3693): MY elasitcfusion ComputePack struct ComputePack init start
I/JNI Log ( 3693): MY elasitcfusion ComputePack struct ComputePack AttachColour(*target); start
I/JNI Log ( 3693): GlFramebuffer AttachColour start : attachments: 0
I/JNI Log ( 3693): GlFramebuffer Reinitialise start
I/JNI Log ( 3693): GlFramebuffer Reinitialise start 1
I/JNI Log ( 3693): GlFramebuffer Reinitialise done 2
I/JNI Log ( 3693): GlFramebuffer AttachColour start  1
I/JNI Log ( 3693): GlFramebuffer AttachColour start  2
I/JNI Log ( 3693): GlFramebuffer AttachColour start  3
I/JNI Log ( 3693): GlFramebuffer AttachColour start  4
I/JNI Log ( 3693): GlFramebuffer AttachColour done
I/JNI Log ( 3693): MY elasitcfusion ComputePack struct ComputePack AttachColour(*target); done
I/JNI Log ( 3693): MY elasitcfusion ComputePack struct ComputePack AttachDepth(renderBuffer); start
I/JNI Log ( 3693): GlFramebuffer AttachDepth start
I/JNI Log ( 3693): GlFramebuffer AttachDepth 1
I/JNI Log ( 3693): GlFramebuffer AttachDepth 2
I/JNI Log ( 3693): GlFramebuffer AttachDepth 3
I/JNI Log ( 3693): GlFramebuffer AttachDepth done
I/JNI Log ( 3693): MY elasitcfusion ComputePack struct ComputePack AttachDepth(renderBuffer); done
I/JNI Log ( 3693): MY elasitcfusion ComputePack struct ComputePack init done
I/JNI Log ( 3693): MY elasitcfusion struct createCompute 2
I/JNI Log ( 3693): MY elasitcfusion Shader loadProgram 2: v, f, g: emptyvert, quadgeom, depth_bilateralfrag
I/JNI Log ( 3693): MY elasitcfusion Shader loadProgram 2 GL_VERTEX_SHADER start  emptyvert
I/JNI Log ( 3693): MY elasitcfusion Shader AddShader  start 1
I/JNI Log ( 3693): MY elasitcfusion Shader AddShader true
I/JNI Log ( 3693): MY elasitcfusion Shader loadProgram 2 GL_VERTEX_SHADER done  emptyvert
I/JNI Log ( 3693): MY elasitcfusion Shader loadProgram 2 GL_GEOMETRY_SHADER start  quadgeom
I/JNI Log ( 3693): MY elasitcfusion Shader AddShader  start 1
I/JNI Log ( 3693): MY elasitcfusion Shader AddShader true
I/JNI Log ( 3693): MY elasitcfusion Shader loadProgram 2 GL_GEOMETRY_SHADER done  quadgeom
I/JNI Log ( 3693): MY elasitcfusion Shader loadProgram 2 GL_FRAGMENT_SHADER start  depth_bilateralfrag
I/JNI Log ( 3693): MY elasitcfusion Shader AddShader  start 1
I/JNI Log ( 3693): MY elasitcfusion Shader AddShader true
I/JNI Log ( 3693): MY elasitcfusion Shader loadProgram 2 GL_FRAGMENT_SHADER done  depth_bilateralfrag
I/JNI Log ( 3693): MY elasitcfusion Shader Link 1
I/JNI Log ( 3693): MY elasitcfusion Shader Link true
I/JNI Log ( 3693): MY elasitcfusion Shader loadProgram 2 done
I/JNI Log ( 3693): GlRenderBuffer init start 640, 380, 33190,
I/JNI Log ( 3693): GlRenderBuffer Reinitialise start
I/JNI Log ( 3693): GlRenderBuffer Reinitialise start glDeleteTextures
I/JNI Log ( 3693): GlRenderBuffer Reinitialise change
I/JNI Log ( 3693): GlRenderBuffer Reinitialise 1
I/JNI Log ( 3693): GlRenderBuffer Reinitialise 1 2
I/JNI Log ( 3693): GlRenderBuffer Reinitialise 2
I/JNI Log ( 3693): GlRenderBuffer Reinitialise 3
I/JNI Log ( 3693): GlRenderBuffer Reinitialise done
I/JNI Log ( 3693): GlRenderBuffer init done
I/JNI Log ( 3693): GlFramebuffer init 1
I/JNI Log ( 3693): MY elasitcfusion ComputePack struct ComputePack init start
I/JNI Log ( 3693): MY elasitcfusion ComputePack struct ComputePack AttachColour(*target); start
I/JNI Log ( 3693): GlFramebuffer AttachColour start : attachments: 0
I/JNI Log ( 3693): GlFramebuffer Reinitialise start
I/JNI Log ( 3693): GlFramebuffer Reinitialise start 1
I/JNI Log ( 3693): GlFramebuffer Reinitialise done 2
I/JNI Log ( 3693): GlFramebuffer AttachColour start  1
I/JNI Log ( 3693): GlFramebuffer AttachColour start  2
I/JNI Log ( 3693): GlFramebuffer AttachColour start  3
I/JNI Log ( 3693): GlFramebuffer AttachColour start  4
I/JNI Log ( 3693): GlFramebuffer AttachColour done
I/JNI Log ( 3693): MY elasitcfusion ComputePack struct ComputePack AttachColour(*target); done
I/JNI Log ( 3693): MY elasitcfusion ComputePack struct ComputePack AttachDepth(renderBuffer); start
I/JNI Log ( 3693): GlFramebuffer AttachDepth start
I/JNI Log ( 3693): GlFramebuffer AttachDepth 1
I/JNI Log ( 3693): GlFramebuffer AttachDepth 2
I/JNI Log ( 3693): GlFramebuffer AttachDepth 3
I/JNI Log ( 3693): GlFramebuffer AttachDepth done
I/JNI Log ( 3693): MY elasitcfusion ComputePack struct ComputePack AttachDepth(renderBuffer); done
I/JNI Log ( 3693): MY elasitcfusion ComputePack struct ComputePack init done
I/JNI Log ( 3693): MY elasitcfusion struct createCompute 3
I/JNI Log ( 3693): MY elasitcfusion Shader loadProgram 2: v, f, g: emptyvert, quadgeom, depth_metricfrag
I/JNI Log ( 3693): MY elasitcfusion Shader loadProgram 2 GL_VERTEX_SHADER start  emptyvert
I/JNI Log ( 3693): MY elasitcfusion Shader AddShader  start 1
I/JNI Log ( 3693): MY elasitcfusion Shader AddShader true
I/JNI Log ( 3693): MY elasitcfusion Shader loadProgram 2 GL_VERTEX_SHADER done  emptyvert
I/JNI Log ( 3693): MY elasitcfusion Shader loadProgram 2 GL_GEOMETRY_SHADER start  quadgeom
I/JNI Log ( 3693): MY elasitcfusion Shader AddShader  start 1
I/JNI Log ( 3693): MY elasitcfusion Shader AddShader true
I/JNI Log ( 3693): MY elasitcfusion Shader loadProgram 2 GL_GEOMETRY_SHADER done  quadgeom
I/JNI Log ( 3693): MY elasitcfusion Shader loadProgram 2 GL_FRAGMENT_SHADER start  depth_metricfrag
I/JNI Log ( 3693): MY elasitcfusion Shader AddShader  start 1
I/JNI Log ( 3693): MY elasitcfusion Shader AddShader true
I/JNI Log ( 3693): MY elasitcfusion Shader loadProgram 2 GL_FRAGMENT_SHADER done  depth_metricfrag
I/JNI Log ( 3693): MY elasitcfusion Shader Link 1
I/JNI Log ( 3693): MY elasitcfusion Shader Link true
I/JNI Log ( 3693): MY elasitcfusion Shader loadProgram 2 done
I/JNI Log ( 3693): GlRenderBuffer init start 640, 380, 33190,
I/JNI Log ( 3693): GlRenderBuffer Reinitialise start
I/JNI Log ( 3693): GlRenderBuffer Reinitialise start glDeleteTextures
I/JNI Log ( 3693): GlRenderBuffer Reinitialise change
I/JNI Log ( 3693): GlRenderBuffer Reinitialise 1
I/JNI Log ( 3693): GlRenderBuffer Reinitialise 1 2
I/JNI Log ( 3693): GlRenderBuffer Reinitialise 2
I/JNI Log ( 3693): GlRenderBuffer Reinitialise 3
I/JNI Log ( 3693): GlRenderBuffer Reinitialise done
I/JNI Log ( 3693): GlRenderBuffer init done
I/JNI Log ( 3693): GlFramebuffer init 1
I/JNI Log ( 3693): MY elasitcfusion ComputePack struct ComputePack init start
I/JNI Log ( 3693): MY elasitcfusion ComputePack struct ComputePack AttachColour(*target); start
I/JNI Log ( 3693): GlFramebuffer AttachColour start : attachments: 0
I/JNI Log ( 3693): GlFramebuffer Reinitialise start
I/JNI Log ( 3693): GlFramebuffer Reinitialise start 1
I/JNI Log ( 3693): GlFramebuffer Reinitialise done 2
I/JNI Log ( 3693): GlFramebuffer AttachColour start  1
I/JNI Log ( 3693): GlFramebuffer AttachColour start  2
I/JNI Log ( 3693): GlFramebuffer AttachColour start  3
I/JNI Log ( 3693): GlFramebuffer AttachColour start  4
I/JNI Log ( 3693): GlFramebuffer AttachColour done
I/JNI Log ( 3693): MY elasitcfusion ComputePack struct ComputePack AttachColour(*target); done
I/JNI Log ( 3693): MY elasitcfusion ComputePack struct ComputePack AttachDepth(renderBuffer); start
I/JNI Log ( 3693): GlFramebuffer AttachDepth start
I/JNI Log ( 3693): GlFramebuffer AttachDepth 1
I/JNI Log ( 3693): GlFramebuffer AttachDepth 2
I/JNI Log ( 3693): GlFramebuffer AttachDepth 3
I/JNI Log ( 3693): GlFramebuffer AttachDepth done
I/JNI Log ( 3693): MY elasitcfusion ComputePack struct ComputePack AttachDepth(renderBuffer); done
I/JNI Log ( 3693): MY elasitcfusion ComputePack struct ComputePack init done
I/JNI Log ( 3693): MY elasitcfusion struct createCompute 4
I/JNI Log ( 3693): MY elasitcfusion Shader loadProgram 2: v, f, g: emptyvert, quadgeom, depth_metricfrag
I/JNI Log ( 3693): MY elasitcfusion Shader loadProgram 2 GL_VERTEX_SHADER start  emptyvert
I/JNI Log ( 3693): MY elasitcfusion Shader AddShader  start 1
I/JNI Log ( 3693): MY elasitcfusion Shader AddShader true
I/JNI Log ( 3693): MY elasitcfusion Shader loadProgram 2 GL_VERTEX_SHADER done  emptyvert
I/JNI Log ( 3693): MY elasitcfusion Shader loadProgram 2 GL_GEOMETRY_SHADER start  quadgeom
I/JNI Log ( 3693): MY elasitcfusion Shader AddShader  start 1
I/JNI Log ( 3693): MY elasitcfusion Shader AddShader true
I/JNI Log ( 3693): MY elasitcfusion Shader loadProgram 2 GL_GEOMETRY_SHADER done  quadgeom
I/JNI Log ( 3693): MY elasitcfusion Shader loadProgram 2 GL_FRAGMENT_SHADER start  depth_metricfrag
I/JNI Log ( 3693): MY elasitcfusion Shader AddShader  start 1
I/JNI Log ( 3693): MY elasitcfusion Shader AddShader true
I/JNI Log ( 3693): MY elasitcfusion Shader loadProgram 2 GL_FRAGMENT_SHADER done  depth_metricfrag
I/JNI Log ( 3693): MY elasitcfusion Shader Link 1
W/st-log  (  191): Initial features: Max - 6377, Min - 7157
E/WifiController(  919): Not handled here 155652
D/WifiController(  919): battery changed pluggedType: 2
W/st-log  (  191): Final features: 0
E/JNI Log ( 3693): CameraInterface:TangoSupport_updatePointCloud failed
I/JNI Log ( 3693): MY elasitcfusion Shader Link true
I/JNI Log ( 3693): MY elasitcfusion Shader loadProgram 2 done
I/JNI Log ( 3693): GlRenderBuffer init start 640, 380, 33190,
I/JNI Log ( 3693): GlRenderBuffer Reinitialise start
I/JNI Log ( 3693): GlRenderBuffer Reinitialise start glDeleteTextures
I/JNI Log ( 3693): CameraInterface: point could data is not new, return
I/JNI Log ( 3693): GlRenderBuffer Reinitialise change
I/JNI Log ( 3693): GlRenderBuffer Reinitialise 1
I/JNI Log ( 3693): GlRenderBuffer Reinitialise 1 2
I/JNI Log ( 3693): GlRenderBuffer Reinitialise 2
I/JNI Log ( 3693): GlRenderBuffer Reinitialise 3
I/JNI Log ( 3693): GlRenderBuffer Reinitialise done
I/JNI Log ( 3693): GlRenderBuffer init done
I/JNI Log ( 3693): GlFramebuffer init 1
I/JNI Log ( 3693): MY elasitcfusion ComputePack struct ComputePack init start
I/JNI Log ( 3693): MY elasitcfusion ComputePack struct ComputePack AttachColour(*target); start
I/JNI Log ( 3693): GlFramebuffer AttachColour start : attachments: 0
I/JNI Log ( 3693): GlFramebuffer Reinitialise start
I/JNI Log ( 3693): GlFramebuffer Reinitialise start 1
I/JNI Log ( 3693): GlFramebuffer Reinitialise done 2
I/JNI Log ( 3693): GlFramebuffer AttachColour start  1
I/JNI Log ( 3693): GlFramebuffer AttachColour start  2
I/JNI Log ( 3693): GlFramebuffer AttachColour start  3
I/JNI Log ( 3693): GlFramebuffer AttachColour start  4
I/JNI Log ( 3693): GlFramebuffer AttachColour done
I/JNI Log ( 3693): MY elasitcfusion ComputePack struct ComputePack AttachColour(*target); done
I/JNI Log ( 3693): MY elasitcfusion ComputePack struct ComputePack AttachDepth(renderBuffer); start
I/JNI Log ( 3693): GlFramebuffer AttachDepth start
I/JNI Log ( 3693): GlFramebuffer AttachDepth 1
I/JNI Log ( 3693): GlFramebuffer AttachDepth 2
I/JNI Log ( 3693): GlFramebuffer AttachDepth 3
I/JNI Log ( 3693): GlFramebuffer AttachDepth done
I/JNI Log ( 3693): MY elasitcfusion ComputePack struct ComputePack AttachDepth(renderBuffer); done
I/JNI Log ( 3693): MY elasitcfusion ComputePack struct ComputePack init done
I/JNI Log ( 3693): MY elasitcfusion struct createCompute 5 done
I/JNI Log ( 3693): MY elasitcfusion struct init 3
I/JNI Log ( 3693): MY elasitcfusion struct createFeedbackBuffers start 1
I/JNI Log ( 3693): MY elasitcfusion Shader loadProgramGeom: v, g: vertex_feedbackvert, vertex_feedbackgeom
I/JNI Log ( 3693): MY elasitcfusion Shader loadProgramGeom GL_VERTEX_SHADER start  vertex_feedbackvert
I/JNI Log ( 3693): MY elasitcfusion Shader AddShader  start 1
I/JNI Log ( 3693): MY elasitcfusion Shader AddShader true
I/JNI Log ( 3693): MY elasitcfusion Shader loadProgramGeom GL_VERTEX_SHADER done  vertex_feedbackvert
I/JNI Log ( 3693): MY elasitcfusion Shader loadProgramGeom GL_GEOMETRY_SHADER start  vertex_feedbackgeom
I/JNI Log ( 3693): MY elasitcfusion Shader AddShader  start 1
I/JNI Log ( 3693): MY elasitcfusion Shader AddShader true
I/JNI Log ( 3693): MY elasitcfusion Shader loadProgramGeom GL_GEOMETRY_SHADER done  vertex_feedbackgeom
I/JNI Log ( 3693): MY elasitcfusion Shader loadProgramGeom empty_fragment_shader_source start
I/JNI Log ( 3693): MY elasitcfusion Shader AddShader  start 1
I/JNI Log ( 3693): MY elasitcfusion Shader AddShader true
I/JNI Log ( 3693): MY elasitcfusion Shader loadProgramGeom empty_fragment_shader_source done
I/JNI Log ( 3693): MY elasitcfusion Shader Link 1
I/JNI Log ( 3693): MY elasitcfusion Shader Link true
I/JNI Log ( 3693): MY elasitcfusion Shader loadProgramGeom done
I/JNI Log ( 3693): MY elasitcfusion Shader loadProgram 1: v, f: draw_feedbackvert, draw_feedbackfrag
I/JNI Log ( 3693): MY elasitcfusion Shader loadProgram 1 GL_VERTEX_SHADER start  draw_feedbackvert
I/JNI Log ( 3693): MY elasitcfusion Shader AddShader  start 1
I/JNI Log ( 3693): MY elasitcfusion Shader AddShader true
I/JNI Log ( 3693): MY elasitcfusion Shader loadProgram 1 GL_VERTEX_SHADER done  draw_feedbackvert
I/JNI Log ( 3693): MY elasitcfusion Shader loadProgram 1 GL_FRAGMENT_SHADER start  draw_feedbackfrag
I/JNI Log ( 3693): MY elasitcfusion Shader AddShader  start 1
I/JNI Log ( 3693): MY elasitcfusion Shader AddShader true
I/JNI Log ( 3693): MY elasitcfusion Shader loadProgram 1 GL_FRAGMENT_SHADER done  draw_feedbackfrag
I/JNI Log ( 3693): MY elasitcfusion Shader Link 1
I/JNI Log ( 3693): MY elasitcfusion Shader Link true
I/JNI Log ( 3693): MY elasitcfusion Shader loadProgram 1 done
I/JNI Log ( 3693): MY elasitcfusion FeedbackBuffer struct init start 1
W/st-log  (  191): Initial features: Max - 6319, Min - 7211
I/JNI Log ( 3693): MY elasitcfusion FeedbackBuffer struct init 2
I/JNI Log ( 3693): MY elasitcfusion FeedbackBuffer struct init 3
I/JNI Log ( 3693): MY elasitcfusion FeedbackBuffer struct init 4
I/JNI Log ( 3693): MY elasitcfusion FeedbackBuffer struct init 5
W/st-log  (  191): Final features: 0
E/JNI Log ( 3693): CameraInterface:TangoSupport_updatePointCloud failed
W/st-log  (  191): Initial features: Max - 6346, Min - 7375
I/JNI Log ( 3693): MY elasitcfusion FeedbackBuffer struct init 6
I/JNI Log ( 3693): CameraInterface: point could data is not new, return
W/st-log  (  191): Final features: 0
E/JNI Log ( 3693): CameraInterface:TangoSupport_updatePointCloud failed
W/st-log  (  191): Initial features: Max - 6353, Min - 7299
I/JNI Log ( 3693): MY elasitcfusion FeedbackBuffer struct init 7
W/st-log  (  191): Final features: 0
E/JNI Log ( 3693): CameraInterface:TangoSupport_updatePointCloud failed
I/JNI Log ( 3693): CameraInterface: point could data is not new, return
I/JNI Log ( 3693): MY elasitcfusion FeedbackBuffer struct init 8
I/JNI Log ( 3693): MY elasitcfusion FeedbackBuffer struct init 9
I/JNI Log ( 3693): MY elasitcfusion FeedbackBuffer struct init 10
I/JNI Log ( 3693): MY elasitcfusion FeedbackBuffer struct init 11
I/JNI Log ( 3693): MY elasitcfusion Shader Bind start
I/JNI Log ( 3693): MY elasitcfusion Shader Bind done
I/JNI Log ( 3693): MY elasitcfusion FeedbackBuffer struct init 12
I/JNI Log ( 3693): MY elasitcfusion FeedbackBuffer struct init 13
I/JNI Log ( 3693): MY elasitcfusion FeedbackBuffer struct init 14
I/JNI Log ( 3693): MY elasitcfusion Shader Unbind start
I/JNI Log ( 3693): MY elasitcfusion Shader Unbind done
I/JNI Log ( 3693): MY elasitcfusion FeedbackBuffer struct init 15
I/JNI Log ( 3693): MY elasitcfusion FeedbackBuffer struct init 16 done
I/JNI Log ( 3693): MY elasitcfusion struct createFeedbackBuffers 2
I/JNI Log ( 3693): MY elasitcfusion Shader loadProgramGeom: v, g: vertex_feedbackvert, vertex_feedbackgeom
I/JNI Log ( 3693): MY elasitcfusion Shader loadProgramGeom GL_VERTEX_SHADER start  vertex_feedbackvert
I/JNI Log ( 3693): MY elasitcfusion Shader AddShader  start 1
I/JNI Log ( 3693): MY elasitcfusion Shader AddShader true
I/JNI Log ( 3693): MY elasitcfusion Shader loadProgramGeom GL_VERTEX_SHADER done  vertex_feedbackvert
I/JNI Log ( 3693): MY elasitcfusion Shader loadProgramGeom GL_GEOMETRY_SHADER start  vertex_feedbackgeom
I/JNI Log ( 3693): MY elasitcfusion Shader AddShader  start 1
I/JNI Log ( 3693): MY elasitcfusion Shader AddShader true
I/JNI Log ( 3693): MY elasitcfusion Shader loadProgramGeom GL_GEOMETRY_SHADER done  vertex_feedbackgeom
I/JNI Log ( 3693): MY elasitcfusion Shader loadProgramGeom empty_fragment_shader_source start
I/JNI Log ( 3693): MY elasitcfusion Shader AddShader  start 1
I/JNI Log ( 3693): MY elasitcfusion Shader AddShader true
I/JNI Log ( 3693): MY elasitcfusion Shader loadProgramGeom empty_fragment_shader_source done
I/JNI Log ( 3693): MY elasitcfusion Shader Link 1
I/JNI Log ( 3693): MY elasitcfusion Shader Link true
I/JNI Log ( 3693): MY elasitcfusion Shader loadProgramGeom done
I/JNI Log ( 3693): MY elasitcfusion Shader loadProgram 1: v, f: draw_feedbackvert, draw_feedbackfrag
I/JNI Log ( 3693): MY elasitcfusion Shader loadProgram 1 GL_VERTEX_SHADER start  draw_feedbackvert
I/JNI Log ( 3693): MY elasitcfusion Shader AddShader  start 1
I/JNI Log ( 3693): MY elasitcfusion Shader AddShader true
I/JNI Log ( 3693): MY elasitcfusion Shader loadProgram 1 GL_VERTEX_SHADER done  draw_feedbackvert
I/JNI Log ( 3693): MY elasitcfusion Shader loadProgram 1 GL_FRAGMENT_SHADER start  draw_feedbackfrag
I/JNI Log ( 3693): MY elasitcfusion Shader AddShader  start 1
I/JNI Log ( 3693): MY elasitcfusion Shader AddShader true
I/JNI Log ( 3693): MY elasitcfusion Shader loadProgram 1 GL_FRAGMENT_SHADER done  draw_feedbackfrag
I/JNI Log ( 3693): MY elasitcfusion Shader Link 1
I/JNI Log ( 3693): MY elasitcfusion Shader Link true
I/JNI Log ( 3693): MY elasitcfusion Shader loadProgram 1 done
I/JNI Log ( 3693): MY elasitcfusion FeedbackBuffer struct init start 1
W/st-log  (  191): Initial features: Max - 6366, Min - 7394
I/JNI Log ( 3693): MY elasitcfusion FeedbackBuffer struct init 2
I/JNI Log ( 3693): MY elasitcfusion FeedbackBuffer struct init 3
I/JNI Log ( 3693): MY elasitcfusion FeedbackBuffer struct init 4
I/JNI Log ( 3693): MY elasitcfusion FeedbackBuffer struct init 5
I/JNI Log ( 3693): MY elasitcfusion FeedbackBuffer struct init 6
W/st-log  (  191): Final features: 0
E/JNI Log ( 3693): CameraInterface:TangoSupport_updatePointCloud failed
W/st-log  (  191): Initial features: Max - 9871, Min - 10111
I/JNI Log ( 3693): MY elasitcfusion FeedbackBuffer struct init 7
W/st-log  (  191): Final features: 0
E/JNI Log ( 3693): CameraInterface:TangoSupport_updatePointCloud failed
I/JNI Log ( 3693): CameraInterface: point could data is not new, return
I/JNI Log ( 3693): MY elasitcfusion FeedbackBuffer struct init 8
I/JNI Log ( 3693): MY elasitcfusion FeedbackBuffer struct init 9
I/JNI Log ( 3693): MY elasitcfusion FeedbackBuffer struct init 10
I/JNI Log ( 3693): MY elasitcfusion FeedbackBuffer struct init 11
I/JNI Log ( 3693): MY elasitcfusion Shader Bind start
I/JNI Log ( 3693): MY elasitcfusion Shader Bind done
I/JNI Log ( 3693): MY elasitcfusion FeedbackBuffer struct init 12
I/JNI Log ( 3693): MY elasitcfusion FeedbackBuffer struct init 13
I/JNI Log ( 3693): MY elasitcfusion FeedbackBuffer struct init 14
I/JNI Log ( 3693): MY elasitcfusion Shader Unbind start
I/JNI Log ( 3693): MY elasitcfusion Shader Unbind done
I/JNI Log ( 3693): MY elasitcfusion FeedbackBuffer struct init 15
I/JNI Log ( 3693): MY elasitcfusion FeedbackBuffer struct init 16 done
I/JNI Log ( 3693): MY elasitcfusion struct createFeedbackBuffers 3 done
I/JNI Log ( 3693): MY elasitcfusion struct init 4
I/JNI Log ( 3693): MY elasitcfusion struct init 5 done
I/JNI Log ( 3693): RunDatasetEF RunDatasetEF Building eFusion done
I/JNI Log ( 3693): RunDatasetEF RunDatasetEF: good
I/JNI Log ( 3693): RunDatasetEF RunDatasetEF: outter while loop in
I/JNI Log ( 3693): RunDatasetEF RunDatasetEF: hasMore while loop in
I/JNI Log ( 3693): RunDatasetEF run Dataset getNext: start
I/JNI Log ( 3693): RunDatasetEF run Dataset getCore: start
I/JNI Log ( 3693): RunDatasetEF run Dataset getCore: rgb  compressed
W/st-log  (  191): Initial features: Max - 6253, Min - 7433
I/JNI Log ( 3693): RunDatasetEF run Dataset getCore: rgb  uncompress: numPixels * 3: 729600, imageSize: 87600, cv size: 921600
I/JNI Log ( 3693): RunDatasetEF run Dataset getNext: done
I/JNI Log ( 3693): RunDatasetEF Processing frames ready done.
I/JNI Log ( 3693): tick Run
I/JNI Log ( 3693):  ElasticFusion struct Process frame Run 1 start
I/JNI Log ( 3693): GlTexture Upload start 1 GL_PACK_ALIGNMENT: 6409, 5121, 1
I/JNI Log ( 3693): GlTexture Upload Bind start
I/JNI Log ( 3693): GlTexture bind start check
I/JNI Log ( 3693): GlTexture bind start
W/st-log  (  191): Final features: 0
E/JNI Log ( 3693): CameraInterface:TangoSupport_updatePointCloud failed
I/JNI Log ( 3693): CameraInterface: point could data is not new, return
I/JNI Log ( 3693): GlTexture bind done
I/JNI Log ( 3693): GlTexture Upload Bind done
I/JNI Log ( 3693): GlTexture Upload change ???
I/JNI Log ( 3693): GlTexture Upload 2: 640, 380
I/JNI Log ( 3693): GlTexture Upload done 3
I/JNI Log ( 3693):  ElasticFusion struct Process frame Run 2
I/JNI Log ( 3693): GlTexture Upload start 1 GL_PACK_ALIGNMENT: 6408, 5121, 1
I/JNI Log ( 3693): GlTexture Upload Bind start
I/JNI Log ( 3693): GlTexture bind start check
I/JNI Log ( 3693): GlTexture bind start
I/JNI Log ( 3693): GlTexture bind done
I/JNI Log ( 3693): GlTexture Upload Bind done
I/JNI Log ( 3693): GlTexture Upload 2: 640, 380
I/JNI Log ( 3693): GlTexture Upload done 3
I/JNI Log ( 3693):  ElasticFusion struct Process frame Preprocess
I/JNI Log ( 3693): tick Preprocess
I/JNI Log ( 3693): MY elasitcfusion struct filterDepth 1 start
I/JNI Log ( 3693): MY elasitcfusion struct filterDepth 2
I/JNI Log ( 3693): MY elasitcfusion ComputePack compute 1 start
I/JNI Log ( 3693): GlTexture bind start check
I/JNI Log ( 3693): GlTexture bind start
I/JNI Log ( 3693): GlTexture bind done
I/JNI Log ( 3693): MY elasitcfusion ComputePack compute 2
I/JNI Log ( 3693): GlFramebuffer Bind start
I/JNI Log ( 3693): GlFramebuffer Bind done
I/JNI Log ( 3693): MY elasitcfusion ComputePack compute 3 glPushAttrib
I/JNI Log ( 3693): MY elasitcfusion ComputePack compute 4 glPushAttrib
I/JNI Log ( 3693): MY elasitcfusion ComputePack compute 5
I/JNI Log ( 3693): MY elasitcfusion ComputePack compute 6
I/JNI Log ( 3693): ComputePack My elastic-fusion  CheckGlDieOnError after MY elasitcfusion ComputePack  GL_FRAMEBUFFER_UNSUPPORTED, GL_INVALID_FRAMEBUFFER_OPERATION() glError (0x506)
I/JNI Log ( 3693): MY elasitcfusion ComputePack compute 7
I/JNI Log ( 3693): MY elasitcfusion Shader Bind start
I/JNI Log ( 3693): MY elasitcfusion Shader Bind done
I/JNI Log ( 3693): MY elasitcfusion ComputePack compute 8
I/JNI Log ( 3693): MY elasitcfusion ComputePack compute 9
I/JNI Log ( 3693): ComputePack My elastic-fusion  CheckGlDieOnError after MY elasitcfusion ComputePack  GL_FRAMEBUFFER_UNSUPPORTED, GL_INVALID_FRAMEBUFFER_OPERATION() glError (0x506)
I/JNI Log ( 3693): MY elasitcfusion ComputePack compute 10
I/JNI Log ( 3693): GlFramebuffer Unbind start
I/JNI Log ( 3693): GlFramebuffer Unbind done
I/JNI Log ( 3693): MY elasitcfusion ComputePack compute 11
I/JNI Log ( 3693): MY elasitcfusion Shader Unbind start
I/JNI Log ( 3693): MY elasitcfusion Shader Unbind done
I/JNI Log ( 3693): MY elasitcfusion ComputePack compute 12
I/JNI Log ( 3693): MY elasitcfusion ComputePack compute 13
I/JNI Log ( 3693): MY elasitcfusion ComputePack compute 14 done
I/JNI Log ( 3693): MY elasitcfusion struct filterDepth 3 done
I/JNI Log ( 3693):  ElasticFusion struct Process frame Preprocess done 1
I/JNI Log ( 3693): MY elasitcfusion struct metriciseDepth 1
I/JNI Log ( 3693): MY elasitcfusion struct metriciseDepth 2
I/JNI Log ( 3693): MY elasitcfusion ComputePack compute 1 start
I/JNI Log ( 3693): GlTexture bind start check
I/JNI Log ( 3693): GlTexture bind start
I/JNI Log ( 3693): GlTexture bind done
I/JNI Log ( 3693): MY elasitcfusion ComputePack compute 2
I/JNI Log ( 3693): GlFramebuffer Bind start
I/JNI Log ( 3693): GlFramebuffer Bind done
I/JNI Log ( 3693): MY elasitcfusion ComputePack compute 3 glPushAttrib
I/JNI Log ( 3693): MY elasitcfusion ComputePack compute 4 glPushAttrib
I/JNI Log ( 3693): MY elasitcfusion ComputePack compute 5
I/JNI Log ( 3693): MY elasitcfusion ComputePack compute 6
I/JNI Log ( 3693): ComputePack My elastic-fusion  CheckGlDieOnError after MY elasitcfusion ComputePack  GL_FRAMEBUFFER_UNSUPPORTED, GL_INVALID_FRAMEBUFFER_OPERATION() glError (0x506)
I/JNI Log ( 3693): MY elasitcfusion ComputePack compute 7
I/JNI Log ( 3693): MY elasitcfusion Shader Bind start
I/JNI Log ( 3693): MY elasitcfusion Shader Bind done
I/JNI Log ( 3693): MY elasitcfusion ComputePack compute 8
I/JNI Log ( 3693): MY elasitcfusion ComputePack compute 9
I/JNI Log ( 3693): ComputePack My elastic-fusion  CheckGlDieOnError after MY elasitcfusion ComputePack  GL_FRAMEBUFFER_UNSUPPORTED, GL_INVALID_FRAMEBUFFER_OPERATION() glError (0x506)
I/JNI Log ( 3693): MY elasitcfusion ComputePack compute 10
I/JNI Log ( 3693): GlFramebuffer Unbind start
I/JNI Log ( 3693): GlFramebuffer Unbind done
I/JNI Log ( 3693): MY elasitcfusion ComputePack compute 11
I/JNI Log ( 3693): MY elasitcfusion Shader Unbind start
I/JNI Log ( 3693): MY elasitcfusion Shader Unbind done
I/JNI Log ( 3693): MY elasitcfusion ComputePack compute 12
I/JNI Log ( 3693): MY elasitcfusion ComputePack compute 13
I/JNI Log ( 3693): MY elasitcfusion ComputePack compute 14 done
I/JNI Log ( 3693): MY elasitcfusion struct metriciseDepth 3
I/JNI Log ( 3693): MY elasitcfusion ComputePack compute 1 start
I/JNI Log ( 3693): GlTexture bind start check
I/JNI Log ( 3693): GlTexture bind start
W/st-log  (  191): Initial features: Max - 6274, Min - 7436
W/st-log  (  191): Final features: 0
E/JNI Log ( 3693): CameraInterface:TangoSupport_updatePointCloud failed
I/JNI Log ( 3693): GlTexture bind done
I/JNI Log ( 3693): MY elasitcfusion ComputePack compute 2
I/JNI Log ( 3693): GlFramebuffer Bind start
I/JNI Log ( 3693): GlFramebuffer Bind done
I/JNI Log ( 3693): MY elasitcfusion ComputePack compute 3 glPushAttrib
I/JNI Log ( 3693): MY elasitcfusion ComputePack compute 4 glPushAttrib
I/JNI Log ( 3693): MY elasitcfusion ComputePack compute 5
I/JNI Log ( 3693): MY elasitcfusion ComputePack compute 6
I/JNI Log ( 3693): ComputePack My elastic-fusion  CheckGlDieOnError after MY elasitcfusion ComputePack  GL_FRAMEBUFFER_UNSUPPORTED, GL_INVALID_FRAMEBUFFER_OPERATION() glError (0x506)
I/JNI Log ( 3693): MY elasitcfusion ComputePack compute 7
I/JNI Log ( 3693): MY elasitcfusion Shader Bind start
I/JNI Log ( 3693): MY elasitcfusion Shader Bind done
I/JNI Log ( 3693): MY elasitcfusion ComputePack compute 8
I/JNI Log ( 3693): MY elasitcfusion ComputePack compute 9
I/JNI Log ( 3693): ComputePack My elastic-fusion  CheckGlDieOnError after MY elasitcfusion ComputePack  GL_FRAMEBUFFER_UNSUPPORTED, GL_INVALID_FRAMEBUFFER_OPERATION() glError (0x506)
I/JNI Log ( 3693): MY elasitcfusion ComputePack compute 10
I/JNI Log ( 3693): GlFramebuffer Unbind start
I/JNI Log ( 3693): GlFramebuffer Unbind done
I/JNI Log ( 3693): MY elasitcfusion ComputePack compute 11
I/JNI Log ( 3693): MY elasitcfusion Shader Unbind start
I/JNI Log ( 3693): MY elasitcfusion Shader Unbind done
I/JNI Log ( 3693): MY elasitcfusion ComputePack compute 12
I/JNI Log ( 3693): MY elasitcfusion ComputePack compute 13
I/JNI Log ( 3693): CameraInterface: point could data is not new, return
I/JNI Log ( 3693): MY elasitcfusion ComputePack compute 14 done
I/JNI Log ( 3693): MY elasitcfusion struct metriciseDepth 4
I/JNI Log ( 3693):  ElasticFusion struct Process frame Preprocess done 2
I/JNI Log ( 3693): tock Preprocess
I/JNI Log ( 3693):  ElasticFusion struct Process frame tick == 1
I/JNI Log ( 3693): MY elasitcfusion struct computeFeedbackBuffers 1 start
I/JNI Log ( 3693): tick feedbackBuffers
I/JNI Log ( 3693): MY elasitcfusion FeedbackBuffer struct compute start 1
I/JNI Log ( 3693): MY elasitcfusion Shader Bind start
I/JNI Log ( 3693): MY elasitcfusion Shader Bind done
I/JNI Log ( 3693): MY elasitcfusion FeedbackBuffer struct compute 2
I/JNI Log ( 3693): MY elasitcfusion FeedbackBuffer struct compute 3
I/JNI Log ( 3693): MY elasitcfusion FeedbackBuffer struct compute 4
I/JNI Log ( 3693): MY elasitcfusion FeedbackBuffer struct compute 5
I/JNI Log ( 3693): MY elasitcfusion FeedbackBuffer struct compute 6
I/JNI Log ( 3693): MY elasitcfusion FeedbackBuffer struct compute 7 glBindTransformFeedback fid: 6
I/JNI Log ( 3693): MY elasitcfusion FeedbackBuffer struct compute 8 glBindTransformFeedback fid: 6
I/JNI Log ( 3693): MY elasitcfusion FeedbackBuffer struct compute 9
I/JNI Log ( 3693): MY elasitcfusion FeedbackBuffer struct compute 10
I/JNI Log ( 3693): MY elasitcfusion FeedbackBuffer struct compute 11
I/JNI Log ( 3693): MY elasitcfusion FeedbackBuffer struct compute 12
I/JNI Log ( 3693): MY elasitcfusion FeedbackBuffer struct compute 13
I/JNI Log ( 3693): MY elasitcfusion FeedbackBuffer struct compute 14
I/JNI Log ( 3693): MY elasitcfusion FeedbackBuffer struct compute 15
I/JNI Log ( 3693): MY elasitcfusion FeedbackBuffer struct compute 16
I/JNI Log ( 3693): MY elasitcfusion FeedbackBuffer struct compute 17
I/JNI Log ( 3693): MY elasitcfusion FeedbackBuffer struct compute 18
I/JNI Log ( 3693): MY elasitcfusion FeedbackBuffer struct compute 19
I/JNI Log ( 3693): MY elasitcfusion FeedbackBuffer struct compute 19 1
I/JNI Log ( 3693): MY elasitcfusion FeedbackBuffer struct compute 19 2 glBindTransformFeedback
I/JNI Log ( 3693): MY elasitcfusion FeedbackBuffer struct compute 20 glBindTransformFeedback
I/JNI Log ( 3693): MY elasitcfusion Shader Unbind start
I/JNI Log ( 3693): MY elasitcfusion Shader Unbind done
I/JNI Log ( 3693): MY elasitcfusion FeedbackBuffer struct compute 21
I/JNI Log ( 3693): MY elasitcfusion FeedbackBuffer struct compute done
I/JNI Log ( 3693): MY elasitcfusion struct computeFeedbackBuffers 2
I/JNI Log ( 3693): MY elasitcfusion FeedbackBuffer struct compute start 1
I/JNI Log ( 3693): MY elasitcfusion Shader Bind start
I/JNI Log ( 3693): MY elasitcfusion Shader Bind done
I/JNI Log ( 3693): MY elasitcfusion FeedbackBuffer struct compute 2
I/JNI Log ( 3693): MY elasitcfusion FeedbackBuffer struct compute 3
I/JNI Log ( 3693): MY elasitcfusion FeedbackBuffer struct compute 4
I/JNI Log ( 3693): MY elasitcfusion FeedbackBuffer struct compute 5
I/JNI Log ( 3693): MY elasitcfusion FeedbackBuffer struct compute 6
I/JNI Log ( 3693): MY elasitcfusion FeedbackBuffer struct compute 7 glBindTransformFeedback fid: 7
I/JNI Log ( 3693): MY elasitcfusion FeedbackBuffer struct compute 8 glBindTransformFeedback fid: 7
I/JNI Log ( 3693): MY elasitcfusion FeedbackBuffer struct compute 9
I/JNI Log ( 3693): MY elasitcfusion FeedbackBuffer struct compute 10
I/JNI Log ( 3693): MY elasitcfusion FeedbackBuffer struct compute 11
I/JNI Log ( 3693): MY elasitcfusion FeedbackBuffer struct compute 12
I/JNI Log ( 3693): MY elasitcfusion FeedbackBuffer struct compute 13
I/JNI Log ( 3693): MY elasitcfusion FeedbackBuffer struct compute 14
I/JNI Log ( 3693): MY elasitcfusion FeedbackBuffer struct compute 15
I/JNI Log ( 3693): MY elasitcfusion FeedbackBuffer struct compute 16
I/JNI Log ( 3693): MY elasitcfusion FeedbackBuffer struct compute 17
W/st-log  (  191): Initial features: Max - 6283, Min - 7315
W/st-log  (  191): Final features: 0
E/JNI Log ( 3693): CameraInterface:TangoSupport_updatePointCloud failed
I/JNI Log ( 3693): MY elasitcfusion FeedbackBuffer struct compute 18
I/JNI Log ( 3693): MY elasitcfusion FeedbackBuffer struct compute 19
I/JNI Log ( 3693): MY elasitcfusion FeedbackBuffer struct compute 19 1
I/JNI Log ( 3693): MY elasitcfusion FeedbackBuffer struct compute 19 2 glBindTransformFeedback
I/JNI Log ( 3693): MY elasitcfusion FeedbackBuffer struct compute 20 glBindTransformFeedback
I/JNI Log ( 3693): MY elasitcfusion Shader Unbind start
I/JNI Log ( 3693): MY elasitcfusion Shader Unbind done
I/JNI Log ( 3693): MY elasitcfusion FeedbackBuffer struct compute 21
I/JNI Log ( 3693): CameraInterface: point could data is not new, return
I/JNI Log ( 3693): MY elasitcfusion FeedbackBuffer struct compute done
I/JNI Log ( 3693): MY elasitcfusion struct computeFeedbackBuffers 3 done
I/JNI Log ( 3693): tock feedbackBuffers
I/JNI Log ( 3693):  ElasticFusion struct Process frame computeFeedbackBuffers done
I/JNI Log ( 3693): MY elasitcfusion GlobalModel struct initialise start 1 model: rawFeedback.vbo 7, rawFeedback.fid: 6, filteredFeedback.vbo: 9
I/JNI Log ( 3693): MY elasitcfusion Shader Bind start
I/JNI Log ( 3693): MY elasitcfusion Shader Bind done
I/JNI Log ( 3693): MY elasitcfusion GlobalModel struct initialise 2
I/JNI Log ( 3693): MY elasitcfusion GlobalModel struct initialise 3
I/JNI Log ( 3693): MY elasitcfusion GlobalModel struct initialise 4
I/JNI Log ( 3693): MY elasitcfusion GlobalModel struct initialise 5
I/JNI Log ( 3693): MY elasitcfusion GlobalModel struct initialise 5
I/JNI Log ( 3693): MY elasitcfusion GlobalModel struct initialise 1
I/JNI Log ( 3693): MY elasitcfusion GlobalModel struct initialise 7
I/JNI Log ( 3693): MY elasitcfusion GlobalModel struct initialise 8
I/JNI Log ( 3693): MY elasitcfusion GlobalModel struct initialise 9
I/JNI Log ( 3693): MY elasitcfusion GlobalModel struct initialise 10 glBindTransformFeedback : target: 0, renderSource:   1,  vbos[target].first : 1,  vbos[target].second : 1, vbos[renderSource].first: 2 , vbos[renderSource].second: 2
I/JNI Log ( 3693): MY elasitcfusion GlobalModel struct initialise 11 glBindTransformFeedback : target: 0, renderSource:   1,  vbos[target].first : 1,  vbos[target].second : 1, vbos[renderSource].first: 2 , vbos[renderSource].second: 2
I/JNI Log ( 3693): MY elasitcfusion GlobalModel struct initialise 12 : target: 0, renderSource:   1,  vbos[target].first : 1,  vbos[target].second : 1, vbos[renderSource].first: 2 , vbos[renderSource].second: 2
I/JNI Log ( 3693): MY elasitcfusion GlobalModel struct initialise 13 glBeginQuery
I/JNI Log ( 3693): MY elasitcfusion GlobalModel struct initialise 14 glBeginQuery glDrawTransformFeedback: rawFeedback.fid: 6
I/JNI Log ( 3693): MY elasitcfusion GlobalModel struct initialise 15 glDrawTransformFeedback
I/JNI Log ( 3693): MY elasitcfusion GlobalModel struct initialise 16
I/JNI Log ( 3693): MY elasitcfusion GlobalModel struct initialise 17 here glGetQueryObjectuiv: countQuery: 1, count: 0
I/JNI Log ( 3693): MY elasitcfusion GlobalModel struct initialise 18 here glGetQueryObjectuiv: countQuery: 1, count: 0
I/JNI Log ( 3693): MY elasitcfusion GlobalModel struct initialise 19
I/JNI Log ( 3693): MY elasitcfusion GlobalModel struct initialise 20
I/JNI Log ( 3693): MY elasitcfusion GlobalModel struct initialise 21 glBindTransformFeedback
I/JNI Log ( 3693): MY elasitcfusion GlobalModel struct initialise 22 glBindTransformFeedback
I/JNI Log ( 3693): MY elasitcfusion Shader Unbind start
I/JNI Log ( 3693): MY elasitcfusion Shader Unbind done
I/JNI Log ( 3693): MY elasitcfusion GlobalModel struct initialise 23
I/JNI Log ( 3693): MY elasitcfusion GlobalModel struct initialise 24 done
I/JNI Log ( 3693):  ElasticFusion struct Process frame globalModel.initialise done
I/JNI Log ( 3693):  ElasticFusionRGBDOdometry initFirstRGB start 1
I/JNI Log ( 3693):  ElasticFusionRGBDOdometry initFirstRGB 2
I/JNI Log ( 3693):  ElasticFusionRGBDOdometry initFirstRGB 3
I/JNI Log ( 3693):  ElasticFusionRGBDOdometry initFirstRGB 4
I/JNI Log ( 3693): My elasticfusion cuda imageBGRToIntensity 1
I/JNI Log ( 3693): My elasticfusion  cuda imageBGRToIntensity 2
I/JNI Log ( 3693): My elasticfusion cuda imageBGRToIntensity cuArr is not NULL
I/JNI Log ( 3693): My elasticfusion cuda imageBGRToIntensity cuArr is not NULL again
I/JNI Log ( 3693): My elasticfusion cuda imageBGRToIntensity 3
I/JNI Log ( 3693): My elasticfusion cuda imageBGRToIntensity 4
I/JNI Log ( 3693): elasticfusion CUDA cudaSafeCall 1
I/JNI Log ( 3693): elasticfusion CUDA cudaSafeCall 2
I/JNI Log ( 3693): elasticfusion CUDA cudaSafeCall 1
I/JNI Log ( 3693): elasticfusion CUDA cudaSafeCall 2
I/JNI Log ( 3693): My elasticfusion cuda imageBGRToIntensity 5
I/JNI Log ( 3693):  ElasticFusionRGBDOdometry initFirstRGB 5
W/st-log  (  191): Initial features: Max - 6209, Min - 7403
W/st-log  (  191): Final features: 0
E/JNI Log ( 3693): CameraInterface:TangoSupport_updatePointCloud failed
I/JNI Log ( 3693):  ElasticFusionRGBDOdometry initFirstRGB 6
I/JNI Log ( 3693):  ElasticFusionRGBDOdometry initFirstRGB 6.5 pyrDownUcharGauss
I/JNI Log ( 3693): elasticfusion CUDA cudaSafeCall 1
I/JNI Log ( 3693): elasticfusion CUDA cudaSafeCall 2
I/JNI Log ( 3693): CameraInterface: point could data is not new, return
I/JNI Log ( 3693):  ElasticFusionRGBDOdometry initFirstRGB 6.5 pyrDownUcharGauss
I/JNI Log ( 3693): elasticfusion CUDA cudaSafeCall 1
I/JNI Log ( 3693): elasticfusion CUDA cudaSafeCall 2
I/JNI Log ( 3693):  ElasticFusionRGBDOdometry initFirstRGB done 7
I/JNI Log ( 3693): ElasticFusion struct Process frame tick 1 done
I/JNI Log ( 3693):  ElasticFusion struct Process frame tick tick  done
I/JNI Log ( 3693):  ElasticFusion struct Process frame  sampleGraph
I/JNI Log ( 3693): tick sampleGraph
I/JNI Log ( 3693): MY elasitcfusion GlobalModel model(): : target: 0, renderSource:   1,  vbos[target].first : 1,  vbos[target].second : 1, vbos[renderSource].first: 2 , vbos[renderSource].second: 2
I/JNI Log ( 3693): MY elasitcfusion Deformation struct sampleGraphModel start 1 model:first: 1, second: 1
I/JNI Log ( 3693): MY elasitcfusion Shader Bind start
I/JNI Log ( 3693): MY elasitcfusion Shader Bind done
I/JNI Log ( 3693): MY elasitcfusion Deformation struct sampleGraphModel 2
I/JNI Log ( 3693): MY elasitcfusion Deformation struct sampleGraphModel 3
