
I/JNI Log ( 3693): AER ElasticFusion start run data set called: 1
I/JNI Log ( 3693): runDatasetEF.startRunDatasetEFDataSet();
I/JNI Log ( 3693): RunDatasetEF startRunDatasetEF running
I/JNI Log ( 3693): RunDatasetEF startRunDatasetEF running done
I/JNI Log ( 3693): RunDatasetEF egl context setup start ...
W/st-log  (  191): Final features: 3458
W/st-log  (  191): Initial features: Max - 7696, Min - 7891
I/JNI Log ( 3693): CameraInterface: point could data is new
I/JNI Log ( 3693): RunDatasetEF  runEF EGL init with version 1.4
I/JNI Log ( 3693): TangoService_getPoseAtTime success
I/JNI Log ( 3693): RunDatasetEF egl context setup done ...
I/JNI Log ( 3693): GLExtensions Loaded 'glGetVaryingLocationNV' 0x4953c1f5
I/JNI Log ( 3693): GLExtensions Loaded 'glTransformFeedbackVaryingsNV' 0x4952ba65
I/JNI Log ( 3693): GLExtensions Loaded 'glDrawTransformFeedback' 0x49542e99
I/JNI Log ( 3693): GLExtensions Loaded 'glGetBufferSubData' 0x49540579
I/JNI Log ( 3693): GLExtensions Loaded 'glPushAttrib' 0x49530b59
I/JNI Log ( 3693): GLExtensions Loaded 'glPopAttrib' 0x49534059
E/JNI Log ( 3693): RunDatasetEF LoadOpenGLExtensionsManually success
I/JNI Log ( 3693): RunDatasetEF RunDatasetEF Initialising ...
I/JNI Log ( 3693): RunDatasetEF this dataset has num frame: 6533
I/JNI Log ( 3693): RunDatasetEF RunDatasetEF Initialising done ...
I/JNI Log ( 3693): RunDatasetEF RunDatasetEF Setting parameters...
I/JNI Log ( 3693): RunDatasetEF RunDatasetEF Setting parameters done.
I/JNI Log ( 3693): RunDatasetEF RunDatasetEF Building eFusion...
I/JNI Log ( 3693): MY elasitcfusion Shader loadProgram 1: v, f: index_mapvert, index_mapfrag
I/JNI Log ( 3693): MY elasitcfusion Shader loadProgram 1 GL_VERTEX_SHADER start  index_mapvert
I/JNI Log ( 3693): MY elasitcfusion Shader AddShader  start 1
I/JNI Log ( 3693): MY elasitcfusion Shader AddShader true
I/JNI Log ( 3693): MY elasitcfusion Shader loadProgram 1 GL_VERTEX_SHADER done  index_mapvert
I/JNI Log ( 3693): MY elasitcfusion Shader loadProgram 1 GL_FRAGMENT_SHADER start  index_mapfrag
I/JNI Log ( 3693): MY elasitcfusion Shader AddShader  start 1
I/JNI Log ( 3693): MY elasitcfusion Shader AddShader true
I/JNI Log ( 3693): MY elasitcfusion Shader loadProgram 1 GL_FRAGMENT_SHADER done  index_mapfrag
I/JNI Log ( 3693): MY elasitcfusion Shader Link 1
I/JNI Log ( 3693): MY elasitcfusion Shader Link true
I/JNI Log ( 3693): MY elasitcfusion Shader loadProgram 1 done
I/JNI Log ( 3693): GlFramebuffer init 1
I/JNI Log ( 3693): GlRenderBuffer init start 640, 380, 33190,
I/JNI Log ( 3693): GlRenderBuffer Reinitialise start
I/JNI Log ( 3693): GlRenderBuffer Reinitialise start glDeleteTextures
I/JNI Log ( 3693): GlRenderBuffer Reinitialise change
I/JNI Log ( 3693): GlRenderBuffer Reinitialise 1
I/JNI Log ( 3693): GlRenderBuffer Reinitialise 1 2
I/JNI Log ( 3693): GlRenderBuffer Reinitialise 2
I/JNI Log ( 3693): GlRenderBuffer Reinitialise 3
W/st-log  (  191): Final features: 3203
W/st-log  (  191): Initial features: Max - 7698, Min - 7925
I/JNI Log ( 3693): CameraInterface: point could data is new
I/JNI Log ( 3693): TangoService_getPoseAtTime success
I/JNI Log ( 3693): GlRenderBuffer Reinitialise done
I/JNI Log ( 3693): GlRenderBuffer init done
I/JNI Log ( 3693): GlTexture init  start 1: 640, 380, 6409, 0, 6409, 5121 : data is null: 1
I/JNI Log ( 3693): GlTexture Reinitialise start 1 : 6409, 6409, 5121, data is null: 1
I/JNI Log ( 3693): GlTexture Reinitialise 2 2
I/JNI Log ( 3693): GlTexture Reinitialise 3
I/JNI Log ( 3693): GlTexture bind start check
I/JNI Log ( 3693): GlTexture bind start
I/JNI Log ( 3693): GlTexture bind done
I/JNI Log ( 3693): GlTexture Reinitialise 4
I/JNI Log ( 3693): GlTexture Reinitialise 5
I/JNI Log ( 3693): GlTexture Reinitialise 6
I/JNI Log ( 3693): GlTexture Reinitialise 7 done
I/JNI Log ( 3693): GlTexture init done 2
I/JNI Log ( 3693): MY elasitcfusion GPUTexture struct start init 1 : 640, 380,  6409,  6409,  5121
I/JNI Log ( 3693): MY elasitcfusion GPUTexture is not cuda
I/JNI Log ( 3693): MY elasitcfusion GPUTexture struct init 2 done
I/JNI Log ( 3693): GlTexture init  start 1: 640, 380, 6409, 0, 6409, 5121 : data is null: 1
I/JNI Log ( 3693): GlTexture Reinitialise start 1 : 6409, 6409, 5121, data is null: 1
I/JNI Log ( 3693): GlTexture Reinitialise 2 2
I/JNI Log ( 3693): GlTexture Reinitialise 3
I/JNI Log ( 3693): GlTexture bind start check
I/JNI Log ( 3693): GlTexture bind start
I/JNI Log ( 3693): GlTexture bind done
I/JNI Log ( 3693): GlTexture Reinitialise 4
I/JNI Log ( 3693): GlTexture Reinitialise 5
I/JNI Log ( 3693): GlTexture Reinitialise 6
I/JNI Log ( 3693): GlTexture Reinitialise 7 done
I/JNI Log ( 3693): GlTexture init done 2
I/JNI Log ( 3693): MY elasitcfusion GPUTexture struct start init 1 : 640, 380,  6409,  6409,  5121
I/JNI Log ( 3693): MY elasitcfusion GPUTexture is not cuda
I/JNI Log ( 3693): MY elasitcfusion GPUTexture struct init 2 done
I/JNI Log ( 3693): GlTexture init  start 1: 640, 380, 6409, 0, 6409, 5121 : data is null: 1
I/JNI Log ( 3693): GlTexture Reinitialise start 1 : 6409, 6409, 5121, data is null: 1
I/JNI Log ( 3693): GlTexture Reinitialise 2 2
I/JNI Log ( 3693): GlTexture Reinitialise 3
I/JNI Log ( 3693): GlTexture bind start check
I/JNI Log ( 3693): GlTexture bind start
I/JNI Log ( 3693): GlTexture bind done
I/JNI Log ( 3693): GlTexture Reinitialise 4
I/JNI Log ( 3693): GlTexture Reinitialise 5
I/JNI Log ( 3693): GlTexture Reinitialise 6
I/JNI Log ( 3693): GlTexture Reinitialise 7 done
I/JNI Log ( 3693): GlTexture init done 2
I/JNI Log ( 3693): MY elasitcfusion GPUTexture struct start init 1 : 640, 380,  6409,  6409,  5121
I/JNI Log ( 3693): MY elasitcfusion GPUTexture is not cuda
I/JNI Log ( 3693): MY elasitcfusion GPUTexture struct init 2 done
I/JNI Log ( 3693): GlTexture init  start 1: 640, 380, 6409, 0, 6409, 5121 : data is null: 1
I/JNI Log ( 3693): GlTexture Reinitialise start 1 : 6409, 6409, 5121, data is null: 1
I/JNI Log ( 3693): GlTexture Reinitialise 2 2
I/JNI Log ( 3693): GlTexture Reinitialise 3
I/JNI Log ( 3693): GlTexture bind start check
I/JNI Log ( 3693): GlTexture bind start
I/JNI Log ( 3693): GlTexture bind done
I/JNI Log ( 3693): GlTexture Reinitialise 4
I/JNI Log ( 3693): GlTexture Reinitialise 5
I/JNI Log ( 3693): GlTexture Reinitialise 6
I/JNI Log ( 3693): GlTexture Reinitialise 7 done
I/JNI Log ( 3693): GlTexture init done 2
I/JNI Log ( 3693): MY elasitcfusion GPUTexture struct start init 1 : 640, 380,  6409,  6409,  5121
I/JNI Log ( 3693): MY elasitcfusion GPUTexture is not cuda
I/JNI Log ( 3693): MY elasitcfusion GPUTexture struct init 2 done
I/JNI Log ( 3693): MY elasitcfusion Shader loadProgram 2: v, f, g: emptyvert, quadgeom, visualise_texturesfrag
I/JNI Log ( 3693): MY elasitcfusion Shader loadProgram 2 GL_VERTEX_SHADER start  emptyvert
I/JNI Log ( 3693): MY elasitcfusion Shader AddShader  start 1
I/JNI Log ( 3693): MY elasitcfusion Shader AddShader true
I/JNI Log ( 3693): MY elasitcfusion Shader loadProgram 2 GL_VERTEX_SHADER done  emptyvert
I/JNI Log ( 3693): MY elasitcfusion Shader loadProgram 2 GL_GEOMETRY_SHADER start  quadgeom
I/JNI Log ( 3693): MY elasitcfusion Shader AddShader  start 1
I/JNI Log ( 3693): MY elasitcfusion Shader AddShader true
I/JNI Log ( 3693): MY elasitcfusion Shader loadProgram 2 GL_GEOMETRY_SHADER done  quadgeom
I/JNI Log ( 3693): MY elasitcfusion Shader loadProgram 2 GL_FRAGMENT_SHADER start  visualise_texturesfrag
I/JNI Log ( 3693): MY elasitcfusion Shader AddShader  start 1
I/JNI Log ( 3693): MY elasitcfusion Shader AddShader true
I/JNI Log ( 3693): MY elasitcfusion Shader loadProgram 2 GL_FRAGMENT_SHADER done  visualise_texturesfrag
I/JNI Log ( 3693): MY elasitcfusion Shader Link 1
I/JNI Log ( 3693): MY elasitcfusion Shader Link true
I/JNI Log ( 3693): MY elasitcfusion Shader loadProgram 2 done
I/JNI Log ( 3693): GlFramebuffer init 1
I/JNI Log ( 3693): GlRenderBuffer init start 640, 380, 33190,
I/JNI Log ( 3693): GlRenderBuffer Reinitialise start
I/JNI Log ( 3693): GlRenderBuffer Reinitialise start glDeleteTextures
I/JNI Log ( 3693): GlRenderBuffer Reinitialise change
I/JNI Log ( 3693): GlRenderBuffer Reinitialise 1
I/JNI Log ( 3693): GlRenderBuffer Reinitialise 1 2
I/JNI Log ( 3693): GlRenderBuffer Reinitialise 2
I/JNI Log ( 3693): GlRenderBuffer Reinitialise 3
I/JNI Log ( 3693): GlRenderBuffer Reinitialise done
I/JNI Log ( 3693): GlRenderBuffer init done
I/JNI Log ( 3693): GlTexture init  start 1: 640, 380, 6408, 0, 6408, 5121 : data is null: 1
I/JNI Log ( 3693): GlTexture Reinitialise start 1 : 6408, 6408, 5121, data is null: 1
I/JNI Log ( 3693): GlTexture Reinitialise 2 2
I/JNI Log ( 3693): GlTexture Reinitialise 3
I/JNI Log ( 3693): GlTexture bind start check
I/JNI Log ( 3693): GlTexture bind start
I/JNI Log ( 3693): GlTexture bind done
I/JNI Log ( 3693): GlTexture Reinitialise 4
I/JNI Log ( 3693): GlTexture Reinitialise 5
I/JNI Log ( 3693): GlTexture Reinitialise 6
I/JNI Log ( 3693): GlTexture Reinitialise 7 done
I/JNI Log ( 3693): GlTexture init done 2
I/JNI Log ( 3693): MY elasitcfusion GPUTexture struct start init 1 : 640, 380,  6408,  6408,  5121
I/JNI Log ( 3693): MY elasitcfusion GPUTexture is not cuda
I/JNI Log ( 3693): MY elasitcfusion GPUTexture struct init 2 done
I/JNI Log ( 3693): MY elasitcfusion Shader loadProgram 1: v, f: splatvert, depth_splatfrag
I/JNI Log ( 3693): MY elasitcfusion Shader loadProgram 1 GL_VERTEX_SHADER start  splatvert
I/JNI Log ( 3693): MY elasitcfusion Shader AddShader  start 1
I/JNI Log ( 3693): MY elasitcfusion Shader AddShader true
I/JNI Log ( 3693): MY elasitcfusion Shader loadProgram 1 GL_VERTEX_SHADER done  splatvert
I/JNI Log ( 3693): MY elasitcfusion Shader loadProgram 1 GL_FRAGMENT_SHADER start  depth_splatfrag
I/JNI Log ( 3693): MY elasitcfusion Shader AddShader  start 1
I/JNI Log ( 3693): MY elasitcfusion Shader AddShader true
I/JNI Log ( 3693): MY elasitcfusion Shader loadProgram 1 GL_FRAGMENT_SHADER done  depth_splatfrag
I/JNI Log ( 3693): MY elasitcfusion Shader Link 1
I/JNI Log ( 3693): MY elasitcfusion Shader Link true
I/JNI Log ( 3693): MY elasitcfusion Shader loadProgram 1 done
I/JNI Log ( 3693): GlFramebuffer init 1
I/JNI Log ( 3693): GlRenderBuffer init start 640, 380, 33190,
I/JNI Log ( 3693): GlRenderBuffer Reinitialise start
I/JNI Log ( 3693): GlRenderBuffer Reinitialise start glDeleteTextures
I/JNI Log ( 3693): GlRenderBuffer Reinitialise change
I/JNI Log ( 3693): GlRenderBuffer Reinitialise 1
I/JNI Log ( 3693): GlRenderBuffer Reinitialise 1 2
I/JNI Log ( 3693): GlRenderBuffer Reinitialise 2
I/JNI Log ( 3693): GlRenderBuffer Reinitialise 3
I/JNI Log ( 3693): GlRenderBuffer Reinitialise done
I/JNI Log ( 3693): GlRenderBuffer init done
I/JNI Log ( 3693): GlTexture init  start 1: 640, 380, 6409, 0, 6409, 5121 : data is null: 1
I/JNI Log ( 3693): GlTexture Reinitialise start 1 : 6409, 6409, 5121, data is null: 1
I/JNI Log ( 3693): GlTexture Reinitialise 2 2
I/JNI Log ( 3693): GlTexture Reinitialise 3
I/JNI Log ( 3693): GlTexture bind start check
I/JNI Log ( 3693): GlTexture bind start
I/JNI Log ( 3693): GlTexture bind done
I/JNI Log ( 3693): GlTexture Reinitialise 4
I/JNI Log ( 3693): GlTexture Reinitialise 5
I/JNI Log ( 3693): GlTexture Reinitialise 6
I/JNI Log ( 3693): GlTexture Reinitialise 7 done
I/JNI Log ( 3693): GlTexture init done 2
I/JNI Log ( 3693): MY elasitcfusion GPUTexture struct start init 1 : 640, 380,  6409,  6409,  5121
W/st-log  (  191): Final features: 3141
I/JNI Log ( 3693): MY elasitcfusion GPUTexture is cuda: 9
W/st-log  (  191): Initial features: Max - 7669, Min - 7933
W/st-log  (  191): Final features: 2795
I/JNI Log ( 3693): CameraInterface: point could data is new
I/JNI Log ( 3693): TangoService_getPoseAtTime success
I/JNI Log ( 3693): elasticfusion GPU texture cudaGraphicsGLRegisterImage success
I/JNI Log ( 3693): MY elasitcfusion GPUTexture struct init 2 done
I/JNI Log ( 3693): MY elasitcfusion Shader loadProgram 1: v, f: splatvert, combo_splatfrag
I/JNI Log ( 3693): MY elasitcfusion Shader loadProgram 1 GL_VERTEX_SHADER start  splatvert
I/JNI Log ( 3693): MY elasitcfusion Shader AddShader  start 1
I/JNI Log ( 3693): MY elasitcfusion Shader AddShader true
I/JNI Log ( 3693): MY elasitcfusion Shader loadProgram 1 GL_VERTEX_SHADER done  splatvert
I/JNI Log ( 3693): MY elasitcfusion Shader loadProgram 1 GL_FRAGMENT_SHADER start  combo_splatfrag
I/JNI Log ( 3693): MY elasitcfusion Shader AddShader  start 1
I/JNI Log ( 3693): MY elasitcfusion Shader AddShader true
I/JNI Log ( 3693): MY elasitcfusion Shader loadProgram 1 GL_FRAGMENT_SHADER done  combo_splatfrag
I/JNI Log ( 3693): MY elasitcfusion Shader Link 1
I/JNI Log ( 3693): MY elasitcfusion Shader Link true
I/JNI Log ( 3693): MY elasitcfusion Shader loadProgram 1 done
I/JNI Log ( 3693): GlFramebuffer init 1
I/JNI Log ( 3693): GlRenderBuffer init start 640, 380, 33190,
I/JNI Log ( 3693): GlRenderBuffer Reinitialise start
I/JNI Log ( 3693): GlRenderBuffer Reinitialise start glDeleteTextures
I/JNI Log ( 3693): GlRenderBuffer Reinitialise change
I/JNI Log ( 3693): GlRenderBuffer Reinitialise 1
I/JNI Log ( 3693): GlRenderBuffer Reinitialise 1 2
I/JNI Log ( 3693): GlRenderBuffer Reinitialise 2
I/JNI Log ( 3693): GlRenderBuffer Reinitialise 3
I/JNI Log ( 3693): GlRenderBuffer Reinitialise done
I/JNI Log ( 3693): GlRenderBuffer init done
I/JNI Log ( 3693): GlTexture init  start 1: 640, 380, 6408, 0, 6408, 5121 : data is null: 1
I/JNI Log ( 3693): GlTexture Reinitialise start 1 : 6408, 6408, 5121, data is null: 1
I/JNI Log ( 3693): GlTexture Reinitialise 2 2
I/JNI Log ( 3693): GlTexture Reinitialise 3
I/JNI Log ( 3693): GlTexture bind start check
I/JNI Log ( 3693): GlTexture bind start
I/JNI Log ( 3693): GlTexture bind done
I/JNI Log ( 3693): GlTexture Reinitialise 4
I/JNI Log ( 3693): GlTexture Reinitialise 5
I/JNI Log ( 3693): GlTexture Reinitialise 6
I/JNI Log ( 3693): GlTexture Reinitialise 7 done
I/JNI Log ( 3693): GlTexture init done 2
I/JNI Log ( 3693): MY elasitcfusion GPUTexture struct start init 1 : 640, 380,  6408,  6408,  5121
I/JNI Log ( 3693): MY elasitcfusion GPUTexture is cuda: 11
I/JNI Log ( 3693): elasticfusion GPU texture cudaGraphicsGLRegisterImage success
I/JNI Log ( 3693): MY elasitcfusion GPUTexture struct init 2 done
I/JNI Log ( 3693): GlTexture init  start 1: 640, 380, 6409, 0, 6409, 5126 : data is null: 1
I/JNI Log ( 3693): GlTexture Reinitialise start 1 : 6409, 6409, 5126, data is null: 1
I/JNI Log ( 3693): GlTexture Reinitialise 2 2
I/JNI Log ( 3693): GlTexture Reinitialise 3
I/JNI Log ( 3693): GlTexture bind start check
I/JNI Log ( 3693): GlTexture bind start
I/JNI Log ( 3693): GlTexture bind done
I/JNI Log ( 3693): GlTexture Reinitialise 4
I/JNI Log ( 3693): GlTexture Reinitialise 5
I/JNI Log ( 3693): GlTexture Reinitialise 6
I/JNI Log ( 3693): GlTexture Reinitialise 7 done
I/JNI Log ( 3693): GlTexture init done 2
I/JNI Log ( 3693): MY elasitcfusion GPUTexture struct start init 1 : 640, 380,  6409,  6409,  5126
I/JNI Log ( 3693): MY elasitcfusion GPUTexture is cuda: 12
I/JNI Log ( 3693): elasticfusion GPU texture cudaGraphicsGLRegisterImage success
I/JNI Log ( 3693): MY elasitcfusion GPUTexture struct init 2 done
I/JNI Log ( 3693): GlTexture init  start 1: 640, 380, 6409, 0, 6409, 5126 : data is null: 1
I/JNI Log ( 3693): GlTexture Reinitialise start 1 : 6409, 6409, 5126, data is null: 1
I/JNI Log ( 3693): GlTexture Reinitialise 2 2
I/JNI Log ( 3693): GlTexture Reinitialise 3
I/JNI Log ( 3693): GlTexture bind start check
I/JNI Log ( 3693): GlTexture bind start
I/JNI Log ( 3693): GlTexture bind done
I/JNI Log ( 3693): GlTexture Reinitialise 4
I/JNI Log ( 3693): GlTexture Reinitialise 5
I/JNI Log ( 3693): GlTexture Reinitialise 6
W/st-log  (  191): Initial features: Max - 7677, Min - 7872
I/JNI Log ( 3693): GlTexture Reinitialise 7 done
I/JNI Log ( 3693): GlTexture init done 2
I/JNI Log ( 3693): MY elasitcfusion GPUTexture struct start init 1 : 640, 380,  6409,  6409,  5126
I/JNI Log ( 3693): MY elasitcfusion GPUTexture is cuda: 13
I/JNI Log ( 3693): elasticfusion GPU texture cudaGraphicsGLRegisterImage success
I/JNI Log ( 3693): MY elasitcfusion GPUTexture struct init 2 done
I/JNI Log ( 3693): GlTexture init  start 1: 640, 380, 6409, 0, 6409, 5121 : data is null: 1
I/JNI Log ( 3693): GlTexture Reinitialise start 1 : 6409, 6409, 5121, data is null: 1
I/JNI Log ( 3693): GlTexture Reinitialise 2 2
I/JNI Log ( 3693): GlTexture Reinitialise 3
I/JNI Log ( 3693): GlTexture bind start check
I/JNI Log ( 3693): GlTexture bind start
I/JNI Log ( 3693): GlTexture bind done
I/JNI Log ( 3693): GlTexture Reinitialise 4
I/JNI Log ( 3693): GlTexture Reinitialise 5
I/JNI Log ( 3693): GlTexture Reinitialise 6
I/JNI Log ( 3693): GlTexture Reinitialise 7 done
I/JNI Log ( 3693): GlTexture init done 2
I/JNI Log ( 3693): MY elasitcfusion GPUTexture struct start init 1 : 640, 380,  6409,  6409,  5121
I/JNI Log ( 3693): MY elasitcfusion GPUTexture is cuda: 14
I/JNI Log ( 3693): elasticfusion GPU texture cudaGraphicsGLRegisterImage success
I/JNI Log ( 3693): MY elasitcfusion GPUTexture struct init 2 done
I/JNI Log ( 3693): GlFramebuffer init 1
I/JNI Log ( 3693): GlRenderBuffer init start 640, 380, 33190,
I/JNI Log ( 3693): GlRenderBuffer Reinitialise start
I/JNI Log ( 3693): GlRenderBuffer Reinitialise start glDeleteTextures
I/JNI Log ( 3693): GlRenderBuffer Reinitialise change
I/JNI Log ( 3693): GlRenderBuffer Reinitialise 1
I/JNI Log ( 3693): GlRenderBuffer Reinitialise 1 2
I/JNI Log ( 3693): GlRenderBuffer Reinitialise 2
I/JNI Log ( 3693): GlRenderBuffer Reinitialise 3
I/JNI Log ( 3693): GlRenderBuffer Reinitialise done
I/JNI Log ( 3693): GlRenderBuffer init done
I/JNI Log ( 3693): GlTexture init  start 1: 640, 380, 6408, 0, 6408, 5121 : data is null: 1
I/JNI Log ( 3693): GlTexture Reinitialise start 1 : 6408, 6408, 5121, data is null: 1
I/JNI Log ( 3693): GlTexture Reinitialise 2 2
I/JNI Log ( 3693): GlTexture Reinitialise 3
I/JNI Log ( 3693): GlTexture bind start check
I/JNI Log ( 3693): GlTexture bind start
I/JNI Log ( 3693): GlTexture bind done
I/JNI Log ( 3693): GlTexture Reinitialise 4
I/JNI Log ( 3693): GlTexture Reinitialise 5
I/JNI Log ( 3693): GlTexture Reinitialise 6
I/JNI Log ( 3693): GlTexture Reinitialise 7 done
I/JNI Log ( 3693): GlTexture init done 2
I/JNI Log ( 3693): MY elasitcfusion GPUTexture struct start init 1 : 640, 380,  6408,  6408,  5121
I/JNI Log ( 3693): MY elasitcfusion GPUTexture is cuda: 16
I/JNI Log ( 3693): elasticfusion GPU texture cudaGraphicsGLRegisterImage success
I/JNI Log ( 3693): MY elasitcfusion GPUTexture struct init 2 done
I/JNI Log ( 3693): GlTexture init  start 1: 640, 380, 6409, 0, 6409, 5121 : data is null: 1
I/JNI Log ( 3693): GlTexture Reinitialise start 1 : 6409, 6409, 5121, data is null: 1
I/JNI Log ( 3693): GlTexture Reinitialise 2 2
I/JNI Log ( 3693): GlTexture Reinitialise 3
I/JNI Log ( 3693): GlTexture bind start check
I/JNI Log ( 3693): GlTexture bind start
I/JNI Log ( 3693): GlTexture bind done
I/JNI Log ( 3693): GlTexture Reinitialise 4
I/JNI Log ( 3693): GlTexture Reinitialise 5
I/JNI Log ( 3693): GlTexture Reinitialise 6
I/JNI Log ( 3693): GlTexture Reinitialise 7 done
I/JNI Log ( 3693): GlTexture init done 2
I/JNI Log ( 3693): MY elasitcfusion GPUTexture struct start init 1 : 640, 380,  6409,  6409,  5121
I/JNI Log ( 3693): MY elasitcfusion GPUTexture is cuda: 17
I/JNI Log ( 3693): elasticfusion GPU texture cudaGraphicsGLRegisterImage success
I/JNI Log ( 3693): MY elasitcfusion GPUTexture struct init 2 done
I/JNI Log ( 3693): GlTexture init  start 1: 640, 380, 6409, 0, 6409, 5121 : data is null: 1
I/JNI Log ( 3693): GlTexture Reinitialise start 1 : 6409, 6409, 5121, data is null: 1
I/JNI Log ( 3693): GlTexture Reinitialise 2 2
I/JNI Log ( 3693): GlTexture Reinitialise 3
I/JNI Log ( 3693): GlTexture bind start check
I/JNI Log ( 3693): GlTexture bind start
I/JNI Log ( 3693): GlTexture bind done
I/JNI Log ( 3693): GlTexture Reinitialise 4
I/JNI Log ( 3693): GlTexture Reinitialise 5
I/JNI Log ( 3693): GlTexture Reinitialise 6
I/JNI Log ( 3693): GlTexture Reinitialise 7 done
I/JNI Log ( 3693): GlTexture init done 2
I/JNI Log ( 3693): MY elasitcfusion GPUTexture struct start init 1 : 640, 380,  6409,  6409,  5121
I/JNI Log ( 3693): MY elasitcfusion GPUTexture is cuda: 18
I/JNI Log ( 3693): elasticfusion GPU texture cudaGraphicsGLRegisterImage success
I/JNI Log ( 3693): MY elasitcfusion GPUTexture struct init 2 done
I/JNI Log ( 3693): GlTexture init  start 1: 640, 380, 6409, 0, 6409, 5121 : data is null: 1
I/JNI Log ( 3693): GlTexture Reinitialise start 1 : 6409, 6409, 5121, data is null: 1
I/JNI Log ( 3693): GlTexture Reinitialise 2 2
I/JNI Log ( 3693): GlTexture Reinitialise 3
I/JNI Log ( 3693): GlTexture bind start check
I/JNI Log ( 3693): GlTexture bind start
I/art     ( 3693): Debugger is no longer active
W/st-log  (  191): Final features: 2672
W/st-log  (  191): Initial features: Max - 7639, Min - 7910
I/JNI Log ( 3693): GlTexture bind done
I/JNI Log ( 3693): GlTexture Reinitialise 4
I/JNI Log ( 3693): GlTexture Reinitialise 5
I/JNI Log ( 3693): GlTexture Reinitialise 6
I/JNI Log ( 3693): GlTexture Reinitialise 7 done
I/JNI Log ( 3693): GlTexture init done 2
I/JNI Log ( 3693): MY elasitcfusion GPUTexture struct start init 1 : 640, 380,  6409,  6409,  5121
I/JNI Log ( 3693): MY elasitcfusion GPUTexture is not cuda
I/JNI Log ( 3693): MY elasitcfusion GPUTexture struct init 2 done
I/JNI Log ( 3693): GlFramebuffer init 1
I/JNI Log ( 3693): GlRenderBuffer init start 640, 380, 33190,
I/JNI Log ( 3693): GlRenderBuffer Reinitialise start
I/JNI Log ( 3693): GlRenderBuffer Reinitialise start glDeleteTextures
I/JNI Log ( 3693): GlRenderBuffer Reinitialise change
I/JNI Log ( 3693): GlRenderBuffer Reinitialise 1
I/JNI Log ( 3693): GlRenderBuffer Reinitialise 1 2
I/JNI Log ( 3693): GlRenderBuffer Reinitialise 2
I/JNI Log ( 3693): GlRenderBuffer Reinitialise 3
I/JNI Log ( 3693): GlRenderBuffer Reinitialise done
I/JNI Log ( 3693): GlRenderBuffer init done
I/JNI Log ( 3693): GlTexture init  start 1: 640, 380, 6409, 0, 6409, 5121 : data is null: 1
I/JNI Log ( 3693): GlTexture Reinitialise start 1 : 6409, 6409, 5121, data is null: 1
I/JNI Log ( 3693): GlTexture Reinitialise 2 2
I/JNI Log ( 3693): GlTexture Reinitialise 3
I/JNI Log ( 3693): GlTexture bind start check
I/JNI Log ( 3693): GlTexture bind start
I/JNI Log ( 3693): GlTexture bind done
I/JNI Log ( 3693): GlTexture Reinitialise 4
I/JNI Log ( 3693): GlTexture Reinitialise 5
I/JNI Log ( 3693): GlTexture Reinitialise 6
I/JNI Log ( 3693): GlTexture Reinitialise 7 done
I/JNI Log ( 3693): GlTexture init done 2
I/JNI Log ( 3693): MY elasitcfusion GPUTexture struct start init 1 : 640, 380,  6409,  6409,  5121
I/JNI Log ( 3693): MY elasitcfusion GPUTexture is not cuda
I/JNI Log ( 3693): MY elasitcfusion GPUTexture struct init 2 done
I/JNI Log ( 3693): GlTexture init  start 1: 640, 380, 6409, 0, 6409, 5121 : data is null: 1
I/JNI Log ( 3693): GlTexture Reinitialise start 1 : 6409, 6409, 5121, data is null: 1
I/JNI Log ( 3693): GlTexture Reinitialise 2 2
I/JNI Log ( 3693): GlTexture Reinitialise 3
I/JNI Log ( 3693): GlTexture bind start check
I/JNI Log ( 3693): GlTexture bind start
I/JNI Log ( 3693): GlTexture bind done
I/JNI Log ( 3693): GlTexture Reinitialise 4
I/JNI Log ( 3693): GlTexture Reinitialise 5
I/JNI Log ( 3693): GlTexture Reinitialise 6
I/JNI Log ( 3693): GlTexture Reinitialise 7 done
I/JNI Log ( 3693): GlTexture init done 2
I/JNI Log ( 3693): MY elasitcfusion GPUTexture struct start init 1 : 640, 380,  6409,  6409,  5121
I/JNI Log ( 3693): MY elasitcfusion GPUTexture is not cuda
I/JNI Log ( 3693): MY elasitcfusion GPUTexture struct init 2 done
I/JNI Log ( 3693): GlTexture init  start 1: 640, 380, 6409, 0, 6409, 5121 : data is null: 1
I/JNI Log ( 3693): GlTexture Reinitialise start 1 : 6409, 6409, 5121, data is null: 1
I/JNI Log ( 3693): GlTexture Reinitialise 2 2
I/JNI Log ( 3693): GlTexture Reinitialise 3
I/JNI Log ( 3693): GlTexture bind start check
I/JNI Log ( 3693): GlTexture bind start
I/JNI Log ( 3693): GlTexture bind done
I/JNI Log ( 3693): GlTexture Reinitialise 4
I/JNI Log ( 3693): GlTexture Reinitialise 5
I/JNI Log ( 3693): GlTexture Reinitialise 6
I/JNI Log ( 3693): GlTexture Reinitialise 7 done
I/JNI Log ( 3693): GlTexture init done 2
I/JNI Log ( 3693): MY elasitcfusion GPUTexture struct start init 1 : 640, 380,  6409,  6409,  5121
I/JNI Log ( 3693): MY elasitcfusion GPUTexture is not cuda
I/JNI Log ( 3693): MY elasitcfusion GPUTexture struct init 2 done
I/JNI Log ( 3693): MY elasitcfusion IndexMap struct init start 1
I/JNI Log ( 3693): MY elasitcfusion IndexMap struct IndexMap AttachColour(*indexTexture.texture); start
I/JNI Log ( 3693): GlFramebuffer AttachColour start : attachments: 0
I/JNI Log ( 3693): GlFramebuffer Reinitialise start
I/JNI Log ( 3693): GlFramebuffer Reinitialise start 1
I/JNI Log ( 3693): GlFramebuffer Reinitialise done 2
I/JNI Log ( 3693): GlFramebuffer AttachColour start  1
I/JNI Log ( 3693): GlFramebuffer AttachColour start  2
I/JNI Log ( 3693): GlFramebuffer AttachColour start  3
I/JNI Log ( 3693): GlFramebuffer AttachColour start  4
I/JNI Log ( 3693): GlFramebuffer AttachColour done
I/JNI Log ( 3693): MY elasitcfusion IndexMap struct IndexMap AttachColour(*indexTexture.texture); done
I/JNI Log ( 3693): MY elasitcfusion IndexMap struct IndexMap AttachColour(*vertConfTexture.texture); start
I/JNI Log ( 3693): GlFramebuffer AttachColour start : attachments: 1
I/JNI Log ( 3693): GlFramebuffer AttachColour start  1
I/JNI Log ( 3693): GlFramebuffer AttachColour start  2
I/JNI Log ( 3693): GlFramebuffer AttachColour start  3
I/JNI Log ( 3693): GlFramebuffer AttachColour start  4
I/JNI Log ( 3693): GlFramebuffer AttachColour done
I/JNI Log ( 3693): MY elasitcfusion IndexMap struct IndexMap AttachColour(*vertConfTexture.texture); done
I/JNI Log ( 3693): MY elasitcfusion IndexMap struct IndexMap AttachColour(*colorTimeTexture.texture); start
I/JNI Log ( 3693): GlFramebuffer AttachColour start : attachments: 2
I/JNI Log ( 3693): GlFramebuffer AttachColour start  1
I/JNI Log ( 3693): GlFramebuffer AttachColour start  2
I/JNI Log ( 3693): GlFramebuffer AttachColour start  3
I/JNI Log ( 3693): GlFramebuffer AttachColour start  4
I/JNI Log ( 3693): GlFramebuffer AttachColour done
I/JNI Log ( 3693): MY elasitcfusion IndexMap struct IndexMap AttachColour(*colorTimeTexture.texture); done
I/JNI Log ( 3693): MY elasitcfusion IndexMap struct IndexMap AttachColour(*normalRadTexture.texture); start
I/JNI Log ( 3693): GlFramebuffer AttachColour start : attachments: 3
I/JNI Log ( 3693): GlFramebuffer AttachColour start  1
I/JNI Log ( 3693): GlFramebuffer AttachColour start  2
I/JNI Log ( 3693): GlFramebuffer AttachColour start  3
I/JNI Log ( 3693): GlFramebuffer AttachColour start  4
I/JNI Log ( 3693): GlFramebuffer AttachColour done
I/JNI Log ( 3693): MY elasitcfusion IndexMap struct IndexMap AttachColour(*normalRadTexture.texture); done
I/JNI Log ( 3693): MY elasitcfusion IndexMap struct IndexMap AttachDepth(*indexRenderBuffer.texture); start
I/JNI Log ( 3693): GlFramebuffer AttachDepth start
I/JNI Log ( 3693): GlFramebuffer AttachDepth 1
I/JNI Log ( 3693): GlFramebuffer AttachDepth 2
I/JNI Log ( 3693): GlFramebuffer AttachDepth 3
I/JNI Log ( 3693): GlFramebuffer AttachDepth done
I/JNI Log ( 3693): MY elasitcfusion IndexMap struct IndexMap AttachDepth(*indexRenderBuffer.texture); done
I/JNI Log ( 3693): MY elasitcfusion IndexMap struct IndexMap AttachColour(*drawTexture.texture); start
I/JNI Log ( 3693): GlFramebuffer AttachColour start : attachments: 0
I/JNI Log ( 3693): GlFramebuffer Reinitialise start
I/JNI Log ( 3693): GlFramebuffer Reinitialise start 1
I/JNI Log ( 3693): GlFramebuffer Reinitialise done 2
I/JNI Log ( 3693): GlFramebuffer AttachColour start  1
I/JNI Log ( 3693): GlFramebuffer AttachColour start  2
I/JNI Log ( 3693): GlFramebuffer AttachColour start  3
I/JNI Log ( 3693): CameraInterface: point could data is new
I/JNI Log ( 3693): GlFramebuffer AttachColour start  4
I/JNI Log ( 3693): GlFramebuffer AttachColour done
I/JNI Log ( 3693): MY elasitcfusion IndexMap struct IndexMap AttachColour(*drawTexture.texture); done
I/JNI Log ( 3693): MY elasitcfusion IndexMap struct IndexMap AttachDepth(drawRenderBuffer); start
I/JNI Log ( 3693): GlFramebuffer AttachDepth start
I/JNI Log ( 3693): GlFramebuffer AttachDepth 1
I/JNI Log ( 3693): GlFramebuffer AttachDepth 2
I/JNI Log ( 3693): GlFramebuffer AttachDepth 3
I/JNI Log ( 3693): GlFramebuffer AttachDepth done
I/JNI Log ( 3693): MY elasitcfusion IndexMap struct IndexMap AttachDepth(drawRenderBuffer); done
I/JNI Log ( 3693): MY elasitcfusion IndexMap struct IndexMap AttachColour(*depthTexture.texture); start
I/JNI Log ( 3693): GlFramebuffer AttachColour start : attachments: 0
I/JNI Log ( 3693): GlFramebuffer Reinitialise start
I/JNI Log ( 3693): GlFramebuffer Reinitialise start 1
I/JNI Log ( 3693): GlFramebuffer Reinitialise done 2
I/JNI Log ( 3693): GlFramebuffer AttachColour start  1
I/JNI Log ( 3693): GlFramebuffer AttachColour start  2
I/JNI Log ( 3693): GlFramebuffer AttachColour start  3
I/JNI Log ( 3693): GlFramebuffer AttachColour start  4
I/JNI Log ( 3693): GlFramebuffer AttachColour done
I/JNI Log ( 3693): MY elasitcfusion IndexMap struct IndexMap AttachColour(*depthTexture.texture); done
I/JNI Log ( 3693): MY elasitcfusion IndexMap struct IndexMap AttachDepth(depthRenderBuffer); start
I/JNI Log ( 3693): GlFramebuffer AttachDepth start
I/JNI Log ( 3693): GlFramebuffer AttachDepth 1
I/JNI Log ( 3693): GlFramebuffer AttachDepth 2
I/JNI Log ( 3693): GlFramebuffer AttachDepth 3
I/JNI Log ( 3693): GlFramebuffer AttachDepth done
I/JNI Log ( 3693): MY elasitcfusion IndexMap struct IndexMap AttachDepth(depthRenderBuffer); done
I/JNI Log ( 3693): MY elasitcfusion IndexMap struct IndexMap AttachColour(*imageTexture.texture); start
I/JNI Log ( 3693): GlFramebuffer AttachColour start : attachments: 0
I/JNI Log ( 3693): GlFramebuffer Reinitialise start
I/JNI Log ( 3693): GlFramebuffer Reinitialise start 1
I/JNI Log ( 3693): GlFramebuffer Reinitialise done 2
I/JNI Log ( 3693): GlFramebuffer AttachColour start  1
I/JNI Log ( 3693): GlFramebuffer AttachColour start  2
I/JNI Log ( 3693): GlFramebuffer AttachColour start  3
I/JNI Log ( 3693): GlFramebuffer AttachColour start  4
I/JNI Log ( 3693): GlFramebuffer AttachColour done
I/JNI Log ( 3693): MY elasitcfusion IndexMap struct IndexMap AttachColour(*imageTexture.texture); done
I/JNI Log ( 3693): MY elasitcfusion IndexMap struct IndexMap AttachColour(*vertexTexture.texture); start
I/JNI Log ( 3693): GlFramebuffer AttachColour start : attachments: 1
I/JNI Log ( 3693): GlFramebuffer AttachColour start  1
I/JNI Log ( 3693): GlFramebuffer AttachColour start  2
I/JNI Log ( 3693): GlFramebuffer AttachColour start  3
I/JNI Log ( 3693): GlFramebuffer AttachColour start  4
I/JNI Log ( 3693): GlFramebuffer AttachColour done
I/JNI Log ( 3693): MY elasitcfusion IndexMap struct IndexMap AttachColour(*vertexTexture.texture); done
I/JNI Log ( 3693): MY elasitcfusion IndexMap struct IndexMap AttachColour(*normalTexture.texture); start
I/JNI Log ( 3693): GlFramebuffer AttachColour start : attachments: 2
I/JNI Log ( 3693): GlFramebuffer AttachColour start  1
I/JNI Log ( 3693): GlFramebuffer AttachColour start  2
I/JNI Log ( 3693): GlFramebuffer AttachColour start  3
I/JNI Log ( 3693): GlFramebuffer AttachColour start  4
I/JNI Log ( 3693): GlFramebuffer AttachColour done
I/JNI Log ( 3693): MY elasitcfusion IndexMap struct IndexMap AttachColour(*normalTexture.texture); done
I/JNI Log ( 3693): MY elasitcfusion IndexMap struct IndexMap AttachColour(*timeTexture.texture); start
I/JNI Log ( 3693): GlFramebuffer AttachColour start : attachments: 3
I/JNI Log ( 3693): GlFramebuffer AttachColour start  1
I/JNI Log ( 3693): GlFramebuffer AttachColour start  2
I/JNI Log ( 3693): GlFramebuffer AttachColour start  3
I/JNI Log ( 3693): TangoService_getPoseAtTime success
I/JNI Log ( 3693): GlFramebuffer AttachColour start  4
I/JNI Log ( 3693): GlFramebuffer AttachColour done
I/JNI Log ( 3693): MY elasitcfusion IndexMap struct IndexMap AttachColour(*timeTexture.texture); done
I/JNI Log ( 3693): MY elasitcfusion IndexMap struct IndexMap AttachDepth(combinedRenderBuffer); start
I/JNI Log ( 3693): GlFramebuffer AttachDepth start
I/JNI Log ( 3693): GlFramebuffer AttachDepth 1
I/JNI Log ( 3693): GlFramebuffer AttachDepth 2
I/JNI Log ( 3693): GlFramebuffer AttachDepth 3
I/JNI Log ( 3693): GlFramebuffer AttachDepth done
I/JNI Log ( 3693): MY elasitcfusion IndexMap struct IndexMap AttachDepth(combinedRenderBuffer); done
I/JNI Log ( 3693): MY elasitcfusion IndexMap struct IndexMap AttachDepth(oldRenderBuffer); start
I/JNI Log ( 3693): GlFramebuffer AttachDepth start
I/JNI Log ( 3693): GlFramebuffer Reinitialise start
I/JNI Log ( 3693): GlFramebuffer Reinitialise start 1
I/JNI Log ( 3693): GlFramebuffer Reinitialise done 2
I/JNI Log ( 3693): GlFramebuffer AttachDepth 1
I/JNI Log ( 3693): GlFramebuffer AttachDepth 2
I/JNI Log ( 3693): GlFramebuffer AttachDepth 3
I/JNI Log ( 3693): GlFramebuffer AttachDepth done
I/JNI Log ( 3693): MY elasitcfusion IndexMap struct IndexMap AttachDepth(oldRenderBuffer); done
I/JNI Log ( 3693): MY elasitcfusion IndexMap struct IndexMap AttachColour(*oldImageTexture.texture); start
I/JNI Log ( 3693): GlFramebuffer AttachColour start : attachments: 0
I/JNI Log ( 3693): GlFramebuffer AttachColour start  1
I/JNI Log ( 3693): GlFramebuffer AttachColour start  2
I/JNI Log ( 3693): GlFramebuffer AttachColour start  3
I/JNI Log ( 3693): GlFramebuffer AttachColour start  4
I/JNI Log ( 3693): GlFramebuffer AttachColour done
I/JNI Log ( 3693): MY elasitcfusion IndexMap struct IndexMap AttachColour(*oldImageTexture.texture); done
I/JNI Log ( 3693): MY elasitcfusion IndexMap struct IndexMap AttachColour(*oldVertexTexture.texture); start
I/JNI Log ( 3693): GlFramebuffer AttachColour start : attachments: 1
I/JNI Log ( 3693): GlFramebuffer AttachColour start  1
I/JNI Log ( 3693): GlFramebuffer AttachColour start  2
I/JNI Log ( 3693): GlFramebuffer AttachColour start  3
I/JNI Log ( 3693): GlFramebuffer AttachColour start  4
I/JNI Log ( 3693): GlFramebuffer AttachColour done
I/JNI Log ( 3693): MY elasitcfusion IndexMap struct IndexMap AttachColour(*oldVertexTexture.texture); done
I/JNI Log ( 3693): MY elasitcfusion IndexMap struct IndexMap AttachColour(*oldNormalTexture.texture); start
I/JNI Log ( 3693): GlFramebuffer AttachColour start : attachments: 2
I/JNI Log ( 3693): GlFramebuffer AttachColour start  1
I/JNI Log ( 3693): GlFramebuffer AttachColour start  2
I/JNI Log ( 3693): GlFramebuffer AttachColour start  3
I/JNI Log ( 3693): GlFramebuffer AttachColour start  4
I/JNI Log ( 3693): GlFramebuffer AttachColour done
I/JNI Log ( 3693): MY elasitcfusion IndexMap struct IndexMap AttachColour(*oldNormalTexture.texture); done
I/JNI Log ( 3693): MY elasitcfusion IndexMap struct IndexMap AttachColour(*oldTimeTexture.texture); start
I/JNI Log ( 3693): GlFramebuffer AttachColour start : attachments: 3
I/JNI Log ( 3693): GlFramebuffer AttachColour start  1
I/JNI Log ( 3693): GlFramebuffer AttachColour start  2
I/JNI Log ( 3693): GlFramebuffer AttachColour start  3
I/JNI Log ( 3693): GlFramebuffer AttachColour start  4
I/JNI Log ( 3693): GlFramebuffer AttachColour done
I/JNI Log ( 3693): MY elasitcfusion IndexMap struct IndexMap AttachColour(*oldTimeTexture.texture); done
I/JNI Log ( 3693): MY elasitcfusion IndexMap struct IndexMap AttachColour(*colorInfoTexture.texture); start
I/JNI Log ( 3693): GlFramebuffer AttachColour start : attachments: 0
I/JNI Log ( 3693): GlFramebuffer Reinitialise start
I/JNI Log ( 3693): GlFramebuffer Reinitialise start 1
I/JNI Log ( 3693): GlFramebuffer Reinitialise done 2
I/JNI Log ( 3693): GlFramebuffer AttachColour start  1
I/JNI Log ( 3693): GlFramebuffer AttachColour start  2
I/JNI Log ( 3693): GlFramebuffer AttachColour start  3
I/JNI Log ( 3693): GlFramebuffer AttachColour start  4
I/JNI Log ( 3693): GlFramebuffer AttachColour done
I/JNI Log ( 3693): MY elasitcfusion IndexMap struct IndexMap AttachColour(*colorInfoTexture.texture); done
I/JNI Log ( 3693): MY elasitcfusion IndexMap struct IndexMap AttachColour(*vertexInfoTexture.texture); start
I/JNI Log ( 3693): GlFramebuffer AttachColour start : attachments: 1
I/JNI Log ( 3693): GlFramebuffer AttachColour start  1
I/JNI Log ( 3693): GlFramebuffer AttachColour start  2
I/JNI Log ( 3693): GlFramebuffer AttachColour start  3
I/JNI Log ( 3693): GlFramebuffer AttachColour start  4
I/JNI Log ( 3693): GlFramebuffer AttachColour done
I/JNI Log ( 3693): MY elasitcfusion IndexMap struct IndexMap AttachColour(*vertexInfoTexture.texture); done
I/JNI Log ( 3693): MY elasitcfusion IndexMap struct IndexMap AttachColour(*normalInfoTexture.texture); start
I/JNI Log ( 3693): GlFramebuffer AttachColour start : attachments: 2
I/JNI Log ( 3693): GlFramebuffer AttachColour start  1
I/JNI Log ( 3693): GlFramebuffer AttachColour start  2
I/JNI Log ( 3693): GlFramebuffer AttachColour start  3
I/JNI Log ( 3693): GlFramebuffer AttachColour start  4
I/JNI Log ( 3693): GlFramebuffer AttachColour done
I/JNI Log ( 3693): MY elasitcfusion IndexMap struct IndexMap AttachColour(*normalInfoTexture.texture); done
I/JNI Log ( 3693): MY elasitcfusion IndexMap struct IndexMap AttachDepth(infoRenderBuffer); start
I/JNI Log ( 3693): GlFramebuffer AttachDepth start
I/JNI Log ( 3693): GlFramebuffer AttachDepth 1
I/JNI Log ( 3693): GlFramebuffer AttachDepth 2
I/JNI Log ( 3693): GlFramebuffer AttachDepth 3
I/JNI Log ( 3693): GlFramebuffer AttachDepth done
I/JNI Log ( 3693): MY elasitcfusion IndexMap struct IndexMap AttachDepth(infoRenderBuffer); done
I/JNI Log ( 3693): MY elasitcfusion IndexMap struct init done done
I/JNI Log ( 3693): MY elasitcfusion RGBDOdometry struct init start 1
W/st-log  (  191): Final features: 2628
I/JNI Log ( 3693): MY elasitcfusion RGBDOdometry struct init done 2
I/JNI Log ( 3693): MY elasitcfusion RGBDOdometry struct init start 1
I/JNI Log ( 3693): MY elasitcfusion RGBDOdometry struct init done 2
I/JNI Log ( 3693): MY elasitcfusion Shader loadProgram: v: init_unstablevert
I/JNI Log ( 3693): MY elasitcfusion Shader loadProgram GL_VERTEX_SHADER start  init_unstablevert
I/JNI Log ( 3693): MY elasitcfusion Shader AddShader  start 1
W/st-log  (  191): Initial features: Max - 7537, Min - 7813
D/AccessTokenRefreshRunnable( 3665): Running the refresh ...
I/JNI Log ( 3693): CameraInterface: point could data is new
I/JNI Log ( 3693): MY elasitcfusion Shader AddShader true
I/JNI Log ( 3693): MY elasitcfusion Shader loadProgram GL_VERTEX_SHADER done  init_unstablevert
I/JNI Log ( 3693): MY elasitcfusion Shader loadProgramGeom empty_fragment_shader_source start
I/JNI Log ( 3693): MY elasitcfusion Shader AddShader  start 1
I/JNI Log ( 3693): MY elasitcfusion Shader AddShader true
I/JNI Log ( 3693): MY elasitcfusion Shader loadProgramGeom empty_fragment_shader_source done
I/JNI Log ( 3693): MY elasitcfusion Shader Link 1
I/JNI Log ( 3693): MY elasitcfusion Shader Link true
I/JNI Log ( 3693): MY elasitcfusion Shader loadProgram done
I/JNI Log ( 3693): MY elasitcfusion Shader loadProgram 1: v, f: draw_feedbackvert, draw_feedbackfrag
I/JNI Log ( 3693): MY elasitcfusion Shader loadProgram 1 GL_VERTEX_SHADER start  draw_feedbackvert
I/JNI Log ( 3693): MY elasitcfusion Shader AddShader  start 1
I/JNI Log ( 3693): MY elasitcfusion Shader AddShader true
I/JNI Log ( 3693): MY elasitcfusion Shader loadProgram 1 GL_VERTEX_SHADER done  draw_feedbackvert
I/JNI Log ( 3693): MY elasitcfusion Shader loadProgram 1 GL_FRAGMENT_SHADER start  draw_feedbackfrag
I/JNI Log ( 3693): MY elasitcfusion Shader AddShader  start 1
I/JNI Log ( 3693): MY elasitcfusion Shader AddShader true
I/JNI Log ( 3693): MY elasitcfusion Shader loadProgram 1 GL_FRAGMENT_SHADER done  draw_feedbackfrag
I/JNI Log ( 3693): MY elasitcfusion Shader Link 1
I/JNI Log ( 3693): MY elasitcfusion Shader Link true
I/JNI Log ( 3693): MY elasitcfusion Shader loadProgram 1 done
I/JNI Log ( 3693): MY elasitcfusion Shader loadProgram 2: v, f, g: draw_global_surfacevert, draw_global_surfacegeom, draw_global_surfacefrag
I/JNI Log ( 3693): MY elasitcfusion Shader loadProgram 2 GL_VERTEX_SHADER start  draw_global_surfacevert
I/JNI Log ( 3693): MY elasitcfusion Shader AddShader  start 1
I/JNI Log ( 3693): MY elasitcfusion Shader AddShader true
I/JNI Log ( 3693): MY elasitcfusion Shader loadProgram 2 GL_VERTEX_SHADER done  draw_global_surfacevert
I/JNI Log ( 3693): MY elasitcfusion Shader loadProgram 2 GL_GEOMETRY_SHADER start  draw_global_surfacegeom
I/JNI Log ( 3693): MY elasitcfusion Shader AddShader  start 1
I/JNI Log ( 3693): MY elasitcfusion Shader AddShader true
I/JNI Log ( 3693): MY elasitcfusion Shader loadProgram 2 GL_GEOMETRY_SHADER done  draw_global_surfacegeom
I/JNI Log ( 3693): MY elasitcfusion Shader loadProgram 2 GL_FRAGMENT_SHADER start  draw_global_surfacefrag
I/JNI Log ( 3693): MY elasitcfusion Shader AddShader  start 1
I/JNI Log ( 3693): MY elasitcfusion Shader AddShader true
I/JNI Log ( 3693): MY elasitcfusion Shader loadProgram 2 GL_FRAGMENT_SHADER done  draw_global_surfacefrag
I/JNI Log ( 3693): MY elasitcfusion Shader Link 1
I/JNI Log ( 3693): MY elasitcfusion Shader Link true
I/JNI Log ( 3693): MY elasitcfusion Shader loadProgram 2 done
I/JNI Log ( 3693): MY elasitcfusion Shader loadProgram 2: v, f, g: datavert, datageom, datafrag
I/JNI Log ( 3693): MY elasitcfusion Shader loadProgram 2 GL_VERTEX_SHADER start  datavert
I/JNI Log ( 3693): MY elasitcfusion Shader AddShader  start 1
I/JNI Log ( 3693): MY elasitcfusion Shader AddShader true
I/JNI Log ( 3693): MY elasitcfusion Shader loadProgram 2 GL_VERTEX_SHADER done  datavert
I/JNI Log ( 3693): MY elasitcfusion Shader loadProgram 2 GL_GEOMETRY_SHADER start  datageom
I/JNI Log ( 3693): MY elasitcfusion Shader AddShader  start 1
I/JNI Log ( 3693): MY elasitcfusion Shader AddShader true
I/JNI Log ( 3693): MY elasitcfusion Shader loadProgram 2 GL_GEOMETRY_SHADER done  datageom
I/JNI Log ( 3693): MY elasitcfusion Shader loadProgram 2 GL_FRAGMENT_SHADER start  datafrag
I/JNI Log ( 3693): MY elasitcfusion Shader AddShader  start 1
I/JNI Log ( 3693): MY elasitcfusion Shader AddShader true
I/JNI Log ( 3693): MY elasitcfusion Shader loadProgram 2 GL_FRAGMENT_SHADER done  datafrag
I/JNI Log ( 3693): MY elasitcfusion Shader Link 1
I/JNI Log ( 3693): TangoService_getPoseAtTime success
I/JNI Log ( 3693): MY elasitcfusion Shader Link true
I/JNI Log ( 3693): MY elasitcfusion Shader loadProgram 2 done
I/JNI Log ( 3693): MY elasitcfusion Shader loadProgram: v: updatevert
I/JNI Log ( 3693): MY elasitcfusion Shader loadProgram GL_VERTEX_SHADER start  updatevert
I/JNI Log ( 3693): MY elasitcfusion Shader AddShader  start 1
I/JNI Log ( 3693): MY elasitcfusion Shader AddShader true
I/JNI Log ( 3693): MY elasitcfusion Shader loadProgram GL_VERTEX_SHADER done  updatevert
I/JNI Log ( 3693): MY elasitcfusion Shader loadProgramGeom empty_fragment_shader_source start
I/JNI Log ( 3693): MY elasitcfusion Shader AddShader  start 1
I/JNI Log ( 3693): MY elasitcfusion Shader AddShader true
I/JNI Log ( 3693): MY elasitcfusion Shader loadProgramGeom empty_fragment_shader_source done
I/JNI Log ( 3693): MY elasitcfusion Shader Link 1
I/JNI Log ( 3693): MY elasitcfusion Shader Link true
I/JNI Log ( 3693): MY elasitcfusion Shader loadProgram done
I/JNI Log ( 3693): MY elasitcfusion Shader loadProgramGeom: v, g: copy_unstablevert, copy_unstablegeom
I/JNI Log ( 3693): MY elasitcfusion Shader loadProgramGeom GL_VERTEX_SHADER start  copy_unstablevert
I/JNI Log ( 3693): MY elasitcfusion Shader AddShader  start 1
I/JNI Log ( 3693): MY elasitcfusion Shader AddShader true
I/JNI Log ( 3693): MY elasitcfusion Shader loadProgramGeom GL_VERTEX_SHADER done  copy_unstablevert
I/JNI Log ( 3693): MY elasitcfusion Shader loadProgramGeom GL_GEOMETRY_SHADER start  copy_unstablegeom
I/JNI Log ( 3693): MY elasitcfusion Shader AddShader  start 1
I/JNI Log ( 3693): MY elasitcfusion Shader AddShader true
I/JNI Log ( 3693): MY elasitcfusion Shader loadProgramGeom GL_GEOMETRY_SHADER done  copy_unstablegeom
I/JNI Log ( 3693): MY elasitcfusion Shader loadProgramGeom empty_fragment_shader_source start
I/JNI Log ( 3693): MY elasitcfusion Shader AddShader  start 1
I/JNI Log ( 3693): MY elasitcfusion Shader AddShader true
I/JNI Log ( 3693): MY elasitcfusion Shader loadProgramGeom empty_fragment_shader_source done
I/JNI Log ( 3693): MY elasitcfusion Shader Link 1
I/JNI Log ( 3693): MY elasitcfusion Shader Link true
I/JNI Log ( 3693): MY elasitcfusion Shader loadProgramGeom done
I/JNI Log ( 3693): GlRenderBuffer init start 772, 772, 33190,
I/JNI Log ( 3693): GlRenderBuffer Reinitialise start
I/JNI Log ( 3693): GlRenderBuffer Reinitialise start glDeleteTextures
I/JNI Log ( 3693): GlRenderBuffer Reinitialise change
I/JNI Log ( 3693): GlRenderBuffer Reinitialise 1
I/JNI Log ( 3693): GlRenderBuffer Reinitialise 1 2
I/JNI Log ( 3693): GlRenderBuffer Reinitialise 2
I/JNI Log ( 3693): GlRenderBuffer Reinitialise 3
I/JNI Log ( 3693): GlRenderBuffer Reinitialise done
I/JNI Log ( 3693): GlRenderBuffer init done
I/JNI Log ( 3693): GlTexture init  start 1: 772, 772, 6409, 0, 6409, 5121 : data is null: 1
I/JNI Log ( 3693): GlTexture Reinitialise start 1 : 6409, 6409, 5121, data is null: 1
I/JNI Log ( 3693): GlTexture Reinitialise 2 2
I/JNI Log ( 3693): GlTexture Reinitialise 3
I/JNI Log ( 3693): GlTexture bind start check
I/JNI Log ( 3693): GlTexture bind start
I/JNI Log ( 3693): GlTexture bind done
I/JNI Log ( 3693): GlTexture Reinitialise 4
I/JNI Log ( 3693): GlTexture Reinitialise 5
I/JNI Log ( 3693): GlTexture Reinitialise 6
I/JNI Log ( 3693): GlTexture Reinitialise 7 done
I/JNI Log ( 3693): GlTexture init done 2
I/JNI Log ( 3693): MY elasitcfusion GPUTexture struct start init 1 : 772, 772,  6409,  6409,  5121
I/JNI Log ( 3693): MY elasitcfusion GPUTexture is not cuda
I/JNI Log ( 3693): MY elasitcfusion GPUTexture struct init 2 done
I/JNI Log ( 3693): GlTexture init  start 1: 772, 772, 6409, 0, 6409, 5121 : data is null: 1
I/JNI Log ( 3693): GlTexture Reinitialise start 1 : 6409, 6409, 5121, data is null: 1
I/JNI Log ( 3693): GlTexture Reinitialise 2 2
I/JNI Log ( 3693): GlTexture Reinitialise 3
I/JNI Log ( 3693): GlTexture bind start check
I/JNI Log ( 3693): GlTexture bind start
I/JNI Log ( 3693): GlTexture bind done
I/JNI Log ( 3693): GlTexture Reinitialise 4
I/JNI Log ( 3693): GlTexture Reinitialise 5
I/JNI Log ( 3693): GlTexture Reinitialise 6
I/JNI Log ( 3693): GlTexture Reinitialise 7 done
I/JNI Log ( 3693): GlTexture init done 2
I/JNI Log ( 3693): MY elasitcfusion GPUTexture struct start init 1 : 772, 772,  6409,  6409,  5121
I/JNI Log ( 3693): MY elasitcfusion GPUTexture is not cuda
I/JNI Log ( 3693): MY elasitcfusion GPUTexture struct init 2 done
I/JNI Log ( 3693): GlTexture init  start 1: 772, 772, 6409, 0, 6409, 5121 : data is null: 1
I/JNI Log ( 3693): GlTexture Reinitialise start 1 : 6409, 6409, 5121, data is null: 1
I/JNI Log ( 3693): GlTexture Reinitialise 2 2
I/JNI Log ( 3693): GlTexture Reinitialise 3
I/JNI Log ( 3693): GlTexture bind start check
I/JNI Log ( 3693): GlTexture bind start
I/JNI Log ( 3693): GlTexture bind done
I/JNI Log ( 3693): GlTexture Reinitialise 4
I/JNI Log ( 3693): GlTexture Reinitialise 5
I/JNI Log ( 3693): GlTexture Reinitialise 6
I/JNI Log ( 3693): GlTexture Reinitialise 7 done
I/JNI Log ( 3693): GlTexture init done 2
I/JNI Log ( 3693): MY elasitcfusion GPUTexture struct start init 1 : 772, 772,  6409,  6409,  5121
I/JNI Log ( 3693): MY elasitcfusion GPUTexture is not cuda
I/JNI Log ( 3693): MY elasitcfusion GPUTexture struct init 2 done
I/JNI Log ( 3693): GlTexture init  start 1: 16384, 1, 6409, 0, 6409, 5121 : data is null: 1
I/JNI Log ( 3693): GlTexture Reinitialise start 1 : 6409, 6409, 5121, data is null: 1
I/JNI Log ( 3693): GlTexture Reinitialise 2 2
I/JNI Log ( 3693): GlTexture Reinitialise 3
I/JNI Log ( 3693): GlTexture bind start check
I/JNI Log ( 3693): GlTexture bind start
I/JNI Log ( 3693): GlTexture bind done
I/JNI Log ( 3693): GlTexture Reinitialise 4
I/JNI Log ( 3693): GlTexture Reinitialise 5
I/JNI Log ( 3693): GlTexture Reinitialise 6
I/JNI Log ( 3693): GlTexture Reinitialise 7 done
I/JNI Log ( 3693): GlTexture init done 2
I/JNI Log ( 3693): MY elasitcfusion GPUTexture struct start init 1 : 16384, 1,  6409,  6409,  5121
I/JNI Log ( 3693): MY elasitcfusion GPUTexture is not cuda
I/JNI Log ( 3693): MY elasitcfusion GPUTexture struct init 2 done
I/JNI Log ( 3693): GlFramebuffer init 1
I/JNI Log ( 3693): MY elasitcfusion GlobalModel struct init start 1
I/JNI Log ( 3693): MY elasitcfusion GlobalModel struct init 2 : 28607232
I/JNI Log ( 3693): MY elasitcfusion GlobalModel struct init 3 : target: 0, renderSource:   1,  vbos[target].first : 0,  vbos[target].second : 0, vbos[renderSource].first: 0 , vbos[renderSource].second: 0
W/st-log  (  191): Final features: 2602
I/JNI Log ( 3693): MY elasitcfusion GlobalModel struct init 4 : target: 0, renderSource:   1,  vbos[target].first : 0,  vbos[target].second : 0, vbos[renderSource].first: 0 , vbos[renderSource].second: 0
W/st-log  (  191): Initial features: Max - 7443, Min - 7724
D/ACLedgerPersistenceManager( 3665): Deleting events older than: Sat May 13 19:40:21 BST 2017 (1494700821395)
W/st-log  (  191): Final features: 1842
I/JNI Log ( 3693): CameraInterface: point could data is new
I/JNI Log ( 3693): MY elasitcfusion GlobalModel struct init 5 : target: 0, renderSource:   1,  vbos[target].first : 0,  vbos[target].second : 1, vbos[renderSource].first: 0 , vbos[renderSource].second: 0
I/JNI Log ( 3693): MY elasitcfusion GlobalModel struct init 6 : target: 0, renderSource:   1,  vbos[target].first : 1,  vbos[target].second : 1, vbos[renderSource].first: 0 , vbos[renderSource].second: 0
I/JNI Log ( 3693): MY elasitcfusion GlobalModel struct init 7 : target: 0, renderSource:   1,  vbos[target].first : 1,  vbos[target].second : 1, vbos[renderSource].first: 0 , vbos[renderSource].second: 0
I/JNI Log ( 3693): TangoService_getPoseAtTime success
W/st-log  (  191): Initial features: Max - 7424, Min - 7730
